Archive member included to satisfy reference by file (symbol)

f:/gnu arm/10 2021.10/bin/../lib/gcc/arm-none-eabi/10.3.1/thumb/v6-m/nofp\libgcc.a(_dvmd_tls.o)
                              CMakeFiles/analogRead.dir/F_/RaspberryPI/Pico/pico-sdk/src/rp2_common/pico_divider/divider.S.obj (__aeabi_idiv0)
f:/gnu arm/10 2021.10/bin/../lib/gcc/arm-none-eabi/10.3.1/../../../../arm-none-eabi/lib/thumb/v6-m/nofp\libg.a(lib_a-calloc.o)
                              CMakeFiles/analogRead.dir/F_/RaspberryPI/Pico/pico-sdk/src/rp2_common/pico_malloc/pico_malloc.c.obj (calloc)
f:/gnu arm/10 2021.10/bin/../lib/gcc/arm-none-eabi/10.3.1/../../../../arm-none-eabi/lib/thumb/v6-m/nofp\libg.a(lib_a-callocr.o)
                              f:/gnu arm/10 2021.10/bin/../lib/gcc/arm-none-eabi/10.3.1/../../../../arm-none-eabi/lib/thumb/v6-m/nofp\libg.a(lib_a-calloc.o) (_calloc_r)
f:/gnu arm/10 2021.10/bin/../lib/gcc/arm-none-eabi/10.3.1/../../../../arm-none-eabi/lib/thumb/v6-m/nofp\libg.a(lib_a-ctype_.o)
                              CMakeFiles/analogRead.dir/F_/RaspberryPI/Pico/pico-sdk/lib/tinyusb/src/tusb.c.obj (_ctype_)
f:/gnu arm/10 2021.10/bin/../lib/gcc/arm-none-eabi/10.3.1/../../../../arm-none-eabi/lib/thumb/v6-m/nofp\libg.a(lib_a-errno.o)
                              f:/gnu arm/10 2021.10/bin/../lib/gcc/arm-none-eabi/10.3.1/../../../../arm-none-eabi/lib/thumb/v6-m/nofp\libg.a(lib_a-callocr.o) (__errno)
f:/gnu arm/10 2021.10/bin/../lib/gcc/arm-none-eabi/10.3.1/../../../../arm-none-eabi/lib/thumb/v6-m/nofp\libg.a(lib_a-impure.o)
                              f:/gnu arm/10 2021.10/bin/../lib/gcc/arm-none-eabi/10.3.1/../../../../arm-none-eabi/lib/thumb/v6-m/nofp\libg.a(lib_a-calloc.o) (_impure_ptr)
f:/gnu arm/10 2021.10/bin/../lib/gcc/arm-none-eabi/10.3.1/../../../../arm-none-eabi/lib/thumb/v6-m/nofp\libg.a(lib_a-init.o)
                              f:/gnu arm/10 2021.10/bin/../lib/gcc/arm-none-eabi/10.3.1/../../../../arm-none-eabi/lib/thumb/v6-m/nofp/crt0.o (__libc_init_array)
f:/gnu arm/10 2021.10/bin/../lib/gcc/arm-none-eabi/10.3.1/../../../../arm-none-eabi/lib/thumb/v6-m/nofp\libg.a(lib_a-malloc.o)
                              CMakeFiles/analogRead.dir/F_/RaspberryPI/Pico/pico-sdk/src/rp2_common/pico_malloc/pico_malloc.c.obj (malloc)
f:/gnu arm/10 2021.10/bin/../lib/gcc/arm-none-eabi/10.3.1/../../../../arm-none-eabi/lib/thumb/v6-m/nofp\libg.a(lib_a-mallocr.o)
                              f:/gnu arm/10 2021.10/bin/../lib/gcc/arm-none-eabi/10.3.1/../../../../arm-none-eabi/lib/thumb/v6-m/nofp\libg.a(lib_a-callocr.o) (_malloc_r)
f:/gnu arm/10 2021.10/bin/../lib/gcc/arm-none-eabi/10.3.1/../../../../arm-none-eabi/lib/thumb/v6-m/nofp\libg.a(lib_a-mlock.o)
                              f:/gnu arm/10 2021.10/bin/../lib/gcc/arm-none-eabi/10.3.1/../../../../arm-none-eabi/lib/thumb/v6-m/nofp\libg.a(lib_a-mallocr.o) (__malloc_lock)
f:/gnu arm/10 2021.10/bin/../lib/gcc/arm-none-eabi/10.3.1/../../../../arm-none-eabi/lib/thumb/v6-m/nofp\libg.a(lib_a-realloc.o)
                              CMakeFiles/analogRead.dir/F_/RaspberryPI/Pico/pico-sdk/src/rp2_common/pico_malloc/pico_malloc.c.obj (realloc)
f:/gnu arm/10 2021.10/bin/../lib/gcc/arm-none-eabi/10.3.1/../../../../arm-none-eabi/lib/thumb/v6-m/nofp\libg.a(lib_a-reallocr.o)
                              f:/gnu arm/10 2021.10/bin/../lib/gcc/arm-none-eabi/10.3.1/../../../../arm-none-eabi/lib/thumb/v6-m/nofp\libg.a(lib_a-realloc.o) (_realloc_r)
f:/gnu arm/10 2021.10/bin/../lib/gcc/arm-none-eabi/10.3.1/../../../../arm-none-eabi/lib/thumb/v6-m/nofp\libg.a(lib_a-sbrkr.o)
                              f:/gnu arm/10 2021.10/bin/../lib/gcc/arm-none-eabi/10.3.1/../../../../arm-none-eabi/lib/thumb/v6-m/nofp\libg.a(lib_a-mallocr.o) (_sbrk_r)
f:/gnu arm/10 2021.10/bin/../lib/gcc/arm-none-eabi/10.3.1/../../../../arm-none-eabi/lib/thumb/v6-m/nofp\libg.a(lib_a-strlen-stub.o)
                              CMakeFiles/analogRead.dir/F_/RaspberryPI/Pico/pico-sdk/src/rp2_common/pico_stdio/stdio.c.obj (strlen)
f:/gnu arm/10 2021.10/bin/../lib/gcc/arm-none-eabi/10.3.1/../../../../arm-none-eabi/lib/thumb/v6-m/nofp\libg.a(lib_a-freer.o)
                              f:/gnu arm/10 2021.10/bin/../lib/gcc/arm-none-eabi/10.3.1/../../../../arm-none-eabi/lib/thumb/v6-m/nofp\libg.a(lib_a-malloc.o) (_free_r)
f:/gnu arm/10 2021.10/bin/../lib/gcc/arm-none-eabi/10.3.1/../../../../arm-none-eabi/lib/thumb/v6-m/nofp\libg.a(lib_a-lock.o)
                              f:/gnu arm/10 2021.10/bin/../lib/gcc/arm-none-eabi/10.3.1/../../../../arm-none-eabi/lib/thumb/v6-m/nofp\libg.a(lib_a-mlock.o) (__retarget_lock_acquire_recursive)
f:/gnu arm/10 2021.10/bin/../lib/gcc/arm-none-eabi/10.3.1/../../../../arm-none-eabi/lib/thumb/v6-m/nofp\libg.a(lib_a-memmove.o)
                              f:/gnu arm/10 2021.10/bin/../lib/gcc/arm-none-eabi/10.3.1/../../../../arm-none-eabi/lib/thumb/v6-m/nofp\libg.a(lib_a-reallocr.o) (memmove)
[...]
Memory Configuration

Name             Origin             Length             Attributes
FLASH            0x10000000         0x00200000         xr
RAM              0x20000000         0x00040000         xrw
SCRATCH_X        0x20040000         0x00001000         xrw
SCRATCH_Y        0x20041000         0x00001000         xrw
*default*        0x00000000         0xffffffff

Linker script and memory map

LOAD f:/gnu arm/10 2021.10/bin/../lib/gcc/arm-none-eabi/10.3.1/thumb/v6-m/nofp/crti.o
LOAD f:/gnu arm/10 2021.10/bin/../lib/gcc/arm-none-eabi/10.3.1/thumb/v6-m/nofp/crtbegin.o
LOAD f:/gnu arm/10 2021.10/bin/../lib/gcc/arm-none-eabi/10.3.1/../../../../arm-none-eabi/lib/thumb/v6-m/nofp/crt0.o

.flash_begin    0x10000000        0x0
                0x10000000                __flash_binary_start = .

.boot2          0x10000000      0x100
                0x10000000                __boot2_start__ = .
 *(.boot2)
 .boot2         0x10000000      0x100 C:\Users\acer\AppData\Local\Temp\ccaOmJj7.o
                0x10000100                __boot2_end__ = .
                0x00000001                ASSERT (((__boot2_end__ - __boot2_start__) == 0x100), ERROR: Pico second stage bootloader must be 256 bytes in size)

.text           0x10000100     0x73e8
                0x10000100                __logical_binary_start = .
 *(.vectors)
 .vectors       0x10000100       0xd4 CMakeFiles/analogRead.dir/F_/RaspberryPI/Pico/pico-sdk/src/rp2_common/pico_standard_link/crt0.S.obj
                0x10000100                __VECTOR_TABLE
                0x10000100                __vectors
                0x100001c0                isr_invalid
                0x100001c0                __default_isrs_start
                0x100001c2                isr_nmi
                0x100001c4                isr_hardfault
                0x100001c6                isr_svcall
                0x100001c8                isr_pendsv
                0x100001ca                isr_systick
                0x100001cc                isr_irq23
                0x100001cc                isr_irq18
                0x100001cc                isr_irq11
                0x100001cc                isr_irq28
                0x100001cc                isr_irq19
                0x100001cc                isr_irq0
                0x100001cc                isr_irq6
                0x100001cc                isr_irq5
                0x100001cc                isr_irq12
                0x100001cc                isr_irq22
                0x100001cc                isr_irq31
                0x100001cc                isr_irq17
                0x100001cc                isr_irq27
                0x100001cc                isr_irq30
                0x100001cc                isr_irq2
                0x100001cc                isr_irq10
                0x100001cc                isr_irq8
                0x100001cc                isr_irq24
                0x100001cc                isr_irq1
                0x100001cc                isr_irq7
                0x100001cc                isr_irq21
                0x100001cc                isr_irq20
                0x100001cc                isr_irq15
                0x100001cc                isr_irq25
                0x100001cc                isr_irq13
                0x100001cc                __unhandled_user_irq
                0x100001cc                isr_irq4
                0x100001cc                isr_irq16
                0x100001cc                isr_irq29
                0x100001cc                isr_irq26
                0x100001cc                __default_isrs_end
                0x100001cc                isr_irq3
                0x100001cc                isr_irq14
                0x100001cc                isr_irq9
                0x100001d2                unhandled_user_irq_num_in_r0
 *(.binary_info_header)
 .binary_info_header
                0x100001d4       0x14 CMakeFiles/analogRead.dir/F_/RaspberryPI/Pico/pico-sdk/src/rp2_common/pico_standard_link/crt0.S.obj
                0x100001e8                __binary_info_header_end = .
 *(.reset)
 .reset         0x100001e8       0xa8 CMakeFiles/analogRead.dir/F_/RaspberryPI/Pico/pico-sdk/src/rp2_common/pico_standard_link/crt0.S.obj
                0x100001e8                _entry_point
                0x10000266                __get_current_exception
 .reset         0x10000290       0x30 CMakeFiles/analogRead.dir/F_/RaspberryPI/Pico/pico-sdk/src/rp2_common/pico_standard_link/binary_info.c.obj
 *(.init)
 .init          0x100002c0        0x4 f:/gnu arm/10 2021.10/bin/../lib/gcc/arm-none-eabi/10.3.1/thumb/v6-m/nofp/crti.o
                0x100002c0                _init
 *(EXCLUDE_FILE(*libm.a: *libc.a:*lib_a-mem*.o *libgcc.a:) .text*)
 .text          0x100002c4       0x48 f:/gnu arm/10 2021.10/bin/../lib/gcc/arm-none-eabi/10.3.1/thumb/v6-m/nofp/crtbegin.o
 .text.main     0x1000030c       0xb0 CMakeFiles/analogRead.dir/analogRead.c.obj
                0x1000030c                main
 .text.gpio_set_function
                0x100003bc       0x30 CMakeFiles/analogRead.dir/F_/RaspberryPI/Pico/pico-sdk/src/rp2_common/hardware_gpio/gpio.c.obj
                0x100003bc                gpio_set_function
 .text.gpio_set_pulls
                0x100003ec       0x34 CMakeFiles/analogRead.dir/F_/RaspberryPI/Pico/pico-sdk/src/rp2_common/hardware_gpio/gpio.c.obj
                0x100003ec                gpio_set_pulls
 .text.gpio_set_input_enabled
                0x10000420       0x30 CMakeFiles/analogRead.dir/F_/RaspberryPI/Pico/pico-sdk/src/rp2_common/hardware_gpio/gpio.c.obj
                0x10000420                gpio_set_input_enabled
 .text.gpio_init
                0x10000450       0x16 CMakeFiles/analogRead.dir/F_/RaspberryPI/Pico/pico-sdk/src/rp2_common/hardware_gpio/gpio.c.obj
                0x10000450                gpio_init
 *fill*         0x10000466        0x2 
 .text.hw_claim_lock
                0x10000468       0x18 CMakeFiles/analogRead.dir/F_/RaspberryPI/Pico/pico-sdk/src/rp2_common/hardware_claim/claim.c.obj
                0x10000468                hw_claim_lock
 .text.hw_claim_unlock
                0x10000480       0x14 CMakeFiles/analogRead.dir/F_/RaspberryPI/Pico/pico-sdk/src/rp2_common/hardware_claim/claim.c.obj
                0x10000480                hw_claim_unlock
 .text.hw_claim_or_assert
                0x10000494       0x32 CMakeFiles/analogRead.dir/F_/RaspberryPI/Pico/pico-sdk/src/rp2_common/hardware_claim/claim.c.obj
                0x10000494                hw_claim_or_assert
 .text.hw_claim_unused_from_range
                0x100004c6       0x50 CMakeFiles/analogRead.dir/F_/RaspberryPI/Pico/pico-sdk/src/rp2_common/hardware_claim/claim.c.obj
                0x100004c6                hw_claim_unused_from_range
 *fill*         0x10000516        0x2 
 .text.running_on_fpga
                0x10000518       0x14 CMakeFiles/analogRead.dir/F_/RaspberryPI/Pico/pico-sdk/src/rp2_common/pico_platform/platform.c.obj
                0x10000518                running_on_fpga
 .text.spin_locks_reset
                0x1000052c       0x20 CMakeFiles/analogRead.dir/F_/RaspberryPI/Pico/pico-sdk/src/rp2_common/hardware_sync/sync.c.obj
                0x1000052c                spin_locks_reset
 .text.next_striped_spin_lock_num
                0x1000054c       0x1c CMakeFiles/analogRead.dir/F_/RaspberryPI/Pico/pico-sdk/src/rp2_common/hardware_sync/sync.c.obj
                0x1000054c                next_striped_spin_lock_num
 .text.spin_lock_claim_unused
                0x10000568       0x20 CMakeFiles/analogRead.dir/F_/RaspberryPI/Pico/pico-sdk/src/rp2_common/hardware_sync/sync.c.obj
                0x10000568                spin_lock_claim_unused
 .text.set_raw_irq_handler_and_unlock
                0x10000588       0x28 CMakeFiles/analogRead.dir/F_/RaspberryPI/Pico/pico-sdk/src/rp2_common/hardware_irq/irq.c.obj
 .text.make_branch
                0x100005b0       0x48 CMakeFiles/analogRead.dir/F_/RaspberryPI/Pico/pico-sdk/src/rp2_common/hardware_irq/irq.c.obj
 .text.insert_branch_and_link
                0x100005f8       0x40 CMakeFiles/analogRead.dir/F_/RaspberryPI/Pico/pico-sdk/src/rp2_common/hardware_irq/irq.c.obj
 .text.irq_is_enabled
                0x10000638       0x18 CMakeFiles/analogRead.dir/F_/RaspberryPI/Pico/pico-sdk/src/rp2_common/hardware_irq/irq.c.obj
                0x10000638                irq_is_enabled
 .text.irq_set_mask_enabled
                0x10000650       0x20 CMakeFiles/analogRead.dir/F_/RaspberryPI/Pico/pico-sdk/src/rp2_common/hardware_irq/irq.c.obj
                0x10000650                irq_set_mask_enabled
 .text.irq_set_enabled
                0x10000670        0xe CMakeFiles/analogRead.dir/F_/RaspberryPI/Pico/pico-sdk/src/rp2_common/hardware_irq/irq.c.obj
                0x10000670                irq_set_enabled
 *fill*         0x1000067e        0x2 
 .text.irq_set_pending
                0x10000680       0x10 CMakeFiles/analogRead.dir/F_/RaspberryPI/Pico/pico-sdk/src/rp2_common/hardware_irq/irq.c.obj
                0x10000680                irq_set_pending
 .text.irq_get_vtable_handler
                0x10000690       0x10 CMakeFiles/analogRead.dir/F_/RaspberryPI/Pico/pico-sdk/src/rp2_common/hardware_irq/irq.c.obj
                0x10000690                irq_get_vtable_handler
 .text.irq_has_shared_handler
                0x100006a0       0x24 CMakeFiles/analogRead.dir/F_/RaspberryPI/Pico/pico-sdk/src/rp2_common/hardware_irq/irq.c.obj
                0x100006a0                irq_has_shared_handler
 .text.irq_set_exclusive_handler
                0x100006c4       0x54 CMakeFiles/analogRead.dir/F_/RaspberryPI/Pico/pico-sdk/src/rp2_common/hardware_irq/irq.c.obj
                0x100006c4                irq_set_exclusive_handler
 .text.irq_add_shared_handler
                0x10000718      0x230 CMakeFiles/analogRead.dir/F_/RaspberryPI/Pico/pico-sdk/src/rp2_common/hardware_irq/irq.c.obj
                0x10000718                irq_add_shared_handler
 .text.irq_remove_handler
                0x10000948      0x1a8 CMakeFiles/analogRead.dir/F_/RaspberryPI/Pico/pico-sdk/src/rp2_common/hardware_irq/irq.c.obj
                0x10000948                irq_remove_handler
 .text.irq_add_tail_to_free_list
                0x10000af0       0xf0 CMakeFiles/analogRead.dir/F_/RaspberryPI/Pico/pico-sdk/src/rp2_common/hardware_irq/irq.c.obj
                0x10000af0                irq_add_tail_to_free_list
 .text.irq_init_priorities
                0x10000be0       0x1c CMakeFiles/analogRead.dir/F_/RaspberryPI/Pico/pico-sdk/src/rp2_common/hardware_irq/irq.c.obj
                0x10000be0                irq_init_priorities
 .text.user_irq_claim_unused
                0x10000bfc       0x30 CMakeFiles/analogRead.dir/F_/RaspberryPI/Pico/pico-sdk/src/rp2_common/hardware_irq/irq.c.obj
                0x10000bfc                user_irq_claim_unused
 .text.lock_init
                0x10000c2c       0x10 CMakeFiles/analogRead.dir/F_/RaspberryPI/Pico/pico-sdk/src/common/pico_sync/lock_core.c.obj
                0x10000c2c                lock_init
 .text.alarm_pool_post_alloc_init
                0x10000c3c       0x40 CMakeFiles/analogRead.dir/F_/RaspberryPI/Pico/pico-sdk/src/common/pico_time/time.c.obj
 .text.sleep_until_callback
                0x10000c7c       0x30 CMakeFiles/analogRead.dir/F_/RaspberryPI/Pico/pico-sdk/src/common/pico_time/time.c.obj
 .text.timer_pool_entry_comparator
                0x10000cac       0x7c CMakeFiles/analogRead.dir/F_/RaspberryPI/Pico/pico-sdk/src/common/pico_time/time.c.obj
                0x10000cac                timer_pool_entry_comparator
 .text.ph_add_child_node
                0x10000d28       0xa4 CMakeFiles/analogRead.dir/F_/RaspberryPI/Pico/pico-sdk/src/common/pico_time/time.c.obj
 .text.ph_merge_nodes
                0x10000dcc       0x3e CMakeFiles/analogRead.dir/F_/RaspberryPI/Pico/pico-sdk/src/common/pico_time/time.c.obj
 *fill*         0x10000e0a        0x2 
 .text.add_alarm_under_lock
                0x10000e0c      0x174 CMakeFiles/analogRead.dir/F_/RaspberryPI/Pico/pico-sdk/src/common/pico_time/time.c.obj
 .text.alarm_pool_alarm_callback
                0x10000f80      0x328 CMakeFiles/analogRead.dir/F_/RaspberryPI/Pico/pico-sdk/src/common/pico_time/time.c.obj
 .text.alarm_pool_init_default
                0x100012a8       0x38 CMakeFiles/analogRead.dir/F_/RaspberryPI/Pico/pico-sdk/src/common/pico_time/time.c.obj
                0x100012a8                alarm_pool_init_default
 .text.alarm_pool_get_default
                0x100012e0       0x2c CMakeFiles/analogRead.dir/F_/RaspberryPI/Pico/pico-sdk/src/common/pico_time/time.c.obj
                0x100012e0                alarm_pool_get_default
 .text.alarm_pool_add_alarm_at
                0x1000130c      0x170 CMakeFiles/analogRead.dir/F_/RaspberryPI/Pico/pico-sdk/src/common/pico_time/time.c.obj
                0x1000130c                alarm_pool_add_alarm_at
 .text.alarm_pool_cancel_alarm
                0x1000147c       0xf0 CMakeFiles/analogRead.dir/F_/RaspberryPI/Pico/pico-sdk/src/common/pico_time/time.c.obj
                0x1000147c                alarm_pool_cancel_alarm
 .text.sleep_until
                0x1000156c       0xfc CMakeFiles/analogRead.dir/F_/RaspberryPI/Pico/pico-sdk/src/common/pico_time/time.c.obj
                0x1000156c                sleep_until
 .text.sleep_us
                0x10001668       0x58 CMakeFiles/analogRead.dir/F_/RaspberryPI/Pico/pico-sdk/src/common/pico_time/time.c.obj
                0x10001668                sleep_us
 .text.sleep_ms
                0x100016c0       0x14 CMakeFiles/analogRead.dir/F_/RaspberryPI/Pico/pico-sdk/src/common/pico_time/time.c.obj
                0x100016c0                sleep_ms
 .text.best_effort_wfe_or_timeout
                0x100016d4       0x80 CMakeFiles/analogRead.dir/F_/RaspberryPI/Pico/pico-sdk/src/common/pico_time/time.c.obj
                0x100016d4                best_effort_wfe_or_timeout
 .text.hardware_alarm_irq_handler
                0x10001754       0x8c CMakeFiles/analogRead.dir/F_/RaspberryPI/Pico/pico-sdk/src/rp2_common/hardware_timer/timer.c.obj
 .text.hardware_alarm_claim
                0x100017e0       0x18 CMakeFiles/analogRead.dir/F_/RaspberryPI/Pico/pico-sdk/src/rp2_common/hardware_timer/timer.c.obj
                0x100017e0                hardware_alarm_claim
 .text.time_us_64
                0x100017f8       0x18 CMakeFiles/analogRead.dir/F_/RaspberryPI/Pico/pico-sdk/src/rp2_common/hardware_timer/timer.c.obj
                0x100017f8                time_us_64
 .text.busy_wait_until
                0x10001810       0x28 CMakeFiles/analogRead.dir/F_/RaspberryPI/Pico/pico-sdk/src/rp2_common/hardware_timer/timer.c.obj
                0x10001810                busy_wait_until
 .text.hardware_alarm_set_callback
                0x10001838       0x90 CMakeFiles/analogRead.dir/F_/RaspberryPI/Pico/pico-sdk/src/rp2_common/hardware_timer/timer.c.obj
                0x10001838                hardware_alarm_set_callback
 .text.hardware_alarm_set_target
                0x100018c8       0xe8 CMakeFiles/analogRead.dir/F_/RaspberryPI/Pico/pico-sdk/src/rp2_common/hardware_timer/timer.c.obj
                0x100018c8                hardware_alarm_set_target
 .text.hardware_alarm_cancel
                0x100019b0       0x40 CMakeFiles/analogRead.dir/F_/RaspberryPI/Pico/pico-sdk/src/rp2_common/hardware_timer/timer.c.obj
                0x100019b0                hardware_alarm_cancel
 .text.ph_add_child_node
                0x100019f0       0xa4 CMakeFiles/analogRead.dir/F_/RaspberryPI/Pico/pico-sdk/src/common/pico_util/pheap.c.obj
 .text.ph_merge_nodes
                0x10001a94       0x3e CMakeFiles/analogRead.dir/F_/RaspberryPI/Pico/pico-sdk/src/common/pico_util/pheap.c.obj
 *fill*         0x10001ad2        0x2 
 .text.ph_clear
                0x10001ad4       0x70 CMakeFiles/analogRead.dir/F_/RaspberryPI/Pico/pico-sdk/src/common/pico_util/pheap.c.obj
                0x10001ad4                ph_clear
 .text.ph_post_alloc_init
                0x10001b44        0xe CMakeFiles/analogRead.dir/F_/RaspberryPI/Pico/pico-sdk/src/common/pico_util/pheap.c.obj
                0x10001b44                ph_post_alloc_init
 *fill*         0x10001b52        0x2 
 .text.ph_merge_two_pass
                0x10001b54       0xa8 CMakeFiles/analogRead.dir/F_/RaspberryPI/Pico/pico-sdk/src/common/pico_util/pheap.c.obj
                0x10001b54                ph_merge_two_pass
 .text.ph_remove_any_head
                0x10001bfc      0x108 CMakeFiles/analogRead.dir/F_/RaspberryPI/Pico/pico-sdk/src/common/pico_util/pheap.c.obj
 .text.ph_remove_head
                0x10001d04       0x14 CMakeFiles/analogRead.dir/F_/RaspberryPI/Pico/pico-sdk/src/common/pico_util/pheap.c.obj
                0x10001d04                ph_remove_head
 .text.ph_remove_and_free_node
                0x10001d18       0xf8 CMakeFiles/analogRead.dir/F_/RaspberryPI/Pico/pico-sdk/src/common/pico_util/pheap.c.obj
                0x10001d18                ph_remove_and_free_node
 .text.mutex_init
                0x10001e10       0x1a CMakeFiles/analogRead.dir/F_/RaspberryPI/Pico/pico-sdk/src/common/pico_sync/mutex.c.obj
                0x10001e10                mutex_init
 .text.recursive_mutex_init
                0x10001e2a       0x1e CMakeFiles/analogRead.dir/F_/RaspberryPI/Pico/pico-sdk/src/common/pico_sync/mutex.c.obj
                0x10001e2a                recursive_mutex_init
 .text.critical_section_init_with_lock_num
                0x10001e48       0x14 CMakeFiles/analogRead.dir/F_/RaspberryPI/Pico/pico-sdk/src/common/pico_sync/critical_section.c.obj
                0x10001e48                critical_section_init_with_lock_num
 .text.critical_section_init
                0x10001e5c       0x14 CMakeFiles/analogRead.dir/F_/RaspberryPI/Pico/pico-sdk/src/common/pico_sync/critical_section.c.obj
                0x10001e5c                critical_section_init
 .text._exit    0x10001e70        0x4 CMakeFiles/analogRead.dir/F_/RaspberryPI/Pico/pico-sdk/src/rp2_common/pico_runtime/runtime.c.obj
                0x10001e70                _exit
 .text.exit     0x10001e74        0x6 CMakeFiles/analogRead.dir/F_/RaspberryPI/Pico/pico-sdk/src/rp2_common/pico_runtime/runtime.c.obj
                0x10001e74                exit
 *fill*         0x10001e7a        0x2 
 .text.__assert_func
                0x10001e7c       0x3c CMakeFiles/analogRead.dir/F_/RaspberryPI/Pico/pico-sdk/src/rp2_common/pico_runtime/runtime.c.obj
                0x10001e7c                __assert_func
 .text.runtime_init
                0x10001eb8       0xf8 CMakeFiles/analogRead.dir/F_/RaspberryPI/Pico/pico-sdk/src/rp2_common/pico_runtime/runtime.c.obj
                0x10001eb8                runtime_init
 .text.panic    0x10001fb0       0x30 CMakeFiles/analogRead.dir/F_/RaspberryPI/Pico/pico-sdk/src/rp2_common/pico_runtime/runtime.c.obj
                0x10001fb0                panic
 .text.clock_configure
                0x10001fe0      0x104 CMakeFiles/analogRead.dir/F_/RaspberryPI/Pico/pico-sdk/src/rp2_common/hardware_clocks/clocks.c.obj
                0x10001fe0                clock_configure
 .text.clocks_init
                0x100020e4      0x100 CMakeFiles/analogRead.dir/F_/RaspberryPI/Pico/pico-sdk/src/rp2_common/hardware_clocks/clocks.c.obj
                0x100020e4                clocks_init
 .text.pll_init
                0x100021e4      0x140 CMakeFiles/analogRead.dir/F_/RaspberryPI/Pico/pico-sdk/src/rp2_common/hardware_pll/pll.c.obj
                0x100021e4                pll_init
 .text.watchdog_start_tick
                0x10002324       0x10 CMakeFiles/analogRead.dir/F_/RaspberryPI/Pico/pico-sdk/src/rp2_common/hardware_watchdog/watchdog.c.obj
                0x10002324                watchdog_start_tick
 .text.watchdog_update
                0x10002334       0x14 CMakeFiles/analogRead.dir/F_/RaspberryPI/Pico/pico-sdk/src/rp2_common/hardware_watchdog/watchdog.c.obj
                0x10002334                watchdog_update
 .text._watchdog_enable
                0x10002348       0x78 CMakeFiles/analogRead.dir/F_/RaspberryPI/Pico/pico-sdk/src/rp2_common/hardware_watchdog/watchdog.c.obj
                0x10002348                _watchdog_enable
 .text.watchdog_reboot
                0x100023c0       0x48 CMakeFiles/analogRead.dir/F_/RaspberryPI/Pico/pico-sdk/src/rp2_common/hardware_watchdog/watchdog.c.obj
                0x100023c0                watchdog_reboot
 .text.xosc_init
                0x10002408       0x28 CMakeFiles/analogRead.dir/F_/RaspberryPI/Pico/pico-sdk/src/rp2_common/hardware_xosc/xosc.c.obj
                0x10002408                xosc_init
 .text._out_null
                0x10002430        0x2 CMakeFiles/analogRead.dir/F_/RaspberryPI/Pico/pico-sdk/src/rp2_common/pico_printf/printf.c.obj
 .text._out_fct
                0x10002432        0xe CMakeFiles/analogRead.dir/F_/RaspberryPI/Pico/pico-sdk/src/rp2_common/pico_printf/printf.c.obj
 .text._atoi    0x10002440       0x24 CMakeFiles/analogRead.dir/F_/RaspberryPI/Pico/pico-sdk/src/rp2_common/pico_printf/printf.c.obj
 .text._out_rev
                0x10002464       0xae CMakeFiles/analogRead.dir/F_/RaspberryPI/Pico/pico-sdk/src/rp2_common/pico_printf/printf.c.obj
 .text._ntoa_format
                0x10002512      0x112 CMakeFiles/analogRead.dir/F_/RaspberryPI/Pico/pico-sdk/src/rp2_common/pico_printf/printf.c.obj
 .text._ntoa_long
                0x10002624       0xbc CMakeFiles/analogRead.dir/F_/RaspberryPI/Pico/pico-sdk/src/rp2_common/pico_printf/printf.c.obj
 .text._ntoa_long_long
                0x100026e0       0xe2 CMakeFiles/analogRead.dir/F_/RaspberryPI/Pico/pico-sdk/src/rp2_common/pico_printf/printf.c.obj
 *fill*         0x100027c2        0x2 
 .text._etoa    0x100027c4      0x414 CMakeFiles/analogRead.dir/F_/RaspberryPI/Pico/pico-sdk/src/rp2_common/pico_printf/printf.c.obj
 .text._ftoa    0x10002bd8      0x354 CMakeFiles/analogRead.dir/F_/RaspberryPI/Pico/pico-sdk/src/rp2_common/pico_printf/printf.c.obj
 .text._vsnprintf
                0x10002f2c      0x624 CMakeFiles/analogRead.dir/F_/RaspberryPI/Pico/pico-sdk/src/rp2_common/pico_printf/printf.c.obj
 .text.vfctprintf
                0x10003550       0x20 CMakeFiles/analogRead.dir/F_/RaspberryPI/Pico/pico-sdk/src/rp2_common/pico_printf/printf.c.obj
                0x10003550                vfctprintf
 .text          0x10003570       0x10 CMakeFiles/analogRead.dir/F_/RaspberryPI/Pico/pico-sdk/src/rp2_common/pico_bit_ops/bit_ops_aeabi.S.obj
 .text.rom_func_lookup
                0x10003580       0x10 CMakeFiles/analogRead.dir/F_/RaspberryPI/Pico/pico-sdk/src/rp2_common/pico_bootrom/bootrom.c.obj
                0x10003580                rom_func_lookup
 .text.rom_data_lookup
                0x10003590       0x10 CMakeFiles/analogRead.dir/F_/RaspberryPI/Pico/pico-sdk/src/rp2_common/pico_bootrom/bootrom.c.obj
                0x10003590                rom_data_lookup
 .text.rom_funcs_lookup
                0x100035a0       0x36 CMakeFiles/analogRead.dir/F_/RaspberryPI/Pico/pico-sdk/src/rp2_common/pico_bootrom/bootrom.c.obj
                0x100035a0                rom_funcs_lookup
 *fill*         0x100035d6        0x2 
 .text.__wrap___aeabi_idiv
                0x100035d8       0x50 CMakeFiles/analogRead.dir/F_/RaspberryPI/Pico/pico-sdk/src/rp2_common/pico_divider/divider.S.obj
                0x100035d8                __wrap___aeabi_idivmod
                0x100035d8                divmod_s32s32
                0x100035d8                div_s32s32
                0x100035d8                __wrap___aeabi_idiv
                0x100035e0                divmod_s32s32_unsafe
                0x1000360c                divmod_s32s32_savestate
 .text.__wrap___aeabi_uidiv
                0x10003628       0x4c CMakeFiles/analogRead.dir/F_/RaspberryPI/Pico/pico-sdk/src/rp2_common/pico_divider/divider.S.obj
                0x10003628                __wrap___aeabi_uidiv
                0x10003628                __wrap___aeabi_uidivmod
                0x10003628                div_u32u32
                0x10003628                divmod_u32u32
                0x10003630                divmod_u32u32_unsafe
                0x10003658                divmod_u32u32_savestate
 .text.__wrap___aeabi_ldiv
                0x10003674      0x434 CMakeFiles/analogRead.dir/F_/RaspberryPI/Pico/pico-sdk/src/rp2_common/pico_divider/divider.S.obj
                0x10003674                div_s64s64
                0x10003674                divmod_s64s64
                0x10003674                __wrap___aeabi_ldivmod
                0x100036ac                divmod_u64u64
                0x100036ac                div_u64u64
                0x100036ac                __wrap___aeabi_uldivmod
                0x100036bc                divmod_u64u64_savestate
                0x100036e4                divmod_s64s64_unsafe
                0x1000376c                divmod_u64u64_unsafe
 .text.__wrap___aeabi_darithmetic
                0x10003aa8       0x80 CMakeFiles/analogRead.dir/F_/RaspberryPI/Pico/pico-sdk/src/rp2_common/pico_double/double_aeabi.S.obj
                0x10003aa8                __wrap___aeabi_drsub
                0x10003aae                __wrap___aeabi_dsub
                0x10003ac0                __wrap___aeabi_dadd
                0x10003ad2                __wrap___aeabi_ddiv
                0x10003b0e                __wrap___aeabi_dmul
 .text.__wrap___aeabi_cdcmple
                0x10003b28       0x6c CMakeFiles/analogRead.dir/F_/RaspberryPI/Pico/pico-sdk/src/rp2_common/pico_double/double_aeabi.S.obj
                0x10003b28                __wrap___aeabi_cdrcmple
                0x10003b38                __wrap___aeabi_cdcmpeq
                0x10003b38                __wrap___aeabi_cdcmple
 .text.__wrap___aeabi_dcmplt
                0x10003b94        0xc CMakeFiles/analogRead.dir/F_/RaspberryPI/Pico/pico-sdk/src/rp2_common/pico_double/double_aeabi.S.obj
                0x10003b94                __wrap___aeabi_dcmplt
 .text.__wrap___aeabi_dcmple
                0x10003ba0       0x10 CMakeFiles/analogRead.dir/F_/RaspberryPI/Pico/pico-sdk/src/rp2_common/pico_double/double_aeabi.S.obj
                0x10003ba0                __wrap___aeabi_dcmple
 .text.__wrap___aeabi_dcmpge
                0x10003bb0       0x10 CMakeFiles/analogRead.dir/F_/RaspberryPI/Pico/pico-sdk/src/rp2_common/pico_double/double_aeabi.S.obj
                0x10003bb0                __wrap___aeabi_dcmpge
 .text.__wrap___aeabi_dcmpgt
                0x10003bc0        0xa CMakeFiles/analogRead.dir/F_/RaspberryPI/Pico/pico-sdk/src/rp2_common/pico_double/double_aeabi.S.obj
                0x10003bc0                __wrap___aeabi_dcmpgt
 .text.__wrap___aeabi_dcmpun
                0x10003bca       0x1c CMakeFiles/analogRead.dir/F_/RaspberryPI/Pico/pico-sdk/src/rp2_common/pico_double/double_aeabi.S.obj
                0x10003bca                __wrap___aeabi_dcmpun
 *fill*         0x10003be6        0x2 
 .text.__wrap___aeabi_i2d
                0x10003be8       0x38 CMakeFiles/analogRead.dir/F_/RaspberryPI/Pico/pico-sdk/src/rp2_common/pico_double/double_aeabi.S.obj
                0x10003be8                __wrap___aeabi_ui2d
                0x10003bf0                __wrap___aeabi_i2d
 .text.__wrap___aeabi_d2iz
                0x10003c20       0x48 CMakeFiles/analogRead.dir/F_/RaspberryPI/Pico/pico-sdk/src/rp2_common/pico_double/double_aeabi.S.obj
                0x10003c20                double2int_z
                0x10003c20                __wrap___aeabi_d2iz
 .text.__wrap___aeabi_d2uiz
                0x10003c68       0x18 CMakeFiles/analogRead.dir/F_/RaspberryPI/Pico/pico-sdk/src/rp2_common/pico_double/double_aeabi.S.obj
                0x10003c68                __wrap___aeabi_d2uiz
                0x10003c68                double2uint
 .text.__aeabi_double_init
                0x10003c80       0xc8 CMakeFiles/analogRead.dir/F_/RaspberryPI/Pico/pico-sdk/src/rp2_common/pico_double/double_init_rom.c.obj
                0x10003c80                __aeabi_double_init
 .text.double_table_shim_on_use_helper
                0x10003d48       0x34 CMakeFiles/analogRead.dir/F_/RaspberryPI/Pico/pico-sdk/src/rp2_common/pico_double/double_v1_rom_shim.S.obj
                0x10003d48                double_table_shim_on_use_helper
 .text.__wrap___aeabi_dsub
                0x10003d7c       0x10 CMakeFiles/analogRead.dir/F_/RaspberryPI/Pico/pico-sdk/src/rp2_common/pico_double/double_v1_rom_shim.S.obj
                0x10003d7c                drsub_shim
                0x10003d82                dsub_shim
 .text.dadd_shim
                0x10003d8c      0x15c CMakeFiles/analogRead.dir/F_/RaspberryPI/Pico/pico-sdk/src/rp2_common/pico_double/double_v1_rom_shim.S.obj
                0x10003d8c                dadd_shim
 .text.dmul_shim
                0x10003ee8      0x15c CMakeFiles/analogRead.dir/F_/RaspberryPI/Pico/pico-sdk/src/rp2_common/pico_double/double_v1_rom_shim.S.obj
                0x10003ee8                dmul_shim
 .text.ddiv_shim
                0x10004044      0x1b0 CMakeFiles/analogRead.dir/F_/RaspberryPI/Pico/pico-sdk/src/rp2_common/pico_double/double_v1_rom_shim.S.obj
                0x10004044                ddiv_shim
 .text.double2uint_shim
                0x100041f4        0xe CMakeFiles/analogRead.dir/F_/RaspberryPI/Pico/pico-sdk/src/rp2_common/pico_double/double_v1_rom_shim.S.obj
                0x100041f4                double2uint_shim
                0x100041f6                double2ufix_shim
 *fill*         0x10004202        0x2 
 .text.double2uint64_shim
                0x10004204       0x70 CMakeFiles/analogRead.dir/F_/RaspberryPI/Pico/pico-sdk/src/rp2_common/pico_double/double_v1_rom_shim.S.obj
                0x10004204                double2uint64_shim
                0x10004206                double2ufix64_shim
                0x10004226                d2fix_a
 .text.dunpacks
                0x10004274       0x3c CMakeFiles/analogRead.dir/F_/RaspberryPI/Pico/pico-sdk/src/rp2_common/pico_double/double_v1_rom_shim.S.obj
                0x10004274                dunpacks
 .text.__aeabi_lmul
                0x100042b0       0x32 CMakeFiles/analogRead.dir/F_/RaspberryPI/Pico/pico-sdk/src/rp2_common/pico_int64_ops/pico_int64_ops_aeabi.S.obj
                0x100042b0                __wrap___aeabi_lmul
 *fill*         0x100042e2        0x2 
 .text.__wrap___aeabi_farithmetic
                0x100042e4       0x58 CMakeFiles/analogRead.dir/F_/RaspberryPI/Pico/pico-sdk/src/rp2_common/pico_float/float_aeabi.S.obj
                0x100042e4                __wrap___aeabi_frsub
                0x100042ea                __wrap___aeabi_fsub
                0x100042f4                __wrap___aeabi_fadd
                0x100042fe                __wrap___aeabi_fdiv
                0x1000432a                __wrap___aeabi_fmul
 .text.__wrap___aeabi_i2f
                0x1000433c       0x44 CMakeFiles/analogRead.dir/F_/RaspberryPI/Pico/pico-sdk/src/rp2_common/pico_float/float_aeabi.S.obj
                0x1000433c                __wrap___aeabi_i2f
 .text.__wrap___aeabi_f2d
                0x10004380       0x14 CMakeFiles/analogRead.dir/F_/RaspberryPI/Pico/pico-sdk/src/rp2_common/pico_float/float_aeabi.S.obj
                0x10004380                __wrap___aeabi_f2d
 .text.__aeabi_float_init
                0x10004394       0xfc CMakeFiles/analogRead.dir/F_/RaspberryPI/Pico/pico-sdk/src/rp2_common/pico_float/float_init_rom.c.obj
                0x10004394                __aeabi_float_init
 .text.float_table_shim_on_use_helper
                0x10004490       0x34 CMakeFiles/analogRead.dir/F_/RaspberryPI/Pico/pico-sdk/src/rp2_common/pico_float/float_v1_rom_shim.S.obj
                0x10004490                float_table_shim_on_use_helper
 .text.float2double_shim
                0x100044c4       0x30 CMakeFiles/analogRead.dir/F_/RaspberryPI/Pico/pico-sdk/src/rp2_common/pico_float/float_v1_rom_shim.S.obj
                0x100044c4                float2double_shim
 .text          0x100044f4       0x10 CMakeFiles/analogRead.dir/F_/RaspberryPI/Pico/pico-sdk/src/rp2_common/pico_mem_ops/mem_ops_aeabi.S.obj
                0x100044f4                __aeabi_mem_init
 .text.memset   0x10004504        0xc CMakeFiles/analogRead.dir/F_/RaspberryPI/Pico/pico-sdk/src/rp2_common/pico_mem_ops/mem_ops_aeabi.S.obj
                0x10004504                __wrap_memset
 .text.memcpy   0x10004510        0xc CMakeFiles/analogRead.dir/F_/RaspberryPI/Pico/pico-sdk/src/rp2_common/pico_mem_ops/mem_ops_aeabi.S.obj
                0x10004510                __wrap_memcpy
                0x10004510                __wrap___aeabi_memcpy
 .text.stdio_out_chars_no_crlf
                0x1000451c        0xe CMakeFiles/analogRead.dir/F_/RaspberryPI/Pico/pico-sdk/src/rp2_common/pico_stdio/stdio.c.obj
 *fill*         0x1000452a        0x2 
 .text.stdio_out_chars_crlf
                0x1000452c       0x80 CMakeFiles/analogRead.dir/F_/RaspberryPI/Pico/pico-sdk/src/rp2_common/pico_stdio/stdio.c.obj
 .text.stdio_stack_buffer_flush
                0x100045ac       0x44 CMakeFiles/analogRead.dir/F_/RaspberryPI/Pico/pico-sdk/src/rp2_common/pico_stdio/stdio.c.obj
 .text.stdio_buffered_printer
                0x100045f0       0x20 CMakeFiles/analogRead.dir/F_/RaspberryPI/Pico/pico-sdk/src/rp2_common/pico_stdio/stdio.c.obj
 .text.stdout_serialize_begin
                0x10004610       0x30 CMakeFiles/analogRead.dir/F_/RaspberryPI/Pico/pico-sdk/src/rp2_common/pico_stdio/stdio.c.obj
                0x10004610                stdout_serialize_begin
 .text.stdout_serialize_end
                0x10004640       0x10 CMakeFiles/analogRead.dir/F_/RaspberryPI/Pico/pico-sdk/src/rp2_common/pico_stdio/stdio.c.obj
                0x10004640                stdout_serialize_end
 .text.stdio_put_string
                0x10004650       0x98 CMakeFiles/analogRead.dir/F_/RaspberryPI/Pico/pico-sdk/src/rp2_common/pico_stdio/stdio.c.obj
 .text.stdio_set_driver_enabled
                0x100046e8       0x2c CMakeFiles/analogRead.dir/F_/RaspberryPI/Pico/pico-sdk/src/rp2_common/pico_stdio/stdio.c.obj
                0x100046e8                stdio_set_driver_enabled
 .text.stdio_flush
                0x10004714       0x20 CMakeFiles/analogRead.dir/F_/RaspberryPI/Pico/pico-sdk/src/rp2_common/pico_stdio/stdio.c.obj
                0x10004714                stdio_flush
 .text.__wrap_puts
                0x10004734       0x1e CMakeFiles/analogRead.dir/F_/RaspberryPI/Pico/pico-sdk/src/rp2_common/pico_stdio/stdio.c.obj
                0x10004734                __wrap_puts
 *fill*         0x10004752        0x2 
 .text.__wrap_vprintf
                0x10004754       0x44 CMakeFiles/analogRead.dir/F_/RaspberryPI/Pico/pico-sdk/src/rp2_common/pico_stdio/stdio.c.obj
                0x10004754                __wrap_vprintf
 .text.__wrap_printf
                0x10004798       0x18 CMakeFiles/analogRead.dir/F_/RaspberryPI/Pico/pico-sdk/src/rp2_common/pico_stdio/stdio.c.obj
                0x10004798                __wrap_printf
 .text.stdio_init_all
                0x100047b0        0x8 CMakeFiles/analogRead.dir/F_/RaspberryPI/Pico/pico-sdk/src/rp2_common/pico_stdio/stdio.c.obj
                0x100047b0                stdio_init_all
 .text.resetd_init
                0x100047b8        0x2 CMakeFiles/analogRead.dir/F_/RaspberryPI/Pico/pico-sdk/src/rp2_common/pico_stdio_usb/reset_interface.c.obj
 *fill*         0x100047ba        0x2 
 .text.resetd_reset
                0x100047bc        0xc CMakeFiles/analogRead.dir/F_/RaspberryPI/Pico/pico-sdk/src/rp2_common/pico_stdio_usb/reset_interface.c.obj
 .text.resetd_open
                0x100047c8       0x34 CMakeFiles/analogRead.dir/F_/RaspberryPI/Pico/pico-sdk/src/rp2_common/pico_stdio_usb/reset_interface.c.obj
 .text.resetd_xfer_cb
                0x100047fc        0x4 CMakeFiles/analogRead.dir/F_/RaspberryPI/Pico/pico-sdk/src/rp2_common/pico_stdio_usb/reset_interface.c.obj
 .text.reset_usb_boot
                0x10004800       0x18 CMakeFiles/analogRead.dir/F_/RaspberryPI/Pico/pico-sdk/src/rp2_common/pico_stdio_usb/reset_interface.c.obj
 .text.resetd_control_xfer_cb
                0x10004818       0x5c CMakeFiles/analogRead.dir/F_/RaspberryPI/Pico/pico-sdk/src/rp2_common/pico_stdio_usb/reset_interface.c.obj
 .text.usbd_app_driver_get_cb
                0x10004874        0xc CMakeFiles/analogRead.dir/F_/RaspberryPI/Pico/pico-sdk/src/rp2_common/pico_stdio_usb/reset_interface.c.obj
                0x10004874                usbd_app_driver_get_cb
 .text.tud_cdc_line_coding_cb
                0x10004880       0x28 CMakeFiles/analogRead.dir/F_/RaspberryPI/Pico/pico-sdk/src/rp2_common/pico_stdio_usb/reset_interface.c.obj
                0x10004880                tud_cdc_line_coding_cb
 .text.stdio_usb_in_chars
                0x100048a8       0x70 CMakeFiles/analogRead.dir/F_/RaspberryPI/Pico/pico-sdk/src/rp2_common/pico_stdio_usb/stdio_usb.c.obj
                0x100048a8                stdio_usb_in_chars
 .text.low_priority_worker_irq
                0x10004918       0x20 CMakeFiles/analogRead.dir/F_/RaspberryPI/Pico/pico-sdk/src/rp2_common/pico_stdio_usb/stdio_usb.c.obj
 .text.stdio_usb_out_chars
                0x10004938       0xd4 CMakeFiles/analogRead.dir/F_/RaspberryPI/Pico/pico-sdk/src/rp2_common/pico_stdio_usb/stdio_usb.c.obj
 .text.timer_task
                0x10004a0c       0x40 CMakeFiles/analogRead.dir/F_/RaspberryPI/Pico/pico-sdk/src/rp2_common/pico_stdio_usb/stdio_usb.c.obj
 .text.usb_irq  0x10004a4c       0x10 CMakeFiles/analogRead.dir/F_/RaspberryPI/Pico/pico-sdk/src/rp2_common/pico_stdio_usb/stdio_usb.c.obj
 .text.stdio_usb_init
                0x10004a5c       0xec CMakeFiles/analogRead.dir/F_/RaspberryPI/Pico/pico-sdk/src/rp2_common/pico_stdio_usb/stdio_usb.c.obj
                0x10004a5c                stdio_usb_init
 .text.tud_descriptor_device_cb
                0x10004b48        0x8 CMakeFiles/analogRead.dir/F_/RaspberryPI/Pico/pico-sdk/src/rp2_common/pico_stdio_usb/stdio_usb_descriptors.c.obj
                0x10004b48                tud_descriptor_device_cb
 .text.tud_descriptor_configuration_cb
                0x10004b50        0x8 CMakeFiles/analogRead.dir/F_/RaspberryPI/Pico/pico-sdk/src/rp2_common/pico_stdio_usb/stdio_usb_descriptors.c.obj
                0x10004b50                tud_descriptor_configuration_cb
 .text.tud_descriptor_string_cb
                0x10004b58       0x6c CMakeFiles/analogRead.dir/F_/RaspberryPI/Pico/pico-sdk/src/rp2_common/pico_stdio_usb/stdio_usb_descriptors.c.obj
                0x10004b58                tud_descriptor_string_cb
 .text.hw_endpoint_get_by_addr
                0x10004bc4       0x18 CMakeFiles/analogRead.dir/F_/RaspberryPI/Pico/pico-sdk/lib/tinyusb/src/portable/raspberrypi/rp2040/dcd_rp2040.c.obj
 .text.reset_ep0_pid
                0x10004bdc       0x28 CMakeFiles/analogRead.dir/F_/RaspberryPI/Pico/pico-sdk/lib/tinyusb/src/portable/raspberrypi/rp2040/dcd_rp2040.c.obj
 .text._hw_endpoint_alloc
                0x10004c04       0x70 CMakeFiles/analogRead.dir/F_/RaspberryPI/Pico/pico-sdk/lib/tinyusb/src/portable/raspberrypi/rp2040/dcd_rp2040.c.obj
 .text.hw_endpoint_init
                0x10004c74       0x88 CMakeFiles/analogRead.dir/F_/RaspberryPI/Pico/pico-sdk/lib/tinyusb/src/portable/raspberrypi/rp2040/dcd_rp2040.c.obj
 .text.reset_non_control_endpoints
                0x10004cfc       0x40 CMakeFiles/analogRead.dir/F_/RaspberryPI/Pico/pico-sdk/lib/tinyusb/src/portable/raspberrypi/rp2040/dcd_rp2040.c.obj
 .text.hw_handle_buff_status
                0x10004d3c       0x8c CMakeFiles/analogRead.dir/F_/RaspberryPI/Pico/pico-sdk/lib/tinyusb/src/portable/raspberrypi/rp2040/dcd_rp2040.c.obj
 .text.dcd_rp2040_irq
                0x10004dc8       0xc0 CMakeFiles/analogRead.dir/F_/RaspberryPI/Pico/pico-sdk/lib/tinyusb/src/portable/raspberrypi/rp2040/dcd_rp2040.c.obj
 .text.hw_endpoint_xfer
                0x10004e88       0x14 CMakeFiles/analogRead.dir/F_/RaspberryPI/Pico/pico-sdk/lib/tinyusb/src/portable/raspberrypi/rp2040/dcd_rp2040.c.obj
 .text.dcd_int_enable
                0x10004e9c       0x2c CMakeFiles/analogRead.dir/F_/RaspberryPI/Pico/pico-sdk/lib/tinyusb/src/portable/raspberrypi/rp2040/dcd_rp2040.c.obj
                0x10004e9c                dcd_int_enable
 .text.dcd_set_address
                0x10004ec8       0x2c CMakeFiles/analogRead.dir/F_/RaspberryPI/Pico/pico-sdk/lib/tinyusb/src/portable/raspberrypi/rp2040/dcd_rp2040.c.obj
                0x10004ec8                dcd_set_address
 .text.dcd_connect
                0x10004ef4       0x10 CMakeFiles/analogRead.dir/F_/RaspberryPI/Pico/pico-sdk/lib/tinyusb/src/portable/raspberrypi/rp2040/dcd_rp2040.c.obj
                0x10004ef4                dcd_connect
 .text.dcd_init
                0x10004f04       0x7c CMakeFiles/analogRead.dir/F_/RaspberryPI/Pico/pico-sdk/lib/tinyusb/src/portable/raspberrypi/rp2040/dcd_rp2040.c.obj
                0x10004f04                dcd_init
 .text.dcd_edpt0_status_complete
                0x10004f80       0x1c CMakeFiles/analogRead.dir/F_/RaspberryPI/Pico/pico-sdk/lib/tinyusb/src/portable/raspberrypi/rp2040/dcd_rp2040.c.obj
                0x10004f80                dcd_edpt0_status_complete
 .text.dcd_edpt_open
                0x10004f9c       0x40 CMakeFiles/analogRead.dir/F_/RaspberryPI/Pico/pico-sdk/lib/tinyusb/src/portable/raspberrypi/rp2040/dcd_rp2040.c.obj
                0x10004f9c                dcd_edpt_open
 .text.dcd_edpt_close_all
                0x10004fdc        0x8 CMakeFiles/analogRead.dir/F_/RaspberryPI/Pico/pico-sdk/lib/tinyusb/src/portable/raspberrypi/rp2040/dcd_rp2040.c.obj
                0x10004fdc                dcd_edpt_close_all
 .text.dcd_edpt_xfer
                0x10004fe4       0x30 CMakeFiles/analogRead.dir/F_/RaspberryPI/Pico/pico-sdk/lib/tinyusb/src/portable/raspberrypi/rp2040/dcd_rp2040.c.obj
                0x10004fe4                dcd_edpt_xfer
 .text.dcd_edpt_stall
                0x10005014       0x2c CMakeFiles/analogRead.dir/F_/RaspberryPI/Pico/pico-sdk/lib/tinyusb/src/portable/raspberrypi/rp2040/dcd_rp2040.c.obj
                0x10005014                dcd_edpt_stall
 .text.dcd_edpt_clear_stall
                0x10005040       0x20 CMakeFiles/analogRead.dir/F_/RaspberryPI/Pico/pico-sdk/lib/tinyusb/src/portable/raspberrypi/rp2040/dcd_rp2040.c.obj
                0x10005040                dcd_edpt_clear_stall
 .text.prepare_ep_buffer
                0x10005060       0x70 CMakeFiles/analogRead.dir/F_/RaspberryPI/Pico/pico-sdk/lib/tinyusb/src/portable/raspberrypi/rp2040/rp2040_usb.c.obj
 .text.sync_ep_buffer
                0x100050d0       0x7c CMakeFiles/analogRead.dir/F_/RaspberryPI/Pico/pico-sdk/lib/tinyusb/src/portable/raspberrypi/rp2040/rp2040_usb.c.obj
 .text._hw_endpoint_xfer_sync
                0x1000514c       0x28 CMakeFiles/analogRead.dir/F_/RaspberryPI/Pico/pico-sdk/lib/tinyusb/src/portable/raspberrypi/rp2040/rp2040_usb.c.obj
 .text.rp2040_usb_init
                0x10005174       0x4c CMakeFiles/analogRead.dir/F_/RaspberryPI/Pico/pico-sdk/lib/tinyusb/src/portable/raspberrypi/rp2040/rp2040_usb.c.obj
                0x10005174                rp2040_usb_init
 .text.hw_endpoint_reset_transfer
                0x100051c0        0xc CMakeFiles/analogRead.dir/F_/RaspberryPI/Pico/pico-sdk/lib/tinyusb/src/portable/raspberrypi/rp2040/rp2040_usb.c.obj
                0x100051c0                hw_endpoint_reset_transfer
 .text._hw_endpoint_buffer_control_update32
                0x100051cc       0x58 CMakeFiles/analogRead.dir/F_/RaspberryPI/Pico/pico-sdk/lib/tinyusb/src/portable/raspberrypi/rp2040/rp2040_usb.c.obj
                0x100051cc                _hw_endpoint_buffer_control_update32
 .text._hw_endpoint_start_next_buffer
                0x10005224       0x74 CMakeFiles/analogRead.dir/F_/RaspberryPI/Pico/pico-sdk/lib/tinyusb/src/portable/raspberrypi/rp2040/rp2040_usb.c.obj
 .text.hw_endpoint_xfer_start
                0x10005298       0x48 CMakeFiles/analogRead.dir/F_/RaspberryPI/Pico/pico-sdk/lib/tinyusb/src/portable/raspberrypi/rp2040/rp2040_usb.c.obj
                0x10005298                hw_endpoint_xfer_start
 .text.hw_endpoint_xfer_continue
                0x100052e0       0x38 CMakeFiles/analogRead.dir/F_/RaspberryPI/Pico/pico-sdk/lib/tinyusb/src/portable/raspberrypi/rp2040/rp2040_usb.c.obj
                0x100052e0                hw_endpoint_xfer_continue
 .text.configuration_reset
                0x10005318       0x84 CMakeFiles/analogRead.dir/F_/RaspberryPI/Pico/pico-sdk/lib/tinyusb/src/device/usbd.c.obj
 .text.usbd_reset
                0x1000539c        0xc CMakeFiles/analogRead.dir/F_/RaspberryPI/Pico/pico-sdk/lib/tinyusb/src/device/usbd.c.obj
 .text.invoke_class_control
                0x100053a8       0x1a CMakeFiles/analogRead.dir/F_/RaspberryPI/Pico/pico-sdk/lib/tinyusb/src/device/usbd.c.obj
 *fill*         0x100053c2        0x2 
 .text.process_set_config
                0x100053c4      0x1b0 CMakeFiles/analogRead.dir/F_/RaspberryPI/Pico/pico-sdk/lib/tinyusb/src/device/usbd.c.obj
 .text.process_get_descriptor
                0x10005574       0xec CMakeFiles/analogRead.dir/F_/RaspberryPI/Pico/pico-sdk/lib/tinyusb/src/device/usbd.c.obj
 .text.tud_mounted
                0x10005660       0x10 CMakeFiles/analogRead.dir/F_/RaspberryPI/Pico/pico-sdk/lib/tinyusb/src/device/usbd.c.obj
                0x10005660                tud_mounted
 .text.tud_suspended
                0x10005670       0x10 CMakeFiles/analogRead.dir/F_/RaspberryPI/Pico/pico-sdk/lib/tinyusb/src/device/usbd.c.obj
                0x10005670                tud_suspended
 .text.tud_inited
                0x10005680        0xc CMakeFiles/analogRead.dir/F_/RaspberryPI/Pico/pico-sdk/lib/tinyusb/src/device/usbd.c.obj
                0x10005680                tud_inited
 .text.tud_init
                0x1000568c       0xcc CMakeFiles/analogRead.dir/F_/RaspberryPI/Pico/pico-sdk/lib/tinyusb/src/device/usbd.c.obj
                0x1000568c                tud_init
 .text.dcd_event_handler
                0x10005758      0x1e0 CMakeFiles/analogRead.dir/F_/RaspberryPI/Pico/pico-sdk/lib/tinyusb/src/device/usbd.c.obj
                0x10005758                dcd_event_handler
 .text.dcd_event_bus_signal
                0x10005938       0x26 CMakeFiles/analogRead.dir/F_/RaspberryPI/Pico/pico-sdk/lib/tinyusb/src/device/usbd.c.obj
                0x10005938                dcd_event_bus_signal
 .text.dcd_event_bus_reset
                0x1000595e       0x2a CMakeFiles/analogRead.dir/F_/RaspberryPI/Pico/pico-sdk/lib/tinyusb/src/device/usbd.c.obj
                0x1000595e                dcd_event_bus_reset
 .text.dcd_event_setup_received
                0x10005988       0x34 CMakeFiles/analogRead.dir/F_/RaspberryPI/Pico/pico-sdk/lib/tinyusb/src/device/usbd.c.obj
                0x10005988                dcd_event_setup_received
 .text.dcd_event_xfer_complete
                0x100059bc       0x44 CMakeFiles/analogRead.dir/F_/RaspberryPI/Pico/pico-sdk/lib/tinyusb/src/device/usbd.c.obj
                0x100059bc                dcd_event_xfer_complete
 .text.usbd_edpt_open
                0x10005a00       0x58 CMakeFiles/analogRead.dir/F_/RaspberryPI/Pico/pico-sdk/lib/tinyusb/src/device/usbd.c.obj
                0x10005a00                usbd_edpt_open
 .text.usbd_open_edpt_pair
                0x10005a58       0x8c CMakeFiles/analogRead.dir/F_/RaspberryPI/Pico/pico-sdk/lib/tinyusb/src/device/usbd.c.obj
                0x10005a58                usbd_open_edpt_pair
 .text.usbd_edpt_claim
                0x10005ae4       0x8c CMakeFiles/analogRead.dir/F_/RaspberryPI/Pico/pico-sdk/lib/tinyusb/src/device/usbd.c.obj
                0x10005ae4                usbd_edpt_claim
 .text.usbd_edpt_release
                0x10005b70       0x68 CMakeFiles/analogRead.dir/F_/RaspberryPI/Pico/pico-sdk/lib/tinyusb/src/device/usbd.c.obj
                0x10005b70                usbd_edpt_release
 .text.usbd_edpt_xfer
                0x10005bd8       0x80 CMakeFiles/analogRead.dir/F_/RaspberryPI/Pico/pico-sdk/lib/tinyusb/src/device/usbd.c.obj
                0x10005bd8                usbd_edpt_xfer
 .text.usbd_edpt_stall
                0x10005c58       0x40 CMakeFiles/analogRead.dir/F_/RaspberryPI/Pico/pico-sdk/lib/tinyusb/src/device/usbd.c.obj
                0x10005c58                usbd_edpt_stall
 .text.usbd_edpt_clear_stall
                0x10005c98       0x40 CMakeFiles/analogRead.dir/F_/RaspberryPI/Pico/pico-sdk/lib/tinyusb/src/device/usbd.c.obj
                0x10005c98                usbd_edpt_clear_stall
 .text.usbd_edpt_stalled
                0x10005cd8       0x1c CMakeFiles/analogRead.dir/F_/RaspberryPI/Pico/pico-sdk/lib/tinyusb/src/device/usbd.c.obj
                0x10005cd8                usbd_edpt_stalled
 .text.process_control_request
                0x10005cf4      0x3b8 CMakeFiles/analogRead.dir/F_/RaspberryPI/Pico/pico-sdk/lib/tinyusb/src/device/usbd.c.obj
 .text.tud_task
                0x100060ac      0x218 CMakeFiles/analogRead.dir/F_/RaspberryPI/Pico/pico-sdk/lib/tinyusb/src/device/usbd.c.obj
                0x100060ac                tud_task
 .text._data_stage_xact
                0x100062c4       0x58 CMakeFiles/analogRead.dir/F_/RaspberryPI/Pico/pico-sdk/lib/tinyusb/src/device/usbd_control.c.obj
 .text.tud_control_status
                0x1000631c       0x38 CMakeFiles/analogRead.dir/F_/RaspberryPI/Pico/pico-sdk/lib/tinyusb/src/device/usbd_control.c.obj
                0x1000631c                tud_control_status
 .text.tud_control_xfer
                0x10006354       0xa8 CMakeFiles/analogRead.dir/F_/RaspberryPI/Pico/pico-sdk/lib/tinyusb/src/device/usbd_control.c.obj
                0x10006354                tud_control_xfer
 .text.usbd_control_reset
                0x100063fc       0x14 CMakeFiles/analogRead.dir/F_/RaspberryPI/Pico/pico-sdk/lib/tinyusb/src/device/usbd_control.c.obj
                0x100063fc                usbd_control_reset
 .text.usbd_control_set_complete_callback
                0x10006410        0xc CMakeFiles/analogRead.dir/F_/RaspberryPI/Pico/pico-sdk/lib/tinyusb/src/device/usbd_control.c.obj
                0x10006410                usbd_control_set_complete_callback
 .text.usbd_control_set_request
                0x1000641c       0x1c CMakeFiles/analogRead.dir/F_/RaspberryPI/Pico/pico-sdk/lib/tinyusb/src/device/usbd_control.c.obj
                0x1000641c                usbd_control_set_request
 .text.usbd_control_xfer_cb
                0x10006438       0xfc CMakeFiles/analogRead.dir/F_/RaspberryPI/Pico/pico-sdk/lib/tinyusb/src/device/usbd_control.c.obj
                0x10006438                usbd_control_xfer_cb
 .text._prep_out_transaction
                0x10006534       0x46 CMakeFiles/analogRead.dir/F_/RaspberryPI/Pico/pico-sdk/lib/tinyusb/src/class/cdc/cdc_device.c.obj
 *fill*         0x1000657a        0x2 
 .text.tud_cdc_n_connected
                0x1000657c       0x44 CMakeFiles/analogRead.dir/F_/RaspberryPI/Pico/pico-sdk/lib/tinyusb/src/class/cdc/cdc_device.c.obj
                0x1000657c                tud_cdc_n_connected
 .text.tud_cdc_n_available
                0x100065c0       0x18 CMakeFiles/analogRead.dir/F_/RaspberryPI/Pico/pico-sdk/lib/tinyusb/src/class/cdc/cdc_device.c.obj
                0x100065c0                tud_cdc_n_available
 .text.tud_cdc_n_read
                0x100065d8       0x28 CMakeFiles/analogRead.dir/F_/RaspberryPI/Pico/pico-sdk/lib/tinyusb/src/class/cdc/cdc_device.c.obj
                0x100065d8                tud_cdc_n_read
 .text.tud_cdc_n_write_flush
                0x10006600       0xcc CMakeFiles/analogRead.dir/F_/RaspberryPI/Pico/pico-sdk/lib/tinyusb/src/class/cdc/cdc_device.c.obj
                0x10006600                tud_cdc_n_write_flush
 .text.tud_cdc_n_write
                0x100066cc       0x38 CMakeFiles/analogRead.dir/F_/RaspberryPI/Pico/pico-sdk/lib/tinyusb/src/class/cdc/cdc_device.c.obj
                0x100066cc                tud_cdc_n_write
 .text.tud_cdc_n_write_available
                0x10006704       0x1c CMakeFiles/analogRead.dir/F_/RaspberryPI/Pico/pico-sdk/lib/tinyusb/src/class/cdc/cdc_device.c.obj
                0x10006704                tud_cdc_n_write_available
 .text.cdcd_init
                0x10006720       0xbc CMakeFiles/analogRead.dir/F_/RaspberryPI/Pico/pico-sdk/lib/tinyusb/src/class/cdc/cdc_device.c.obj
                0x10006720                cdcd_init
 .text.cdcd_reset
                0x100067dc       0x44 CMakeFiles/analogRead.dir/F_/RaspberryPI/Pico/pico-sdk/lib/tinyusb/src/class/cdc/cdc_device.c.obj
                0x100067dc                cdcd_reset
 .text.cdcd_open
                0x10006820       0xf8 CMakeFiles/analogRead.dir/F_/RaspberryPI/Pico/pico-sdk/lib/tinyusb/src/class/cdc/cdc_device.c.obj
                0x10006820                cdcd_open
 .text.cdcd_control_xfer_cb
                0x10006918      0x134 CMakeFiles/analogRead.dir/F_/RaspberryPI/Pico/pico-sdk/lib/tinyusb/src/class/cdc/cdc_device.c.obj
                0x10006918                cdcd_control_xfer_cb
 .text.cdcd_xfer_cb
                0x10006a4c      0x144 CMakeFiles/analogRead.dir/F_/RaspberryPI/Pico/pico-sdk/lib/tinyusb/src/class/cdc/cdc_device.c.obj
                0x10006a4c                cdcd_xfer_cb
 .text.tusb_init
                0x10006b90       0x24 CMakeFiles/analogRead.dir/F_/RaspberryPI/Pico/pico-sdk/lib/tinyusb/src/tusb.c.obj
                0x10006b90                tusb_init
 .text.tusb_inited
                0x10006bb4        0xe CMakeFiles/analogRead.dir/F_/RaspberryPI/Pico/pico-sdk/lib/tinyusb/src/tusb.c.obj
                0x10006bb4                tusb_inited
 *fill*         0x10006bc2        0x2 
 .text.tu_edpt_validate
                0x10006bc4       0xa8 CMakeFiles/analogRead.dir/F_/RaspberryPI/Pico/pico-sdk/lib/tinyusb/src/tusb.c.obj
                0x10006bc4                tu_edpt_validate
 .text.tu_edpt_bind_driver
                0x10006c6c       0x2a CMakeFiles/analogRead.dir/F_/RaspberryPI/Pico/pico-sdk/lib/tinyusb/src/tusb.c.obj
                0x10006c6c                tu_edpt_bind_driver
 .text.advance_pointer
                0x10006c96       0x18 CMakeFiles/analogRead.dir/F_/RaspberryPI/Pico/pico-sdk/lib/tinyusb/src/common/tusb_fifo.c.obj
 .text.backward_pointer
                0x10006cae       0x1e CMakeFiles/analogRead.dir/F_/RaspberryPI/Pico/pico-sdk/lib/tinyusb/src/common/tusb_fifo.c.obj
 .text.get_relative_pointer
                0x10006ccc       0x10 CMakeFiles/analogRead.dir/F_/RaspberryPI/Pico/pico-sdk/lib/tinyusb/src/common/tusb_fifo.c.obj
 .text._tu_fifo_peek
                0x10006cdc       0x50 CMakeFiles/analogRead.dir/F_/RaspberryPI/Pico/pico-sdk/lib/tinyusb/src/common/tusb_fifo.c.obj
 .text._ff_pull_const_addr
                0x10006d2c       0x4c CMakeFiles/analogRead.dir/F_/RaspberryPI/Pico/pico-sdk/lib/tinyusb/src/common/tusb_fifo.c.obj
 .text._ff_pull_n
                0x10006d78      0x10c CMakeFiles/analogRead.dir/F_/RaspberryPI/Pico/pico-sdk/lib/tinyusb/src/common/tusb_fifo.c.obj
 .text._tu_fifo_peek_n
                0x10006e84       0x5e CMakeFiles/analogRead.dir/F_/RaspberryPI/Pico/pico-sdk/lib/tinyusb/src/common/tusb_fifo.c.obj
 .text._tu_fifo_read_n
                0x10006ee2       0x4e CMakeFiles/analogRead.dir/F_/RaspberryPI/Pico/pico-sdk/lib/tinyusb/src/common/tusb_fifo.c.obj
 .text._ff_push_const_addr
                0x10006f30       0x40 CMakeFiles/analogRead.dir/F_/RaspberryPI/Pico/pico-sdk/lib/tinyusb/src/common/tusb_fifo.c.obj
 .text._ff_push_n
                0x10006f70      0x108 CMakeFiles/analogRead.dir/F_/RaspberryPI/Pico/pico-sdk/lib/tinyusb/src/common/tusb_fifo.c.obj
 .text._tu_fifo_write_n
                0x10007078       0x9e CMakeFiles/analogRead.dir/F_/RaspberryPI/Pico/pico-sdk/lib/tinyusb/src/common/tusb_fifo.c.obj
 .text.tu_fifo_config
                0x10007116       0x72 CMakeFiles/analogRead.dir/F_/RaspberryPI/Pico/pico-sdk/lib/tinyusb/src/common/tusb_fifo.c.obj
                0x10007116                tu_fifo_config
 .text.tu_fifo_count
                0x10007188       0x26 CMakeFiles/analogRead.dir/F_/RaspberryPI/Pico/pico-sdk/lib/tinyusb/src/common/tusb_fifo.c.obj
                0x10007188                tu_fifo_count
 .text.tu_fifo_empty
                0x100071ae       0x10 CMakeFiles/analogRead.dir/F_/RaspberryPI/Pico/pico-sdk/lib/tinyusb/src/common/tusb_fifo.c.obj
                0x100071ae                tu_fifo_empty
 .text.tu_fifo_remaining
                0x100071be       0x20 CMakeFiles/analogRead.dir/F_/RaspberryPI/Pico/pico-sdk/lib/tinyusb/src/common/tusb_fifo.c.obj
                0x100071be                tu_fifo_remaining
 .text.tu_fifo_read
                0x100071de       0x42 CMakeFiles/analogRead.dir/F_/RaspberryPI/Pico/pico-sdk/lib/tinyusb/src/common/tusb_fifo.c.obj
                0x100071de                tu_fifo_read
 .text.tu_fifo_read_n
                0x10007220        0xa CMakeFiles/analogRead.dir/F_/RaspberryPI/Pico/pico-sdk/lib/tinyusb/src/common/tusb_fifo.c.obj
                0x10007220                tu_fifo_read_n
 .text.tu_fifo_write
                0x1000722a       0x6c CMakeFiles/analogRead.dir/F_/RaspberryPI/Pico/pico-sdk/lib/tinyusb/src/common/tusb_fifo.c.obj
                0x1000722a                tu_fifo_write
 .text.tu_fifo_write_n
                0x10007296        0xa CMakeFiles/analogRead.dir/F_/RaspberryPI/Pico/pico-sdk/lib/tinyusb/src/common/tusb_fifo.c.obj
                0x10007296                tu_fifo_write_n
 .text.tu_fifo_clear
                0x100072a0       0x4c CMakeFiles/analogRead.dir/F_/RaspberryPI/Pico/pico-sdk/lib/tinyusb/src/common/tusb_fifo.c.obj
                0x100072a0                tu_fifo_clear
 .text.tu_fifo_set_overwritable
                0x100072ec       0x3c CMakeFiles/analogRead.dir/F_/RaspberryPI/Pico/pico-sdk/lib/tinyusb/src/common/tusb_fifo.c.obj
                0x100072ec                tu_fifo_set_overwritable
 .text._retrieve_unique_id_on_boot
                0x10007328       0x10 CMakeFiles/analogRead.dir/F_/RaspberryPI/Pico/pico-sdk/src/rp2_common/pico_unique_id/unique_id.c.obj
 .text.pico_get_unique_board_id_string
                0x10007338       0x60 CMakeFiles/analogRead.dir/F_/RaspberryPI/Pico/pico-sdk/src/rp2_common/pico_unique_id/unique_id.c.obj
                0x10007338                pico_get_unique_board_id_string
 .text.flash_get_unique_id
                0x10007398       0x46 CMakeFiles/analogRead.dir/F_/RaspberryPI/Pico/pico-sdk/src/rp2_common/hardware_flash/flash.c.obj
                0x10007398                flash_get_unique_id
 *fill*         0x100073de        0x2 
 .text.adc_init
                0x100073e0       0x34 CMakeFiles/analogRead.dir/F_/RaspberryPI/Pico/pico-sdk/src/rp2_common/hardware_adc/adc.c.obj
                0x100073e0                adc_init
 .text.strlen   0x10007414       0x5c f:/gnu arm/10 2021.10/bin/../lib/gcc/arm-none-eabi/10.3.1/../../../../arm-none-eabi/lib/thumb/v6-m/nofp\libg.a(lib_a-strlen-stub.o)
                0x10007414                strlen
 *(.fini)
 .fini          0x10007470        0x4 f:/gnu arm/10 2021.10/bin/../lib/gcc/arm-none-eabi/10.3.1/thumb/v6-m/nofp/crti.o
                0x10007470                _fini
 *fill*         0x10007474        0x4 
 .fini.__stub   0x10007478       0x70 linker stubs
 *crtbegin.o(.ctors)
 *crtbegin?.o(.ctors)
 *(EXCLUDE_FILE(*crtend.o *crtend?.o) .ctors)
 *(SORT_BY_NAME(.ctors.*))
 *(.ctors)
 *crtbegin.o(.dtors)
 *crtbegin?.o(.dtors)
 *(EXCLUDE_FILE(*crtend.o *crtend?.o) .dtors)
 *(SORT_BY_NAME(.dtors.*))
 *(.dtors)
 *(.eh_frame*)
 .eh_frame      0x100074e8        0x0 f:/gnu arm/10 2021.10/bin/../lib/gcc/arm-none-eabi/10.3.1/thumb/v6-m/nofp/crtbegin.o
                0x100074e8                . = ALIGN (0x4)

.glue_7         0x100074e8        0x0
 .glue_7        0x100074e8        0x0 linker stubs

.glue_7t        0x100074e8        0x0
 .glue_7t       0x100074e8        0x0 linker stubs

.vfp11_veneer   0x100074e8        0x0
 .vfp11_veneer  0x100074e8        0x0 linker stubs

.v4_bx          0x100074e8        0x0
 .v4_bx         0x100074e8        0x0 linker stubs

.iplt           0x100074e8        0x0
 .iplt          0x100074e8        0x0 f:/gnu arm/10 2021.10/bin/../lib/gcc/arm-none-eabi/10.3.1/thumb/v6-m/nofp/crtbegin.o

.rodata         0x100074e8     0x171c
 *(EXCLUDE_FILE(*libm.a: *libc.a:*lib_a-mem*.o *libgcc.a:) .rodata*)
 .rodata.main.str1.4
                0x100074e8       0x2a CMakeFiles/analogRead.dir/analogRead.c.obj
 *fill*         0x10007512        0x2 
 .rodata.spin_lock_claim_unused.str1.4
                0x10007514       0x1b CMakeFiles/analogRead.dir/F_/RaspberryPI/Pico/pico-sdk/src/rp2_common/hardware_sync/sync.c.obj
 *fill*         0x1000752f        0x1 
 .rodata.make_branch.str1.4
                0x10007530       0x6f CMakeFiles/analogRead.dir/F_/RaspberryPI/Pico/pico-sdk/src/rp2_common/hardware_irq/irq.c.obj
 *fill*         0x1000759f        0x1 
 .rodata.insert_branch_and_link.str1.4
                0x100075a0       0x10 CMakeFiles/analogRead.dir/F_/RaspberryPI/Pico/pico-sdk/src/rp2_common/hardware_irq/irq.c.obj
 .rodata.irq_set_exclusive_handler.str1.4
                0x100075b0       0x36 CMakeFiles/analogRead.dir/F_/RaspberryPI/Pico/pico-sdk/src/rp2_common/hardware_irq/irq.c.obj
 *fill*         0x100075e6        0x2 
 .rodata.irq_add_shared_handler.str1.4
                0x100075e8       0xd9 CMakeFiles/analogRead.dir/F_/RaspberryPI/Pico/pico-sdk/src/rp2_common/hardware_irq/irq.c.obj
 *fill*         0x100076c1        0x3 
 .rodata.irq_remove_handler.str1.4
                0x100076c4       0x2a CMakeFiles/analogRead.dir/F_/RaspberryPI/Pico/pico-sdk/src/rp2_common/hardware_irq/irq.c.obj
 *fill*         0x100076ee        0x2 
 .rodata.irq_add_tail_to_free_list.str1.4
                0x100076f0       0x3a CMakeFiles/analogRead.dir/F_/RaspberryPI/Pico/pico-sdk/src/rp2_common/hardware_irq/irq.c.obj
 *fill*         0x1000772a        0x2 
 .rodata.user_irq_claim_unused.str1.4
                0x1000772c       0x1b CMakeFiles/analogRead.dir/F_/RaspberryPI/Pico/pico-sdk/src/rp2_common/hardware_irq/irq.c.obj
 *fill*         0x10007747        0x1 
 .rodata.__func__.0
                0x10007748       0x1a CMakeFiles/analogRead.dir/F_/RaspberryPI/Pico/pico-sdk/src/rp2_common/hardware_irq/irq.c.obj
 *fill*         0x10007762        0x2 
 .rodata.__func__.1
                0x10007764       0x17 CMakeFiles/analogRead.dir/F_/RaspberryPI/Pico/pico-sdk/src/rp2_common/hardware_irq/irq.c.obj
 *fill*         0x1000777b        0x1 
 .rodata.__func__.2
                0x1000777c       0x13 CMakeFiles/analogRead.dir/F_/RaspberryPI/Pico/pico-sdk/src/rp2_common/hardware_irq/irq.c.obj
 *fill*         0x1000778f        0x1 
 .rodata.__func__.3
                0x10007790        0xc CMakeFiles/analogRead.dir/F_/RaspberryPI/Pico/pico-sdk/src/rp2_common/hardware_irq/irq.c.obj
 .rodata.__func__.4
                0x1000779c        0xf CMakeFiles/analogRead.dir/F_/RaspberryPI/Pico/pico-sdk/src/rp2_common/hardware_irq/irq.c.obj
 *fill*         0x100077ab        0x1 
 .rodata.__func__.5
                0x100077ac       0x17 CMakeFiles/analogRead.dir/F_/RaspberryPI/Pico/pico-sdk/src/rp2_common/hardware_irq/irq.c.obj
 *fill*         0x100077c3        0x1 
 .rodata.__func__.6
                0x100077c4       0x1a CMakeFiles/analogRead.dir/F_/RaspberryPI/Pico/pico-sdk/src/rp2_common/hardware_irq/irq.c.obj
 *fill*         0x100077de        0x2 
 .rodata.repeating_timer_callback.str1.4
                0x100077e0       0x4d CMakeFiles/analogRead.dir/F_/RaspberryPI/Pico/pico-sdk/src/common/pico_time/time.c.obj
 *fill*         0x1000782d        0x3 
 .rodata.alarm_pool_dump_key.str1.4
                0x10007830       0x33 CMakeFiles/analogRead.dir/F_/RaspberryPI/Pico/pico-sdk/src/common/pico_time/time.c.obj
 *fill*         0x10007863        0x1 
 .rodata.ph_add_child_node.str1.4
                0x10007864       0x96 CMakeFiles/analogRead.dir/F_/RaspberryPI/Pico/pico-sdk/src/common/pico_time/time.c.obj
 *fill*         0x100078fa        0x2 
 .rodata.add_alarm_under_lock.str1.4
                0x100078fc       0x28 CMakeFiles/analogRead.dir/F_/RaspberryPI/Pico/pico-sdk/src/common/pico_time/time.c.obj
                                 0x2b (size before relaxing)
 .rodata.alarm_pool_alarm_callback.str1.4
                0x10007924       0xe6 CMakeFiles/analogRead.dir/F_/RaspberryPI/Pico/pico-sdk/src/common/pico_time/time.c.obj
 *fill*         0x10007a0a        0x2 
 .rodata.alarm_pool_get_default.str1.4
                0x10007a0c       0x21 CMakeFiles/analogRead.dir/F_/RaspberryPI/Pico/pico-sdk/src/common/pico_time/time.c.obj
 *fill*         0x10007a2d        0x3 
 .rodata.alarm_pool_cancel_alarm.str1.4
                0x10007a30       0x27 CMakeFiles/analogRead.dir/F_/RaspberryPI/Pico/pico-sdk/src/common/pico_time/time.c.obj
 *fill*         0x10007a57        0x1 
 .rodata.sleep_until.str1.4
                0x10007a58       0x4d CMakeFiles/analogRead.dir/F_/RaspberryPI/Pico/pico-sdk/src/common/pico_time/time.c.obj
 *fill*         0x10007aa5        0x3 
 .rodata.__func__.1
                0x10007aa8       0x18 CMakeFiles/analogRead.dir/F_/RaspberryPI/Pico/pico-sdk/src/common/pico_time/time.c.obj
 .rodata.__func__.10
                0x10007ac0       0x15 CMakeFiles/analogRead.dir/F_/RaspberryPI/Pico/pico-sdk/src/common/pico_time/time.c.obj
 *fill*         0x10007ad5        0x3 
 .rodata.__func__.11
                0x10007ad8       0x1a CMakeFiles/analogRead.dir/F_/RaspberryPI/Pico/pico-sdk/src/common/pico_time/time.c.obj
 *fill*         0x10007af2        0x2 
 .rodata.__func__.12
                0x10007af4        0xa CMakeFiles/analogRead.dir/F_/RaspberryPI/Pico/pico-sdk/src/common/pico_time/time.c.obj
 *fill*         0x10007afe        0x2 
 .rodata.__func__.3
                0x10007b00       0x17 CMakeFiles/analogRead.dir/F_/RaspberryPI/Pico/pico-sdk/src/common/pico_time/time.c.obj
 *fill*         0x10007b17        0x1 
 .rodata.__func__.4
                0x10007b18       0x12 CMakeFiles/analogRead.dir/F_/RaspberryPI/Pico/pico-sdk/src/common/pico_time/time.c.obj
 *fill*         0x10007b2a        0x2 
 .rodata.__func__.5
                0x10007b2c        0xd CMakeFiles/analogRead.dir/F_/RaspberryPI/Pico/pico-sdk/src/common/pico_time/time.c.obj
 *fill*         0x10007b39        0x3 
 .rodata.__func__.6
                0x10007b3c       0x12 CMakeFiles/analogRead.dir/F_/RaspberryPI/Pico/pico-sdk/src/common/pico_time/time.c.obj
 *fill*         0x10007b4e        0x2 
 .rodata.__func__.7
                0x10007b50        0xf CMakeFiles/analogRead.dir/F_/RaspberryPI/Pico/pico-sdk/src/common/pico_time/time.c.obj
 *fill*         0x10007b5f        0x1 
 .rodata.__func__.8
                0x10007b60        0xc CMakeFiles/analogRead.dir/F_/RaspberryPI/Pico/pico-sdk/src/common/pico_time/time.c.obj
 .rodata.__func__.9
                0x10007b6c       0x15 CMakeFiles/analogRead.dir/F_/RaspberryPI/Pico/pico-sdk/src/common/pico_time/time.c.obj
 *fill*         0x10007b81        0x3 
 .rodata.hardware_alarm_claim.str1.4
                0x10007b84       0x22 CMakeFiles/analogRead.dir/F_/RaspberryPI/Pico/pico-sdk/src/rp2_common/hardware_timer/timer.c.obj
 *fill*         0x10007ba6        0x2 
 .rodata.hardware_alarm_set_target.str1.4
                0x10007ba8       0x67 CMakeFiles/analogRead.dir/F_/RaspberryPI/Pico/pico-sdk/src/rp2_common/hardware_timer/timer.c.obj
 *fill*         0x10007c0f        0x1 
 .rodata.__func__.0
                0x10007c10       0x1a CMakeFiles/analogRead.dir/F_/RaspberryPI/Pico/pico-sdk/src/rp2_common/hardware_timer/timer.c.obj
 .rodata.ph_add_child_node.str1.4
                0x10007c2a       0x96 CMakeFiles/analogRead.dir/F_/RaspberryPI/Pico/pico-sdk/src/common/pico_util/pheap.c.obj
 *fill*         0x10007c2a        0x2 
 .rodata.ph_remove_any_head.str1.4
                0x10007c2c       0x90 CMakeFiles/analogRead.dir/F_/RaspberryPI/Pico/pico-sdk/src/common/pico_util/pheap.c.obj
 .rodata.ph_remove_and_free_node.str1.4
                0x10007cbc       0x1e CMakeFiles/analogRead.dir/F_/RaspberryPI/Pico/pico-sdk/src/common/pico_util/pheap.c.obj
                                 0x26 (size before relaxing)
 *fill*         0x10007cda        0x2 
 .rodata.__func__.0
                0x10007cdc       0x18 CMakeFiles/analogRead.dir/F_/RaspberryPI/Pico/pico-sdk/src/common/pico_util/pheap.c.obj
 .rodata.__func__.1
                0x10007cf4       0x13 CMakeFiles/analogRead.dir/F_/RaspberryPI/Pico/pico-sdk/src/common/pico_util/pheap.c.obj
 *fill*         0x10007d07        0x1 
 .rodata.__func__.2
                0x10007d08       0x12 CMakeFiles/analogRead.dir/F_/RaspberryPI/Pico/pico-sdk/src/common/pico_util/pheap.c.obj
 *fill*         0x10007d1a        0x2 
 .rodata.__func__.3
                0x10007d1c        0xc CMakeFiles/analogRead.dir/F_/RaspberryPI/Pico/pico-sdk/src/common/pico_util/pheap.c.obj
 .rodata.str1.4
                0x10007d28       0x8d CMakeFiles/analogRead.dir/F_/RaspberryPI/Pico/pico-sdk/src/common/pico_sync/mutex.c.obj
                                 0xf1 (size before relaxing)
 *fill*         0x10007db5        0x3 
 .rodata.__func__.1
                0x10007db8        0xb CMakeFiles/analogRead.dir/F_/RaspberryPI/Pico/pico-sdk/src/common/pico_sync/mutex.c.obj
 *fill*         0x10007dc3        0x1 
 .rodata.__func__.3
                0x10007dc4       0x18 CMakeFiles/analogRead.dir/F_/RaspberryPI/Pico/pico-sdk/src/common/pico_sync/mutex.c.obj
 .rodata.__func__.4
                0x10007ddc       0x15 CMakeFiles/analogRead.dir/F_/RaspberryPI/Pico/pico-sdk/src/common/pico_sync/mutex.c.obj
 *fill*         0x10007df1        0x3 
 .rodata.__assert_func.str1.4
                0x10007df4       0x3f CMakeFiles/analogRead.dir/F_/RaspberryPI/Pico/pico-sdk/src/rp2_common/pico_runtime/runtime.c.obj
                                 0x43 (size before relaxing)
 *fill*         0x10007e33        0x1 
 .rodata.runtime_init.str1.4
                0x10007e34       0x63 CMakeFiles/analogRead.dir/F_/RaspberryPI/Pico/pico-sdk/src/rp2_common/pico_runtime/runtime.c.obj
 *fill*         0x10007e97        0x1 
 .rodata.panic.str1.4
                0x10007e98       0x10 CMakeFiles/analogRead.dir/F_/RaspberryPI/Pico/pico-sdk/src/rp2_common/pico_runtime/runtime.c.obj
                                 0x12 (size before relaxing)
 .rodata.__func__.1
                0x10007ea8        0xd CMakeFiles/analogRead.dir/F_/RaspberryPI/Pico/pico-sdk/src/rp2_common/pico_runtime/runtime.c.obj
 *fill*         0x10007eb5        0x3 
 .rodata.clock_configure.str1.4
                0x10007eb8       0x59 CMakeFiles/analogRead.dir/F_/RaspberryPI/Pico/pico-sdk/src/rp2_common/hardware_clocks/clocks.c.obj
 *fill*         0x10007f11        0x3 
 .rodata.__func__.1
                0x10007f14       0x10 CMakeFiles/analogRead.dir/F_/RaspberryPI/Pico/pico-sdk/src/rp2_common/hardware_clocks/clocks.c.obj
 .rodata.pll_init.str1.4
                0x10007f24      0x13b CMakeFiles/analogRead.dir/F_/RaspberryPI/Pico/pico-sdk/src/rp2_common/hardware_pll/pll.c.obj
 *fill*         0x1000805f        0x1 
 .rodata.__func__.0
                0x10008060        0x9 CMakeFiles/analogRead.dir/F_/RaspberryPI/Pico/pico-sdk/src/rp2_common/hardware_pll/pll.c.obj
 *fill*         0x10008069        0x3 
 .rodata._ftoa.str1.4
                0x1000806c       0x15 CMakeFiles/analogRead.dir/F_/RaspberryPI/Pico/pico-sdk/src/rp2_common/pico_printf/printf.c.obj
 *fill*         0x10008081        0x3 
 .rodata._vsnprintf
                0x10008084      0x1e0 CMakeFiles/analogRead.dir/F_/RaspberryPI/Pico/pico-sdk/src/rp2_common/pico_printf/printf.c.obj
 *fill*         0x10008264        0x4 
 .rodata.pow10.0
                0x10008268       0x50 CMakeFiles/analogRead.dir/F_/RaspberryPI/Pico/pico-sdk/src/rp2_common/pico_printf/printf.c.obj
 .rodata.__aeabi_double_init.str1.4
                0x100082b8       0xaa CMakeFiles/analogRead.dir/F_/RaspberryPI/Pico/pico-sdk/src/rp2_common/pico_double/double_init_rom.c.obj
 *fill*         0x10008362        0x2 
 .rodata.__func__.0
                0x10008364       0x14 CMakeFiles/analogRead.dir/F_/RaspberryPI/Pico/pico-sdk/src/rp2_common/pico_double/double_init_rom.c.obj
 .rodata.__aeabi_float_init.str1.4
                0x10008378       0x7c CMakeFiles/analogRead.dir/F_/RaspberryPI/Pico/pico-sdk/src/rp2_common/pico_float/float_init_rom.c.obj
                                 0x80 (size before relaxing)
 .rodata.__func__.0
                0x100083f4       0x13 CMakeFiles/analogRead.dir/F_/RaspberryPI/Pico/pico-sdk/src/rp2_common/pico_float/float_init_rom.c.obj
 *fill*         0x10008407        0x1 
 .rodata.str1.4
                0x10008408       0x40 CMakeFiles/analogRead.dir/F_/RaspberryPI/Pico/pico-sdk/src/rp2_common/pico_standard_link/binary_info.c.obj
 .rodata.__bi_44
                0x10008448        0xc CMakeFiles/analogRead.dir/F_/RaspberryPI/Pico/pico-sdk/src/rp2_common/pico_standard_link/binary_info.c.obj
 .rodata.__bi_75
                0x10008454        0xc CMakeFiles/analogRead.dir/F_/RaspberryPI/Pico/pico-sdk/src/rp2_common/pico_standard_link/binary_info.c.obj
 .rodata.__bi_81
                0x10008460        0xc CMakeFiles/analogRead.dir/F_/RaspberryPI/Pico/pico-sdk/src/rp2_common/pico_standard_link/binary_info.c.obj
 .rodata.crlf_str.3
                0x1000846c        0x2 CMakeFiles/analogRead.dir/F_/RaspberryPI/Pico/pico-sdk/src/rp2_common/pico_stdio/stdio.c.obj
 *fill*         0x1000846e        0x2 
 .rodata._resetd_driver
                0x10008470       0x18 CMakeFiles/analogRead.dir/F_/RaspberryPI/Pico/pico-sdk/src/rp2_common/pico_stdio_usb/reset_interface.c.obj
 .rodata.timer_task.str1.4
                0x10008488       0x6f CMakeFiles/analogRead.dir/F_/RaspberryPI/Pico/pico-sdk/src/rp2_common/pico_stdio_usb/stdio_usb.c.obj
 .rodata.stdio_usb_init.str1.4
                0x100084f7       0x63 CMakeFiles/analogRead.dir/F_/RaspberryPI/Pico/pico-sdk/src/rp2_common/pico_stdio_usb/stdio_usb.c.obj
 *fill*         0x100084f7        0x1 
 .rodata.str1.4
                0x100084f8       0x13 CMakeFiles/analogRead.dir/F_/RaspberryPI/Pico/pico-sdk/src/rp2_common/pico_stdio_usb/stdio_usb.c.obj
 *fill*         0x1000850b        0x1 
 .rodata.__bi_118.2
                0x1000850c        0xc CMakeFiles/analogRead.dir/F_/RaspberryPI/Pico/pico-sdk/src/rp2_common/pico_stdio_usb/stdio_usb.c.obj
 .rodata.__func__.0
                0x10008518       0x15 CMakeFiles/analogRead.dir/F_/RaspberryPI/Pico/pico-sdk/src/rp2_common/pico_stdio_usb/stdio_usb.c.obj
 *fill*         0x1000852d        0x3 
 .rodata.__func__.1
                0x10008530        0xb CMakeFiles/analogRead.dir/F_/RaspberryPI/Pico/pico-sdk/src/rp2_common/pico_stdio_usb/stdio_usb.c.obj
 *fill*         0x1000853b        0x1 
 .rodata.str1.4
                0x1000853c       0x2a CMakeFiles/analogRead.dir/F_/RaspberryPI/Pico/pico-sdk/src/rp2_common/pico_stdio_usb/stdio_usb_descriptors.c.obj
 *fill*         0x10008566        0x2 
 .rodata.usbd_desc_cfg
                0x10008568       0x54 CMakeFiles/analogRead.dir/F_/RaspberryPI/Pico/pico-sdk/src/rp2_common/pico_stdio_usb/stdio_usb_descriptors.c.obj
 .rodata.usbd_desc_device
                0x100085bc       0x12 CMakeFiles/analogRead.dir/F_/RaspberryPI/Pico/pico-sdk/src/rp2_common/pico_stdio_usb/stdio_usb_descriptors.c.obj
 *fill*         0x100085ce        0x2 
 .rodata.usbd_desc_str
                0x100085d0       0x18 CMakeFiles/analogRead.dir/F_/RaspberryPI/Pico/pico-sdk/src/rp2_common/pico_stdio_usb/stdio_usb_descriptors.c.obj
 .rodata._hw_endpoint_alloc.str1.4
                0x100085e8       0xb9 CMakeFiles/analogRead.dir/F_/RaspberryPI/Pico/pico-sdk/lib/tinyusb/src/portable/raspberrypi/rp2040/dcd_rp2040.c.obj
 *fill*         0x100086a1        0x3 
 .rodata.dcd_rp2040_irq.str1.4
                0x100086a4       0x14 CMakeFiles/analogRead.dir/F_/RaspberryPI/Pico/pico-sdk/lib/tinyusb/src/portable/raspberrypi/rp2040/dcd_rp2040.c.obj
 .rodata.dcd_int_enable.str1.4
                0x100086b8        0xc CMakeFiles/analogRead.dir/F_/RaspberryPI/Pico/pico-sdk/lib/tinyusb/src/portable/raspberrypi/rp2040/dcd_rp2040.c.obj
 .rodata.__func__.0
                0x100086c4        0xe CMakeFiles/analogRead.dir/F_/RaspberryPI/Pico/pico-sdk/lib/tinyusb/src/portable/raspberrypi/rp2040/dcd_rp2040.c.obj
 *fill*         0x100086d2        0x2 
 .rodata.__func__.1
                0x100086d4        0xe CMakeFiles/analogRead.dir/F_/RaspberryPI/Pico/pico-sdk/lib/tinyusb/src/portable/raspberrypi/rp2040/dcd_rp2040.c.obj
 *fill*         0x100086e2        0x2 
 .rodata.__func__.3
                0x100086e4       0x10 CMakeFiles/analogRead.dir/F_/RaspberryPI/Pico/pico-sdk/lib/tinyusb/src/portable/raspberrypi/rp2040/dcd_rp2040.c.obj
 .rodata.__func__.5
                0x100086f4        0xf CMakeFiles/analogRead.dir/F_/RaspberryPI/Pico/pico-sdk/lib/tinyusb/src/portable/raspberrypi/rp2040/dcd_rp2040.c.obj
 *fill*         0x10008703        0x1 
 .rodata.__func__.6
                0x10008704       0x13 CMakeFiles/analogRead.dir/F_/RaspberryPI/Pico/pico-sdk/lib/tinyusb/src/portable/raspberrypi/rp2040/dcd_rp2040.c.obj
 *fill*         0x10008717        0x1 
 .rodata.__func__.7
                0x10008718        0x9 CMakeFiles/analogRead.dir/F_/RaspberryPI/Pico/pico-sdk/lib/tinyusb/src/portable/raspberrypi/rp2040/dcd_rp2040.c.obj
 *fill*         0x10008721        0x3 
 .rodata.sync_ep_buffer.str1.4
                0x10008724       0x95 CMakeFiles/analogRead.dir/F_/RaspberryPI/Pico/pico-sdk/lib/tinyusb/src/portable/raspberrypi/rp2040/rp2040_usb.c.obj
 *fill*         0x100087b9        0x3 
 .rodata._hw_endpoint_buffer_control_update32.str1.4
                0x100087bc       0x1f CMakeFiles/analogRead.dir/F_/RaspberryPI/Pico/pico-sdk/lib/tinyusb/src/portable/raspberrypi/rp2040/rp2040_usb.c.obj
 *fill*         0x100087db        0x1 
 .rodata.hw_endpoint_xfer_start.str1.4
                0x100087dc       0x38 CMakeFiles/analogRead.dir/F_/RaspberryPI/Pico/pico-sdk/lib/tinyusb/src/portable/raspberrypi/rp2040/rp2040_usb.c.obj
 .rodata.hw_endpoint_xfer_continue.str1.4
                0x10008814       0x29 CMakeFiles/analogRead.dir/F_/RaspberryPI/Pico/pico-sdk/lib/tinyusb/src/portable/raspberrypi/rp2040/rp2040_usb.c.obj
 *fill*         0x1000883d        0x3 
 .rodata.str1.4
                0x10008840        0x7 CMakeFiles/analogRead.dir/F_/RaspberryPI/Pico/pico-sdk/lib/tinyusb/src/portable/raspberrypi/rp2040/rp2040_usb.c.obj
 *fill*         0x10008847        0x1 
 .rodata.__func__.0
                0x10008848        0xf CMakeFiles/analogRead.dir/F_/RaspberryPI/Pico/pico-sdk/lib/tinyusb/src/portable/raspberrypi/rp2040/rp2040_usb.c.obj
 *fill*         0x10008857        0x1 
 .rodata.process_set_config.str1.4
                0x10008858       0x17 CMakeFiles/analogRead.dir/F_/RaspberryPI/Pico/pico-sdk/lib/tinyusb/src/device/usbd.c.obj
 *fill*         0x1000886f        0x1 
 .rodata.process_get_descriptor
                0x10008870       0x40 CMakeFiles/analogRead.dir/F_/RaspberryPI/Pico/pico-sdk/lib/tinyusb/src/device/usbd.c.obj
 .rodata.process_control_request
                0x100088b0       0x28 CMakeFiles/analogRead.dir/F_/RaspberryPI/Pico/pico-sdk/lib/tinyusb/src/device/usbd.c.obj
 .rodata.tud_task
                0x100088d8       0x24 CMakeFiles/analogRead.dir/F_/RaspberryPI/Pico/pico-sdk/lib/tinyusb/src/device/usbd.c.obj
 .rodata.__func__.2
                0x100088fc        0xf CMakeFiles/analogRead.dir/F_/RaspberryPI/Pico/pico-sdk/lib/tinyusb/src/device/usbd.c.obj
 *fill*         0x1000890b        0x1 
 .rodata.__func__.3
                0x1000890c        0xf CMakeFiles/analogRead.dir/F_/RaspberryPI/Pico/pico-sdk/lib/tinyusb/src/device/usbd.c.obj
 *fill*         0x1000891b        0x1 
 .rodata.__func__.4
                0x1000891c       0x14 CMakeFiles/analogRead.dir/F_/RaspberryPI/Pico/pico-sdk/lib/tinyusb/src/device/usbd.c.obj
 .rodata.__func__.5
                0x10008930       0x10 CMakeFiles/analogRead.dir/F_/RaspberryPI/Pico/pico-sdk/lib/tinyusb/src/device/usbd.c.obj
 .rodata.__func__.6
                0x10008940       0x17 CMakeFiles/analogRead.dir/F_/RaspberryPI/Pico/pico-sdk/lib/tinyusb/src/device/usbd.c.obj
 *fill*         0x10008957        0x1 
 .rodata.__func__.7
                0x10008958       0x13 CMakeFiles/analogRead.dir/F_/RaspberryPI/Pico/pico-sdk/lib/tinyusb/src/device/usbd.c.obj
 *fill*         0x1000896b        0x1 
 .rodata.__func__.8
                0x1000896c       0x18 CMakeFiles/analogRead.dir/F_/RaspberryPI/Pico/pico-sdk/lib/tinyusb/src/device/usbd.c.obj
 .rodata.__func__.9
                0x10008984        0x9 CMakeFiles/analogRead.dir/F_/RaspberryPI/Pico/pico-sdk/lib/tinyusb/src/device/usbd.c.obj
 *fill*         0x1000898d        0x3 
 .rodata._usbd_driver
                0x10008990       0x18 CMakeFiles/analogRead.dir/F_/RaspberryPI/Pico/pico-sdk/lib/tinyusb/src/device/usbd.c.obj
 .rodata.tud_control_xfer.str1.4
                0x100089a8       0x17 CMakeFiles/analogRead.dir/F_/RaspberryPI/Pico/pico-sdk/lib/tinyusb/src/device/usbd_control.c.obj
 .rodata.__func__.0
                0x100089a8       0x15 CMakeFiles/analogRead.dir/F_/RaspberryPI/Pico/pico-sdk/lib/tinyusb/src/device/usbd_control.c.obj
 *fill*         0x100089bd        0x3 
 .rodata.__func__.1
                0x100089c0       0x11 CMakeFiles/analogRead.dir/F_/RaspberryPI/Pico/pico-sdk/lib/tinyusb/src/device/usbd_control.c.obj
 .rodata.tud_cdc_n_write_flush.str1.4
                0x100089d1       0x17 CMakeFiles/analogRead.dir/F_/RaspberryPI/Pico/pico-sdk/lib/tinyusb/src/class/cdc/cdc_device.c.obj
 *fill*         0x100089d1        0x3 
 .rodata.__func__.0
                0x100089d4        0xd CMakeFiles/analogRead.dir/F_/RaspberryPI/Pico/pico-sdk/lib/tinyusb/src/class/cdc/cdc_device.c.obj
 *fill*         0x100089e1        0x3 
 .rodata.__func__.1
                0x100089e4        0xa CMakeFiles/analogRead.dir/F_/RaspberryPI/Pico/pico-sdk/lib/tinyusb/src/class/cdc/cdc_device.c.obj
 *fill*         0x100089ee        0x2 
 .rodata.__func__.2
                0x100089f0       0x16 CMakeFiles/analogRead.dir/F_/RaspberryPI/Pico/pico-sdk/lib/tinyusb/src/class/cdc/cdc_device.c.obj
 .rodata.tusb_init.str1.4
                0x10008a06       0x17 CMakeFiles/analogRead.dir/F_/RaspberryPI/Pico/pico-sdk/lib/tinyusb/src/tusb.c.obj
 *fill*         0x10008a06        0x2 
 .rodata.__func__.0
                0x10008a08       0x11 CMakeFiles/analogRead.dir/F_/RaspberryPI/Pico/pico-sdk/lib/tinyusb/src/tusb.c.obj
 *fill*         0x10008a19        0x3 
 .rodata.__func__.1
                0x10008a1c        0xa CMakeFiles/analogRead.dir/F_/RaspberryPI/Pico/pico-sdk/lib/tinyusb/src/tusb.c.obj
 *fill*         0x10008a26        0x2 
 .rodata.pico_get_unique_board_id_string.str1.4
                0x10008a28       0x4f CMakeFiles/analogRead.dir/F_/RaspberryPI/Pico/pico-sdk/src/rp2_common/pico_unique_id/unique_id.c.obj
 *fill*         0x10008a77        0x1 
 .rodata.__func__.0
                0x10008a78       0x20 CMakeFiles/analogRead.dir/F_/RaspberryPI/Pico/pico-sdk/src/rp2_common/pico_unique_id/unique_id.c.obj
 .rodata.str1.4
                0x10008a98      0x15a CMakeFiles/analogRead.dir/F_/RaspberryPI/Pico/pico-sdk/src/rp2_common/hardware_flash/flash.c.obj
 *fill*         0x10008bf2        0x2 
 .rodata.__func__.0
                0x10008bf4        0xd CMakeFiles/analogRead.dir/F_/RaspberryPI/Pico/pico-sdk/src/rp2_common/hardware_flash/flash.c.obj
                0x10008c04                . = ALIGN (0x4)
 *fill*         0x10008c01        0x3 
 *(SORT_BY_ALIGNMENT(SORT_BY_NAME(.flashdata*)))
                0x10008c04                . = ALIGN (0x4)

.rel.dyn        0x10008c04        0x0
 .rel.iplt      0x10008c04        0x0 f:/gnu arm/10 2021.10/bin/../lib/gcc/arm-none-eabi/10.3.1/thumb/v6-m/nofp/crtbegin.o

.ARM.extab
 *(.ARM.extab* .gnu.linkonce.armextab.*)
                0x10008c04                __exidx_start = .

.ARM.exidx
 *(.ARM.exidx* .gnu.linkonce.armexidx.*)
                0x10008c04                __exidx_end = .
                0x10008c04                . = ALIGN (0x4)
                0x10008c04                __binary_info_start = .

.binary_info    0x10008c04       0x20
 *(.binary_info.keep.*)
 .binary_info.keep.__bi_ptr22
                0x10008c04        0x4 CMakeFiles/analogRead.dir/F_/RaspberryPI/Pico/pico-sdk/src/rp2_common/pico_standard_link/binary_info.c.obj
 .binary_info.keep.__bi_ptr30
                0x10008c08        0x4 CMakeFiles/analogRead.dir/F_/RaspberryPI/Pico/pico-sdk/src/rp2_common/pico_standard_link/binary_info.c.obj
 .binary_info.keep.__bi_ptr38
                0x10008c0c        0x4 CMakeFiles/analogRead.dir/F_/RaspberryPI/Pico/pico-sdk/src/rp2_common/pico_standard_link/binary_info.c.obj
 .binary_info.keep.__bi_ptr44
                0x10008c10        0x4 CMakeFiles/analogRead.dir/F_/RaspberryPI/Pico/pico-sdk/src/rp2_common/pico_standard_link/binary_info.c.obj
 .binary_info.keep.__bi_ptr50
                0x10008c14        0x4 CMakeFiles/analogRead.dir/F_/RaspberryPI/Pico/pico-sdk/src/rp2_common/pico_standard_link/binary_info.c.obj
 .binary_info.keep.__bi_ptr75
                0x10008c18        0x4 CMakeFiles/analogRead.dir/F_/RaspberryPI/Pico/pico-sdk/src/rp2_common/pico_standard_link/binary_info.c.obj
 .binary_info.keep.__bi_ptr81
                0x10008c1c        0x4 CMakeFiles/analogRead.dir/F_/RaspberryPI/Pico/pico-sdk/src/rp2_common/pico_standard_link/binary_info.c.obj
 *(.binary_info.*)
 .binary_info.__bi_ptr118
                0x10008c20        0x4 CMakeFiles/analogRead.dir/F_/RaspberryPI/Pico/pico-sdk/src/rp2_common/pico_stdio_usb/stdio_usb.c.obj
                0x10008c24                __binary_info_end = .
                0x10008c24                . = ALIGN (0x4)
                0x10008c24                __etext = .

.ram_vector_table
                0x20000000       0xc0
 *(.ram_vector_table)
 .ram_vector_table
                0x20000000       0xc0 CMakeFiles/analogRead.dir/F_/RaspberryPI/Pico/pico-sdk/src/rp2_common/pico_runtime/runtime.c.obj
                0x20000000                ram_vector_table

.data           0x200000c0      0x460 load address 0x10008c24
                0x200000c0                __data_start__ = .
 *(vtable)
 *(.time_critical*)
 .time_critical.mutex_enter_blocking
                0x200000c0       0x48 CMakeFiles/analogRead.dir/F_/RaspberryPI/Pico/pico-sdk/src/common/pico_sync/mutex.c.obj
                0x200000c0                mutex_enter_blocking
 .time_critical.mutex_try_enter
                0x20000108       0x46 CMakeFiles/analogRead.dir/F_/RaspberryPI/Pico/pico-sdk/src/common/pico_sync/mutex.c.obj
                0x20000108                mutex_try_enter
 *fill*         0x2000014e        0x2 
 .time_critical.mutex_enter_block_until
                0x20000150       0x8c CMakeFiles/analogRead.dir/F_/RaspberryPI/Pico/pico-sdk/src/common/pico_sync/mutex.c.obj
                0x20000150                mutex_enter_block_until
 .time_critical.mutex_enter_timeout_ms
                0x200001dc       0x74 CMakeFiles/analogRead.dir/F_/RaspberryPI/Pico/pico-sdk/src/common/pico_sync/mutex.c.obj
                0x200001dc                mutex_enter_timeout_ms
 .time_critical.mutex_exit
                0x20000250       0x4c CMakeFiles/analogRead.dir/F_/RaspberryPI/Pico/pico-sdk/src/common/pico_sync/mutex.c.obj
                0x20000250                mutex_exit
 .time_critical.flash_init_boot2_copyout
                0x2000029c       0x30 CMakeFiles/analogRead.dir/F_/RaspberryPI/Pico/pico-sdk/src/rp2_common/hardware_flash/flash.c.obj
 .time_critical.flash_enable_xip_via_boot2
                0x200002cc       0x10 CMakeFiles/analogRead.dir/F_/RaspberryPI/Pico/pico-sdk/src/rp2_common/hardware_flash/flash.c.obj
 .time_critical.flash_cs_force
                0x200002dc       0x28 CMakeFiles/analogRead.dir/F_/RaspberryPI/Pico/pico-sdk/src/rp2_common/hardware_flash/flash.c.obj
 .time_critical.flash_do_cmd
                0x20000304       0xd8 CMakeFiles/analogRead.dir/F_/RaspberryPI/Pico/pico-sdk/src/rp2_common/hardware_flash/flash.c.obj
                0x20000304                flash_do_cmd
 *(.text*)
 .text          0x200003dc        0x4 f:/gnu arm/10 2021.10/bin/../lib/gcc/arm-none-eabi/10.3.1/thumb/v6-m/nofp\libgcc.a(_dvmd_tls.o)
                0x200003dc                __aeabi_idiv0
                0x200003dc                __aeabi_ldiv0
 .text.__stub   0x200003e0       0x40 linker stubs
                0x20000420                . = ALIGN (0x4)
 *(.rodata*)
                0x20000420                . = ALIGN (0x4)
 *(.data*)
 .data.striped_spin_lock_num
                0x20000420        0x1 CMakeFiles/analogRead.dir/F_/RaspberryPI/Pico/pico-sdk/src/rp2_common/hardware_sync/sync.c.obj
 *fill*         0x20000421        0x3 
 .data          0x20000424       0x48 CMakeFiles/analogRead.dir/F_/RaspberryPI/Pico/pico-sdk/src/rp2_common/hardware_irq/irq_handler_chain.S.obj
                0x20000424                irq_handler_chain_slots
                0x20000454                irq_handler_chain_first_slot
                0x2000045e                irq_handler_chain_remove_tail
 .data.default_alarm_pool
                0x2000046c       0x18 CMakeFiles/analogRead.dir/F_/RaspberryPI/Pico/pico-sdk/src/common/pico_time/time.c.obj
 .data.default_alarm_pool_heap
                0x20000484       0x10 CMakeFiles/analogRead.dir/F_/RaspberryPI/Pico/pico-sdk/src/common/pico_time/time.c.obj
 *fill*         0x20000494        0xc 
 .data.aeabi_bits_funcs
                0x200004a0       0x10 CMakeFiles/analogRead.dir/F_/RaspberryPI/Pico/pico-sdk/src/rp2_common/pico_bit_ops/bit_ops_aeabi.S.obj
                0x200004a0                aeabi_bits_funcs
                0x200004b0                aeabi_bits_funcs_end
 .data.aeabi_mem_funcs
                0x200004b0       0x10 CMakeFiles/analogRead.dir/F_/RaspberryPI/Pico/pico-sdk/src/rp2_common/pico_mem_ops/mem_ops_aeabi.S.obj
                0x200004b0                aeabi_mem_funcs
                0x200004c0                aeabi_mem_funcs_end
 .data.stdio_usb
                0x200004c0       0x14 CMakeFiles/analogRead.dir/F_/RaspberryPI/Pico/pico-sdk/src/rp2_common/pico_stdio_usb/stdio_usb.c.obj
                0x200004c0                stdio_usb
 .data.ep_dir_string
                0x200004d4        0x8 CMakeFiles/analogRead.dir/F_/RaspberryPI/Pico/pico-sdk/lib/tinyusb/src/portable/raspberrypi/rp2040/rp2040_usb.c.obj
                0x200004d4                ep_dir_string
 .data._usbd_qdef
                0x200004dc       0x24 CMakeFiles/analogRead.dir/F_/RaspberryPI/Pico/pico-sdk/lib/tinyusb/src/device/usbd.c.obj
                0x200004dc                _usbd_qdef
                0x20000500                . = ALIGN (0x4)
 *(.after_data.*)
                0x20000500                . = ALIGN (0x4)
                0x20000500                PROVIDE (__mutex_array_start = .)
 *(SORT_BY_NAME(.mutex_array.*))
 *(.mutex_array)
 .mutex_array   0x20000500        0x8 CMakeFiles/analogRead.dir/F_/RaspberryPI/Pico/pico-sdk/src/rp2_common/pico_stdio/stdio.c.obj
                0x20000508                PROVIDE (__mutex_array_end = .)
                0x20000508                . = ALIGN (0x4)
                0x20000508                PROVIDE (__preinit_array_start = .)
 *(SORT_BY_NAME(.preinit_array.*))
 .preinit_array.00001
                0x20000508        0x4 CMakeFiles/analogRead.dir/F_/RaspberryPI/Pico/pico-sdk/src/rp2_common/pico_mem_ops/mem_ops_aeabi.S.obj
 .preinit_array.00010
                0x2000050c        0x4 CMakeFiles/analogRead.dir/F_/RaspberryPI/Pico/pico-sdk/src/rp2_common/pico_bit_ops/bit_ops_aeabi.S.obj
 .preinit_array.00020
                0x20000510        0x4 CMakeFiles/analogRead.dir/F_/RaspberryPI/Pico/pico-sdk/src/rp2_common/pico_double/double_aeabi.S.obj
 .preinit_array.00020
                0x20000514        0x4 CMakeFiles/analogRead.dir/F_/RaspberryPI/Pico/pico-sdk/src/rp2_common/pico_float/float_aeabi.S.obj
 *(.preinit_array)
                0x20000518                PROVIDE (__preinit_array_end = .)
                0x20000518                . = ALIGN (0x4)
                0x20000518                PROVIDE (__init_array_start = .)
 *(SORT_BY_NAME(.init_array.*))
 *(.init_array)
 .init_array    0x20000518        0x4 f:/gnu arm/10 2021.10/bin/../lib/gcc/arm-none-eabi/10.3.1/thumb/v6-m/nofp/crtbegin.o
 .init_array    0x2000051c        0x4 CMakeFiles/analogRead.dir/F_/RaspberryPI/Pico/pico-sdk/src/rp2_common/pico_unique_id/unique_id.c.obj
                0x20000520                PROVIDE (__init_array_end = .)
                0x20000520                . = ALIGN (0x4)
                [!provide]                PROVIDE (__fini_array_start = .)
 *(SORT_BY_NAME(.fini_array.*))
 *(.fini_array)
                [!provide]                PROVIDE (__fini_array_end = .)
 *(.jcr)
                0x20000520                . = ALIGN (0x4)
                0x20000520                __data_end__ = .

.igot.plt       0x20000520        0x0 load address 0x10009084
 .igot.plt      0x20000520        0x0 f:/gnu arm/10 2021.10/bin/../lib/gcc/arm-none-eabi/10.3.1/thumb/v6-m/nofp/crtbegin.o

.uninitialized_data
                0x20000520        0x0 load address 0x10009084
                0x20000520                . = ALIGN (0x4)
 *(.uninitialized_data*)

.scratch_x      0x20040000        0x0 load address 0x10009084
                0x20040000                __scratch_x_start__ = .
 *(.scratch_x.*)
                0x20040000                . = ALIGN (0x4)
                0x20040000                __scratch_x_end__ = .
                0x10009084                __scratch_x_source__ = LOADADDR (.scratch_x)

.scratch_y      0x20041000        0x0 load address 0x10009084
                0x20041000                __scratch_y_start__ = .
 *(.scratch_y.*)
                0x20041000                . = ALIGN (0x4)
                0x20041000                __scratch_y_end__ = .
                0x10009084                __scratch_y_source__ = LOADADDR (.scratch_y)

.bss            0x20000520      0xd84
                0x20000520                . = ALIGN (0x4)
                0x20000520                __bss_start__ = .
 *(SORT_BY_ALIGNMENT(SORT_BY_NAME(.bss*)))
 .bss.default_alarm_pool_entries
                0x20000520      0x100 CMakeFiles/analogRead.dir/F_/RaspberryPI/Pico/pico-sdk/src/common/pico_time/time.c.obj
 .bss.last_avail_time.3
                0x20000620        0x8 CMakeFiles/analogRead.dir/F_/RaspberryPI/Pico/pico-sdk/src/rp2_common/pico_stdio_usb/stdio_usb.c.obj
 .bss           0x20000628       0x1c f:/gnu arm/10 2021.10/bin/../lib/gcc/arm-none-eabi/10.3.1/thumb/v6-m/nofp/crtbegin.o
 .bss._app_driver
                0x20000644        0x4 CMakeFiles/analogRead.dir/F_/RaspberryPI/Pico/pico-sdk/lib/tinyusb/src/device/usbd.c.obj
 .bss._cdcd_itf