Archive member included to satisfy reference by file (symbol)

f:/gnu arm/10 2021.10/bin/../lib/gcc/arm-none-eabi/10.3.1/thumb/v6-m/nofp\libgcc.a(_dvmd_tls.o)
                              CMakeFiles/blink.dir/F_/RaspberryPI/Pico/pico-sdk/src/rp2_common/pico_divider/divider.S.obj (__aeabi_idiv0)
f:/gnu arm/10 2021.10/bin/../lib/gcc/arm-none-eabi/10.3.1/../../../../arm-none-eabi/lib/thumb/v6-m/nofp\libg.a(lib_a-calloc.o)
                              CMakeFiles/blink.dir/F_/RaspberryPI/Pico/pico-sdk/src/rp2_common/pico_malloc/pico_malloc.c.obj (calloc)
f:/gnu arm/10 2021.10/bin/../lib/gcc/arm-none-eabi/10.3.1/../../../../arm-none-eabi/lib/thumb/v6-m/nofp\libg.a(lib_a-callocr.o)
                              f:/gnu arm/10 2021.10/bin/../lib/gcc/arm-none-eabi/10.3.1/../../../../arm-none-eabi/lib/thumb/v6-m/nofp\libg.a(lib_a-calloc.o) (_calloc_r)
f:/gnu arm/10 2021.10/bin/../lib/gcc/arm-none-eabi/10.3.1/../../../../arm-none-eabi/lib/thumb/v6-m/nofp\libg.a(lib_a-ctype_.o)
                              CMakeFiles/blink.dir/F_/RaspberryPI/Pico/pico-sdk/lib/tinyusb/src/tusb.c.obj (_ctype_)
f:/gnu arm/10 2021.10/bin/../lib/gcc/arm-none-eabi/10.3.1/../../../../arm-none-eabi/lib/thumb/v6-m/nofp\libg.a(lib_a-errno.o)
                              f:/gnu arm/10 2021.10/bin/../lib/gcc/arm-none-eabi/10.3.1/../../../../arm-none-eabi/lib/thumb/v6-m/nofp\libg.a(lib_a-callocr.o) (__errno)
f:/gnu arm/10 2021.10/bin/../lib/gcc/arm-none-eabi/10.3.1/../../../../arm-none-eabi/lib/thumb/v6-m/nofp\libg.a(lib_a-impure.o)
                              f:/gnu arm/10 2021.10/bin/../lib/gcc/arm-none-eabi/10.3.1/../../../../arm-none-eabi/lib/thumb/v6-m/nofp\libg.a(lib_a-calloc.o) (_impure_ptr)
f:/gnu arm/10 2021.10/bin/../lib/gcc/arm-none-eabi/10.3.1/../../../../arm-none-eabi/lib/thumb/v6-m/nofp\libg.a(lib_a-init.o)
                              f:/gnu arm/10 2021.10/bin/../lib/gcc/arm-none-eabi/10.3.1/../../../../arm-none-eabi/lib/thumb/v6-m/nofp/crt0.o (__libc_init_array)
f:/gnu arm/10 2021.10/bin/../lib/gcc/arm-none-eabi/10.3.1/../../../../arm-none-eabi/lib/thumb/v6-m/nofp\libg.a(lib_a-malloc.o)
                              CMakeFiles/blink.dir/F_/RaspberryPI/Pico/pico-sdk/src/rp2_common/pico_malloc/pico_malloc.c.obj (malloc)
f:/gnu arm/10 2021.10/bin/../lib/gcc/arm-none-eabi/10.3.1/../../../../arm-none-eabi/lib/thumb/v6-m/nofp\libg.a(lib_a-mallocr.o)
                              f:/gnu arm/10 2021.10/bin/../lib/gcc/arm-none-eabi/10.3.1/../../../../arm-none-eabi/lib/thumb/v6-m/nofp\libg.a(lib_a-callocr.o) (_malloc_r)
f:/gnu arm/10 2021.10/bin/../lib/gcc/arm-none-eabi/10.3.1/../../../../arm-none-eabi/lib/thumb/v6-m/nofp\libg.a(lib_a-mlock.o)
                              f:/gnu arm/10 2021.10/bin/../lib/gcc/arm-none-eabi/10.3.1/../../../../arm-none-eabi/lib/thumb/v6-m/nofp\libg.a(lib_a-mallocr.o) (__malloc_lock)
f:/gnu arm/10 2021.10/bin/../lib/gcc/arm-none-eabi/10.3.1/../../../../arm-none-eabi/lib/thumb/v6-m/nofp\libg.a(lib_a-realloc.o)
                              CMakeFiles/blink.dir/F_/RaspberryPI/Pico/pico-sdk/src/rp2_common/pico_malloc/pico_malloc.c.obj (realloc)
f:/gnu arm/10 2021.10/bin/../lib/gcc/arm-none-eabi/10.3.1/../../../../arm-none-eabi/lib/thumb/v6-m/nofp\libg.a(lib_a-reallocr.o)
                              f:/gnu arm/10 2021.10/bin/../lib/gcc/arm-none-eabi/10.3.1/../../../../arm-none-eabi/lib/thumb/v6-m/nofp\libg.a(lib_a-realloc.o) (_realloc_r)
f:/gnu arm/10 2021.10/bin/../lib/gcc/arm-none-eabi/10.3.1/../../../../arm-none-eabi/lib/thumb/v6-m/nofp\libg.a(lib_a-sbrkr.o)
                              f:/gnu arm/10 2021.10/bin/../lib/gcc/arm-none-eabi/10.3.1/../../../../arm-none-eabi/lib/thumb/v6-m/nofp\libg.a(lib_a-mallocr.o) (_sbrk_r)
f:/gnu arm/10 2021.10/bin/../lib/gcc/arm-none-eabi/10.3.1/../../../../arm-none-eabi/lib/thumb/v6-m/nofp\libg.a(lib_a-strlen-stub.o)
                              CMakeFiles/blink.dir/F_/RaspberryPI/Pico/pico-sdk/src/rp2_common/pico_stdio/stdio.c.obj (strlen)
f:/gnu arm/10 2021.10/bin/../lib/gcc/arm-none-eabi/10.3.1/../../../../arm-none-eabi/lib/thumb/v6-m/nofp\libg.a(lib_a-freer.o)
                              f:/gnu arm/10 2021.10/bin/../lib/gcc/arm-none-eabi/10.3.1/../../../../arm-none-eabi/lib/thumb/v6-m/nofp\libg.a(lib_a-malloc.o) (_free_r)
f:/gnu arm/10 2021.10/bin/../lib/gcc/arm-none-eabi/10.3.1/../../../../arm-none-eabi/lib/thumb/v6-m/nofp\libg.a(lib_a-lock.o)
                              f:/gnu arm/10 2021.10/bin/../lib/gcc/arm-none-eabi/10.3.1/../../../../arm-none-eabi/lib/thumb/v6-m/nofp\libg.a(lib_a-mlock.o) (__retarget_lock_acquire_recursive)
f:/gnu arm/10 2021.10/bin/../lib/gcc/arm-none-eabi/10.3.1/../../../../arm-none-eabi/lib/thumb/v6-m/nofp\libg.a(lib_a-memmove.o)
                              f:/gnu arm/10 2021.10/bin/../lib/gcc/arm-none-eabi/10.3.1/../../../../arm-none-eabi/lib/thumb/v6-m/nofp\libg.a(lib_a-reallocr.o) (memmove)
f:/gnu arm/10 2021.10/bin/../lib/gcc/arm-none-eabi/10.3.1/../../../../arm-none-eabi/lib/thumb/v6-m/nofp\libg.a(lib_a-reent.o)
[...]
Memory Configuration

Name             Origin             Length             Attributes
FLASH            0x10000000         0x00200000         xr
RAM              0x20000000         0x00040000         xrw
SCRATCH_X        0x20040000         0x00001000         xrw
SCRATCH_Y        0x20041000         0x00001000         xrw
*default*        0x00000000         0xffffffff

Linker script and memory map

LOAD f:/gnu arm/10 2021.10/bin/../lib/gcc/arm-none-eabi/10.3.1/thumb/v6-m/nofp/crti.o
LOAD f:/gnu arm/10 2021.10/bin/../lib/gcc/arm-none-eabi/10.3.1/thumb/v6-m/nofp/crtbegin.o
LOAD f:/gnu arm/10 2021.10/bin/../lib/gcc/arm-none-eabi/10.3.1/../../../../arm-none-eabi/lib/thumb/v6-m/nofp/crt0.o

.flash_begin    0x10000000        0x0
                0x10000000                __flash_binary_start = .

.boot2          0x10000000      0x100
                0x10000000                __boot2_start__ = .
 *(.boot2)
 .boot2         0x10000000      0x100 C:\Users\acer\AppData\Local\Temp\ccsVgD3j.o
                0x10000100                __boot2_end__ = .
                0x00000001                ASSERT (((__boot2_end__ - __boot2_start__) == 0x100), ERROR: Pico second stage bootloader must be 256 bytes in size)

.text           0x10000100     0x71f8
                0x10000100                __logical_binary_start = .
 *(.vectors)
 .vectors       0x10000100       0xd4 CMakeFiles/blink.dir/F_/RaspberryPI/Pico/pico-sdk/src/rp2_common/pico_standard_link/crt0.S.obj
                0x10000100                __VECTOR_TABLE
                0x10000100                __vectors
                0x100001c0                isr_invalid
                0x100001c0                __default_isrs_start
                0x100001c2                isr_nmi
                0x100001c4                isr_hardfault
                0x100001c6                isr_svcall
                0x100001c8                isr_pendsv
                0x100001ca                isr_systick
                0x100001cc                isr_irq23
                0x100001cc                isr_irq18
                0x100001cc                isr_irq11
                0x100001cc                isr_irq28
                0x100001cc                isr_irq19
                0x100001cc                isr_irq0
                0x100001cc                isr_irq6
                0x100001cc                isr_irq5
                0x100001cc                isr_irq12
                0x100001cc                isr_irq22
                0x100001cc                isr_irq31
                0x100001cc                isr_irq17
                0x100001cc                isr_irq27
                0x100001cc                isr_irq30
                0x100001cc                isr_irq2
                0x100001cc                isr_irq10
                0x100001cc                isr_irq8
                0x100001cc                isr_irq24
                0x100001cc                isr_irq1
                0x100001cc                isr_irq7
                0x100001cc                isr_irq21
                0x100001cc                isr_irq20
                0x100001cc                isr_irq15
                0x100001cc                isr_irq25
                0x100001cc                isr_irq13
                0x100001cc                __unhandled_user_irq
                0x100001cc                isr_irq4
                0x100001cc                isr_irq16
                0x100001cc                isr_irq29
                0x100001cc                isr_irq26
                0x100001cc                __default_isrs_end
                0x100001cc                isr_irq3
                0x100001cc                isr_irq14
                0x100001cc                isr_irq9
                0x100001d2                unhandled_user_irq_num_in_r0
 *(.binary_info_header)
 .binary_info_header
                0x100001d4       0x14 CMakeFiles/blink.dir/F_/RaspberryPI/Pico/pico-sdk/src/rp2_common/pico_standard_link/crt0.S.obj
                0x100001e8                __binary_info_header_end = .
 *(.reset)
 .reset         0x100001e8       0xa8 CMakeFiles/blink.dir/F_/RaspberryPI/Pico/pico-sdk/src/rp2_common/pico_standard_link/crt0.S.obj
                0x100001e8                _entry_point
                0x10000266                __get_current_exception
 .reset         0x10000290       0x30 CMakeFiles/blink.dir/F_/RaspberryPI/Pico/pico-sdk/src/rp2_common/pico_standard_link/binary_info.c.obj
 *(.init)
 .init          0x100002c0        0x4 f:/gnu arm/10 2021.10/bin/../lib/gcc/arm-none-eabi/10.3.1/thumb/v6-m/nofp/crti.o
                0x100002c0                _init
 *(EXCLUDE_FILE(*libm.a: *libc.a:*lib_a-mem*.o *libgcc.a:) .text*)
 .text          0x100002c4       0x48 f:/gnu arm/10 2021.10/bin/../lib/gcc/arm-none-eabi/10.3.1/thumb/v6-m/nofp/crtbegin.o
 .text.main     0x1000030c       0x3c CMakeFiles/blink.dir/blink.c.obj
                0x1000030c                main
 .text.gpio_set_function
                0x10000348       0x30 CMakeFiles/blink.dir/F_/RaspberryPI/Pico/pico-sdk/src/rp2_common/hardware_gpio/gpio.c.obj
                0x10000348                gpio_set_function
 .text.gpio_init
                0x10000378       0x16 CMakeFiles/blink.dir/F_/RaspberryPI/Pico/pico-sdk/src/rp2_common/hardware_gpio/gpio.c.obj
                0x10000378                gpio_init
 *fill*         0x1000038e        0x2 
 .text.hw_claim_lock
                0x10000390       0x18 CMakeFiles/blink.dir/F_/RaspberryPI/Pico/pico-sdk/src/rp2_common/hardware_claim/claim.c.obj
                0x10000390                hw_claim_lock
 .text.hw_claim_unlock
                0x100003a8       0x14 CMakeFiles/blink.dir/F_/RaspberryPI/Pico/pico-sdk/src/rp2_common/hardware_claim/claim.c.obj
                0x100003a8                hw_claim_unlock
 .text.hw_claim_or_assert
                0x100003bc       0x32 CMakeFiles/blink.dir/F_/RaspberryPI/Pico/pico-sdk/src/rp2_common/hardware_claim/claim.c.obj
                0x100003bc                hw_claim_or_assert
 .text.hw_claim_unused_from_range
                0x100003ee       0x50 CMakeFiles/blink.dir/F_/RaspberryPI/Pico/pico-sdk/src/rp2_common/hardware_claim/claim.c.obj
                0x100003ee                hw_claim_unused_from_range
 *fill*         0x1000043e        0x2 
 .text.running_on_fpga
                0x10000440       0x14 CMakeFiles/blink.dir/F_/RaspberryPI/Pico/pico-sdk/src/rp2_common/pico_platform/platform.c.obj
                0x10000440                running_on_fpga
 .text.spin_locks_reset
                0x10000454       0x20 CMakeFiles/blink.dir/F_/RaspberryPI/Pico/pico-sdk/src/rp2_common/hardware_sync/sync.c.obj
                0x10000454                spin_locks_reset
 .text.next_striped_spin_lock_num
                0x10000474       0x1c CMakeFiles/blink.dir/F_/RaspberryPI/Pico/pico-sdk/src/rp2_common/hardware_sync/sync.c.obj
                0x10000474                next_striped_spin_lock_num
 .text.spin_lock_claim_unused
                0x10000490       0x20 CMakeFiles/blink.dir/F_/RaspberryPI/Pico/pico-sdk/src/rp2_common/hardware_sync/sync.c.obj
                0x10000490                spin_lock_claim_unused
 .text.set_raw_irq_handler_and_unlock
                0x100004b0       0x28 CMakeFiles/blink.dir/F_/RaspberryPI/Pico/pico-sdk/src/rp2_common/hardware_irq/irq.c.obj
 .text.make_branch
                0x100004d8       0x48 CMakeFiles/blink.dir/F_/RaspberryPI/Pico/pico-sdk/src/rp2_common/hardware_irq/irq.c.obj
 .text.insert_branch_and_link
                0x10000520       0x40 CMakeFiles/blink.dir/F_/RaspberryPI/Pico/pico-sdk/src/rp2_common/hardware_irq/irq.c.obj
 .text.irq_is_enabled
                0x10000560       0x18 CMakeFiles/blink.dir/F_/RaspberryPI/Pico/pico-sdk/src/rp2_common/hardware_irq/irq.c.obj
                0x10000560                irq_is_enabled
 .text.irq_set_mask_enabled
                0x10000578       0x20 CMakeFiles/blink.dir/F_/RaspberryPI/Pico/pico-sdk/src/rp2_common/hardware_irq/irq.c.obj
                0x10000578                irq_set_mask_enabled
 .text.irq_set_enabled
                0x10000598        0xe CMakeFiles/blink.dir/F_/RaspberryPI/Pico/pico-sdk/src/rp2_common/hardware_irq/irq.c.obj
                0x10000598                irq_set_enabled
 *fill*         0x100005a6        0x2 
 .text.irq_set_pending
                0x100005a8       0x10 CMakeFiles/blink.dir/F_/RaspberryPI/Pico/pico-sdk/src/rp2_common/hardware_irq/irq.c.obj
                0x100005a8                irq_set_pending
 .text.irq_get_vtable_handler
                0x100005b8       0x10 CMakeFiles/blink.dir/F_/RaspberryPI/Pico/pico-sdk/src/rp2_common/hardware_irq/irq.c.obj
                0x100005b8                irq_get_vtable_handler
 .text.irq_has_shared_handler
                0x100005c8       0x24 CMakeFiles/blink.dir/F_/RaspberryPI/Pico/pico-sdk/src/rp2_common/hardware_irq/irq.c.obj
                0x100005c8                irq_has_shared_handler
 .text.irq_set_exclusive_handler
                0x100005ec       0x54 CMakeFiles/blink.dir/F_/RaspberryPI/Pico/pico-sdk/src/rp2_common/hardware_irq/irq.c.obj
                0x100005ec                irq_set_exclusive_handler
 .text.irq_add_shared_handler
                0x10000640      0x230 CMakeFiles/blink.dir/F_/RaspberryPI/Pico/pico-sdk/src/rp2_common/hardware_irq/irq.c.obj
                0x10000640                irq_add_shared_handler
 .text.irq_remove_handler
                0x10000870      0x1a8 CMakeFiles/blink.dir/F_/RaspberryPI/Pico/pico-sdk/src/rp2_common/hardware_irq/irq.c.obj
                0x10000870                irq_remove_handler
 .text.irq_add_tail_to_free_list
                0x10000a18       0xf0 CMakeFiles/blink.dir/F_/RaspberryPI/Pico/pico-sdk/src/rp2_common/hardware_irq/irq.c.obj
                0x10000a18                irq_add_tail_to_free_list
 .text.irq_init_priorities
                0x10000b08       0x1c CMakeFiles/blink.dir/F_/RaspberryPI/Pico/pico-sdk/src/rp2_common/hardware_irq/irq.c.obj
                0x10000b08                irq_init_priorities
 .text.user_irq_claim_unused
                0x10000b24       0x30 CMakeFiles/blink.dir/F_/RaspberryPI/Pico/pico-sdk/src/rp2_common/hardware_irq/irq.c.obj
                0x10000b24                user_irq_claim_unused
 .text.lock_init
                0x10000b54       0x10 CMakeFiles/blink.dir/F_/RaspberryPI/Pico/pico-sdk/src/common/pico_sync/lock_core.c.obj
                0x10000b54                lock_init
 .text.alarm_pool_post_alloc_init
                0x10000b64       0x40 CMakeFiles/blink.dir/F_/RaspberryPI/Pico/pico-sdk/src/common/pico_time/time.c.obj
 .text.sleep_until_callback
                0x10000ba4       0x30 CMakeFiles/blink.dir/F_/RaspberryPI/Pico/pico-sdk/src/common/pico_time/time.c.obj
 .text.timer_pool_entry_comparator
                0x10000bd4       0x7c CMakeFiles/blink.dir/F_/RaspberryPI/Pico/pico-sdk/src/common/pico_time/time.c.obj
                0x10000bd4                timer_pool_entry_comparator
 .text.ph_add_child_node
                0x10000c50       0xa4 CMakeFiles/blink.dir/F_/RaspberryPI/Pico/pico-sdk/src/common/pico_time/time.c.obj
 .text.ph_merge_nodes
                0x10000cf4       0x3e CMakeFiles/blink.dir/F_/RaspberryPI/Pico/pico-sdk/src/common/pico_time/time.c.obj
 *fill*         0x10000d32        0x2 
 .text.add_alarm_under_lock
                0x10000d34      0x174 CMakeFiles/blink.dir/F_/RaspberryPI/Pico/pico-sdk/src/common/pico_time/time.c.obj
 .text.alarm_pool_alarm_callback
                0x10000ea8      0x328 CMakeFiles/blink.dir/F_/RaspberryPI/Pico/pico-sdk/src/common/pico_time/time.c.obj
 .text.alarm_pool_init_default
                0x100011d0       0x38 CMakeFiles/blink.dir/F_/RaspberryPI/Pico/pico-sdk/src/common/pico_time/time.c.obj
                0x100011d0                alarm_pool_init_default
 .text.alarm_pool_get_default
                0x10001208       0x2c CMakeFiles/blink.dir/F_/RaspberryPI/Pico/pico-sdk/src/common/pico_time/time.c.obj
                0x10001208                alarm_pool_get_default
 .text.alarm_pool_add_alarm_at
                0x10001234      0x170 CMakeFiles/blink.dir/F_/RaspberryPI/Pico/pico-sdk/src/common/pico_time/time.c.obj
                0x10001234                alarm_pool_add_alarm_at
 .text.alarm_pool_cancel_alarm
                0x100013a4       0xf0 CMakeFiles/blink.dir/F_/RaspberryPI/Pico/pico-sdk/src/common/pico_time/time.c.obj
                0x100013a4                alarm_pool_cancel_alarm
 .text.sleep_until
                0x10001494       0xfc CMakeFiles/blink.dir/F_/RaspberryPI/Pico/pico-sdk/src/common/pico_time/time.c.obj
                0x10001494                sleep_until
 .text.sleep_us
                0x10001590       0x58 CMakeFiles/blink.dir/F_/RaspberryPI/Pico/pico-sdk/src/common/pico_time/time.c.obj
                0x10001590                sleep_us
 .text.sleep_ms
                0x100015e8       0x14 CMakeFiles/blink.dir/F_/RaspberryPI/Pico/pico-sdk/src/common/pico_time/time.c.obj
                0x100015e8                sleep_ms
 .text.best_effort_wfe_or_timeout
                0x100015fc       0x80 CMakeFiles/blink.dir/F_/RaspberryPI/Pico/pico-sdk/src/common/pico_time/time.c.obj
                0x100015fc                best_effort_wfe_or_timeout
 .text.hardware_alarm_irq_handler
                0x1000167c       0x8c CMakeFiles/blink.dir/F_/RaspberryPI/Pico/pico-sdk/src/rp2_common/hardware_timer/timer.c.obj
 .text.hardware_alarm_claim
                0x10001708       0x18 CMakeFiles/blink.dir/F_/RaspberryPI/Pico/pico-sdk/src/rp2_common/hardware_timer/timer.c.obj
                0x10001708                hardware_alarm_claim
 .text.time_us_64
                0x10001720       0x18 CMakeFiles/blink.dir/F_/RaspberryPI/Pico/pico-sdk/src/rp2_common/hardware_timer/timer.c.obj
                0x10001720                time_us_64
 .text.busy_wait_until
                0x10001738       0x28 CMakeFiles/blink.dir/F_/RaspberryPI/Pico/pico-sdk/src/rp2_common/hardware_timer/timer.c.obj
                0x10001738                busy_wait_until
 .text.hardware_alarm_set_callback
                0x10001760       0x90 CMakeFiles/blink.dir/F_/RaspberryPI/Pico/pico-sdk/src/rp2_common/hardware_timer/timer.c.obj
                0x10001760                hardware_alarm_set_callback
 .text.hardware_alarm_set_target
                0x100017f0       0xe8 CMakeFiles/blink.dir/F_/RaspberryPI/Pico/pico-sdk/src/rp2_common/hardware_timer/timer.c.obj
                0x100017f0                hardware_alarm_set_target
 .text.hardware_alarm_cancel
                0x100018d8       0x40 CMakeFiles/blink.dir/F_/RaspberryPI/Pico/pico-sdk/src/rp2_common/hardware_timer/timer.c.obj
                0x100018d8                hardware_alarm_cancel
 .text.ph_add_child_node
                0x10001918       0xa4 CMakeFiles/blink.dir/F_/RaspberryPI/Pico/pico-sdk/src/common/pico_util/pheap.c.obj
 .text.ph_merge_nodes
                0x100019bc       0x3e CMakeFiles/blink.dir/F_/RaspberryPI/Pico/pico-sdk/src/common/pico_util/pheap.c.obj
 *fill*         0x100019fa        0x2 
 .text.ph_clear
                0x100019fc       0x70 CMakeFiles/blink.dir/F_/RaspberryPI/Pico/pico-sdk/src/common/pico_util/pheap.c.obj
                0x100019fc                ph_clear
 .text.ph_post_alloc_init
                0x10001a6c        0xe CMakeFiles/blink.dir/F_/RaspberryPI/Pico/pico-sdk/src/common/pico_util/pheap.c.obj
                0x10001a6c                ph_post_alloc_init
 *fill*         0x10001a7a        0x2 
 .text.ph_merge_two_pass
                0x10001a7c       0xa8 CMakeFiles/blink.dir/F_/RaspberryPI/Pico/pico-sdk/src/common/pico_util/pheap.c.obj
                0x10001a7c                ph_merge_two_pass
 .text.ph_remove_any_head
                0x10001b24      0x108 CMakeFiles/blink.dir/F_/RaspberryPI/Pico/pico-sdk/src/common/pico_util/pheap.c.obj
 .text.ph_remove_head
                0x10001c2c       0x14 CMakeFiles/blink.dir/F_/RaspberryPI/Pico/pico-sdk/src/common/pico_util/pheap.c.obj
                0x10001c2c                ph_remove_head
 .text.ph_remove_and_free_node
                0x10001c40       0xf8 CMakeFiles/blink.dir/F_/RaspberryPI/Pico/pico-sdk/src/common/pico_util/pheap.c.obj
                0x10001c40                ph_remove_and_free_node
 .text.mutex_init
                0x10001d38       0x1a CMakeFiles/blink.dir/F_/RaspberryPI/Pico/pico-sdk/src/common/pico_sync/mutex.c.obj
                0x10001d38                mutex_init
 .text.recursive_mutex_init
                0x10001d52       0x1e CMakeFiles/blink.dir/F_/RaspberryPI/Pico/pico-sdk/src/common/pico_sync/mutex.c.obj
                0x10001d52                recursive_mutex_init
 .text.critical_section_init_with_lock_num
                0x10001d70       0x14 CMakeFiles/blink.dir/F_/RaspberryPI/Pico/pico-sdk/src/common/pico_sync/critical_section.c.obj
                0x10001d70                critical_section_init_with_lock_num
 .text.critical_section_init
                0x10001d84       0x14 CMakeFiles/blink.dir/F_/RaspberryPI/Pico/pico-sdk/src/common/pico_sync/critical_section.c.obj
                0x10001d84                critical_section_init
 .text._exit    0x10001d98        0x4 CMakeFiles/blink.dir/F_/RaspberryPI/Pico/pico-sdk/src/rp2_common/pico_runtime/runtime.c.obj
                0x10001d98                _exit
 .text.exit     0x10001d9c        0x6 CMakeFiles/blink.dir/F_/RaspberryPI/Pico/pico-sdk/src/rp2_common/pico_runtime/runtime.c.obj
                0x10001d9c                exit
 *fill*         0x10001da2        0x2 
 .text.__assert_func
                0x10001da4       0x3c CMakeFiles/blink.dir/F_/RaspberryPI/Pico/pico-sdk/src/rp2_common/pico_runtime/runtime.c.obj
                0x10001da4                __assert_func
 .text.runtime_init
                0x10001de0       0xf8 CMakeFiles/blink.dir/F_/RaspberryPI/Pico/pico-sdk/src/rp2_common/pico_runtime/runtime.c.obj
                0x10001de0                runtime_init
 .text.panic    0x10001ed8       0x30 CMakeFiles/blink.dir/F_/RaspberryPI/Pico/pico-sdk/src/rp2_common/pico_runtime/runtime.c.obj
                0x10001ed8                panic
 .text.clock_configure
                0x10001f08      0x104 CMakeFiles/blink.dir/F_/RaspberryPI/Pico/pico-sdk/src/rp2_common/hardware_clocks/clocks.c.obj
                0x10001f08                clock_configure
 .text.clocks_init
                0x1000200c      0x100 CMakeFiles/blink.dir/F_/RaspberryPI/Pico/pico-sdk/src/rp2_common/hardware_clocks/clocks.c.obj
                0x1000200c                clocks_init
 .text.pll_init
                0x1000210c      0x140 CMakeFiles/blink.dir/F_/RaspberryPI/Pico/pico-sdk/src/rp2_common/hardware_pll/pll.c.obj
                0x1000210c                pll_init
 .text.watchdog_start_tick
                0x1000224c       0x10 CMakeFiles/blink.dir/F_/RaspberryPI/Pico/pico-sdk/src/rp2_common/hardware_watchdog/watchdog.c.obj
                0x1000224c                watchdog_start_tick
 .text.watchdog_update
                0x1000225c       0x14 CMakeFiles/blink.dir/F_/RaspberryPI/Pico/pico-sdk/src/rp2_common/hardware_watchdog/watchdog.c.obj
                0x1000225c                watchdog_update
 .text._watchdog_enable
                0x10002270       0x78 CMakeFiles/blink.dir/F_/RaspberryPI/Pico/pico-sdk/src/rp2_common/hardware_watchdog/watchdog.c.obj
                0x10002270                _watchdog_enable
 .text.watchdog_reboot
                0x100022e8       0x48 CMakeFiles/blink.dir/F_/RaspberryPI/Pico/pico-sdk/src/rp2_common/hardware_watchdog/watchdog.c.obj
                0x100022e8                watchdog_reboot
 .text.xosc_init
                0x10002330       0x28 CMakeFiles/blink.dir/F_/RaspberryPI/Pico/pico-sdk/src/rp2_common/hardware_xosc/xosc.c.obj
                0x10002330                xosc_init
 .text._out_null
                0x10002358        0x2 CMakeFiles/blink.dir/F_/RaspberryPI/Pico/pico-sdk/src/rp2_common/pico_printf/printf.c.obj
 .text._out_fct
                0x1000235a        0xe CMakeFiles/blink.dir/F_/RaspberryPI/Pico/pico-sdk/src/rp2_common/pico_printf/printf.c.obj
 .text._atoi    0x10002368       0x24 CMakeFiles/blink.dir/F_/RaspberryPI/Pico/pico-sdk/src/rp2_common/pico_printf/printf.c.obj
 .text._out_rev
                0x1000238c       0xae CMakeFiles/blink.dir/F_/RaspberryPI/Pico/pico-sdk/src/rp2_common/pico_printf/printf.c.obj
 .text._ntoa_format
                0x1000243a      0x112 CMakeFiles/blink.dir/F_/RaspberryPI/Pico/pico-sdk/src/rp2_common/pico_printf/printf.c.obj
 .text._ntoa_long
                0x1000254c       0xbc CMakeFiles/blink.dir/F_/RaspberryPI/Pico/pico-sdk/src/rp2_common/pico_printf/printf.c.obj
 .text._ntoa_long_long
                0x10002608       0xe2 CMakeFiles/blink.dir/F_/RaspberryPI/Pico/pico-sdk/src/rp2_common/pico_printf/printf.c.obj
 *fill*         0x100026ea        0x2 
 .text._etoa    0x100026ec      0x414 CMakeFiles/blink.dir/F_/RaspberryPI/Pico/pico-sdk/src/rp2_common/pico_printf/printf.c.obj
 .text._ftoa    0x10002b00      0x354 CMakeFiles/blink.dir/F_/RaspberryPI/Pico/pico-sdk/src/rp2_common/pico_printf/printf.c.obj
 .text._vsnprintf
                0x10002e54      0x624 CMakeFiles/blink.dir/F_/RaspberryPI/Pico/pico-sdk/src/rp2_common/pico_printf/printf.c.obj
 .text.vfctprintf
                0x10003478       0x20 CMakeFiles/blink.dir/F_/RaspberryPI/Pico/pico-sdk/src/rp2_common/pico_printf/printf.c.obj
                0x10003478                vfctprintf
 .text          0x10003498       0x10 CMakeFiles/blink.dir/F_/RaspberryPI/Pico/pico-sdk/src/rp2_common/pico_bit_ops/bit_ops_aeabi.S.obj
 .text.rom_func_lookup
                0x100034a8       0x10 CMakeFiles/blink.dir/F_/RaspberryPI/Pico/pico-sdk/src/rp2_common/pico_bootrom/bootrom.c.obj
                0x100034a8                rom_func_lookup
 .text.rom_data_lookup
                0x100034b8       0x10 CMakeFiles/blink.dir/F_/RaspberryPI/Pico/pico-sdk/src/rp2_common/pico_bootrom/bootrom.c.obj
                0x100034b8                rom_data_lookup
 .text.rom_funcs_lookup
                0x100034c8       0x36 CMakeFiles/blink.dir/F_/RaspberryPI/Pico/pico-sdk/src/rp2_common/pico_bootrom/bootrom.c.obj
                0x100034c8                rom_funcs_lookup
 *fill*         0x100034fe        0x2 
 .text.__wrap___aeabi_idiv
                0x10003500       0x50 CMakeFiles/blink.dir/F_/RaspberryPI/Pico/pico-sdk/src/rp2_common/pico_divider/divider.S.obj
                0x10003500                __wrap___aeabi_idivmod
                0x10003500                divmod_s32s32
                0x10003500                div_s32s32
                0x10003500                __wrap___aeabi_idiv
                0x10003508                divmod_s32s32_unsafe
                0x10003534                divmod_s32s32_savestate
 .text.__wrap___aeabi_uidiv
                0x10003550       0x4c CMakeFiles/blink.dir/F_/RaspberryPI/Pico/pico-sdk/src/rp2_common/pico_divider/divider.S.obj
                0x10003550                __wrap___aeabi_uidiv
                0x10003550                __wrap___aeabi_uidivmod
                0x10003550                div_u32u32
                0x10003550                divmod_u32u32
                0x10003558                divmod_u32u32_unsafe
                0x10003580                divmod_u32u32_savestate
 .text.__wrap___aeabi_ldiv
                0x1000359c      0x434 CMakeFiles/blink.dir/F_/RaspberryPI/Pico/pico-sdk/src/rp2_common/pico_divider/divider.S.obj
                0x1000359c                div_s64s64
                0x1000359c                divmod_s64s64
                0x1000359c                __wrap___aeabi_ldivmod
                0x100035d4                divmod_u64u64
                0x100035d4                div_u64u64
                0x100035d4                __wrap___aeabi_uldivmod
                0x100035e4                divmod_u64u64_savestate
                0x1000360c                divmod_s64s64_unsafe
                0x10003694                divmod_u64u64_unsafe
 .text.__wrap___aeabi_darithmetic
                0x100039d0       0x80 CMakeFiles/blink.dir/F_/RaspberryPI/Pico/pico-sdk/src/rp2_common/pico_double/double_aeabi.S.obj
                0x100039d0                __wrap___aeabi_drsub
                0x100039d6                __wrap___aeabi_dsub
                0x100039e8                __wrap___aeabi_dadd
                0x100039fa                __wrap___aeabi_ddiv
                0x10003a36                __wrap___aeabi_dmul
 .text.__wrap___aeabi_cdcmple
                0x10003a50       0x6c CMakeFiles/blink.dir/F_/RaspberryPI/Pico/pico-sdk/src/rp2_common/pico_double/double_aeabi.S.obj
                0x10003a50                __wrap___aeabi_cdrcmple
                0x10003a60                __wrap___aeabi_cdcmpeq
                0x10003a60                __wrap___aeabi_cdcmple
 .text.__wrap___aeabi_dcmplt
                0x10003abc        0xc CMakeFiles/blink.dir/F_/RaspberryPI/Pico/pico-sdk/src/rp2_common/pico_double/double_aeabi.S.obj
                0x10003abc                __wrap___aeabi_dcmplt
 .text.__wrap___aeabi_dcmple
                0x10003ac8       0x10 CMakeFiles/blink.dir/F_/RaspberryPI/Pico/pico-sdk/src/rp2_common/pico_double/double_aeabi.S.obj
                0x10003ac8                __wrap___aeabi_dcmple
 .text.__wrap___aeabi_dcmpge
                0x10003ad8       0x10 CMakeFiles/blink.dir/F_/RaspberryPI/Pico/pico-sdk/src/rp2_common/pico_double/double_aeabi.S.obj
                0x10003ad8                __wrap___aeabi_dcmpge
 .text.__wrap___aeabi_dcmpgt
                0x10003ae8        0xa CMakeFiles/blink.dir/F_/RaspberryPI/Pico/pico-sdk/src/rp2_common/pico_double/double_aeabi.S.obj
                0x10003ae8                __wrap___aeabi_dcmpgt
 .text.__wrap___aeabi_dcmpun
                0x10003af2       0x1c CMakeFiles/blink.dir/F_/RaspberryPI/Pico/pico-sdk/src/rp2_common/pico_double/double_aeabi.S.obj
                0x10003af2                __wrap___aeabi_dcmpun
 *fill*         0x10003b0e        0x2 
 .text.__wrap___aeabi_i2d
                0x10003b10       0x38 CMakeFiles/blink.dir/F_/RaspberryPI/Pico/pico-sdk/src/rp2_common/pico_double/double_aeabi.S.obj
                0x10003b10                __wrap___aeabi_ui2d
                0x10003b18                __wrap___aeabi_i2d
 .text.__wrap___aeabi_d2iz
                0x10003b48       0x48 CMakeFiles/blink.dir/F_/RaspberryPI/Pico/pico-sdk/src/rp2_common/pico_double/double_aeabi.S.obj
                0x10003b48                double2int_z
                0x10003b48                __wrap___aeabi_d2iz
 .text.__wrap___aeabi_d2uiz
                0x10003b90       0x18 CMakeFiles/blink.dir/F_/RaspberryPI/Pico/pico-sdk/src/rp2_common/pico_double/double_aeabi.S.obj
                0x10003b90                __wrap___aeabi_d2uiz
                0x10003b90                double2uint
 .text.__aeabi_double_init
                0x10003ba8       0xc8 CMakeFiles/blink.dir/F_/RaspberryPI/Pico/pico-sdk/src/rp2_common/pico_double/double_init_rom.c.obj
                0x10003ba8                __aeabi_double_init
 .text.double_table_shim_on_use_helper
                0x10003c70       0x34 CMakeFiles/blink.dir/F_/RaspberryPI/Pico/pico-sdk/src/rp2_common/pico_double/double_v1_rom_shim.S.obj
                0x10003c70                double_table_shim_on_use_helper
 .text.__wrap___aeabi_dsub
                0x10003ca4       0x10 CMakeFiles/blink.dir/F_/RaspberryPI/Pico/pico-sdk/src/rp2_common/pico_double/double_v1_rom_shim.S.obj
                0x10003ca4                drsub_shim
                0x10003caa                dsub_shim
 .text.dadd_shim
                0x10003cb4      0x15c CMakeFiles/blink.dir/F_/RaspberryPI/Pico/pico-sdk/src/rp2_common/pico_double/double_v1_rom_shim.S.obj
                0x10003cb4                dadd_shim
 .text.dmul_shim
                0x10003e10      0x15c CMakeFiles/blink.dir/F_/RaspberryPI/Pico/pico-sdk/src/rp2_common/pico_double/double_v1_rom_shim.S.obj
                0x10003e10                dmul_shim
 .text.ddiv_shim
                0x10003f6c      0x1b0 CMakeFiles/blink.dir/F_/RaspberryPI/Pico/pico-sdk/src/rp2_common/pico_double/double_v1_rom_shim.S.obj
                0x10003f6c                ddiv_shim
 .text.double2uint_shim
                0x1000411c        0xe CMakeFiles/blink.dir/F_/RaspberryPI/Pico/pico-sdk/src/rp2_common/pico_double/double_v1_rom_shim.S.obj
                0x1000411c                double2uint_shim
                0x1000411e                double2ufix_shim
 *fill*         0x1000412a        0x2 
 .text.double2uint64_shim
                0x1000412c       0x70 CMakeFiles/blink.dir/F_/RaspberryPI/Pico/pico-sdk/src/rp2_common/pico_double/double_v1_rom_shim.S.obj
                0x1000412c                double2uint64_shim
                0x1000412e                double2ufix64_shim
                0x1000414e                d2fix_a
 .text.dunpacks
                0x1000419c       0x3c CMakeFiles/blink.dir/F_/RaspberryPI/Pico/pico-sdk/src/rp2_common/pico_double/double_v1_rom_shim.S.obj
                0x1000419c                dunpacks
 .text.__aeabi_lmul
                0x100041d8       0x32 CMakeFiles/blink.dir/F_/RaspberryPI/Pico/pico-sdk/src/rp2_common/pico_int64_ops/pico_int64_ops_aeabi.S.obj
                0x100041d8                __wrap___aeabi_lmul
 *fill*         0x1000420a        0x2 
 .text.__aeabi_float_init
                0x1000420c       0xfc CMakeFiles/blink.dir/F_/RaspberryPI/Pico/pico-sdk/src/rp2_common/pico_float/float_init_rom.c.obj
                0x1000420c                __aeabi_float_init
 .text.float_table_shim_on_use_helper
                0x10004308       0x34 CMakeFiles/blink.dir/F_/RaspberryPI/Pico/pico-sdk/src/rp2_common/pico_float/float_v1_rom_shim.S.obj
                0x10004308                float_table_shim_on_use_helper
 .text          0x1000433c       0x10 CMakeFiles/blink.dir/F_/RaspberryPI/Pico/pico-sdk/src/rp2_common/pico_mem_ops/mem_ops_aeabi.S.obj
                0x1000433c                __aeabi_mem_init
 .text.memset   0x1000434c        0xc CMakeFiles/blink.dir/F_/RaspberryPI/Pico/pico-sdk/src/rp2_common/pico_mem_ops/mem_ops_aeabi.S.obj
                0x1000434c                __wrap_memset
 .text.memcpy   0x10004358        0xc CMakeFiles/blink.dir/F_/RaspberryPI/Pico/pico-sdk/src/rp2_common/pico_mem_ops/mem_ops_aeabi.S.obj
                0x10004358                __wrap_memcpy
                0x10004358                __wrap___aeabi_memcpy
 .text.stdio_out_chars_no_crlf
                0x10004364        0xe CMakeFiles/blink.dir/F_/RaspberryPI/Pico/pico-sdk/src/rp2_common/pico_stdio/stdio.c.obj
 *fill*         0x10004372        0x2 
 .text.stdio_out_chars_crlf
                0x10004374       0x80 CMakeFiles/blink.dir/F_/RaspberryPI/Pico/pico-sdk/src/rp2_common/pico_stdio/stdio.c.obj
 .text.stdio_stack_buffer_flush
                0x100043f4       0x44 CMakeFiles/blink.dir/F_/RaspberryPI/Pico/pico-sdk/src/rp2_common/pico_stdio/stdio.c.obj
 .text.stdio_buffered_printer
                0x10004438       0x20 CMakeFiles/blink.dir/F_/RaspberryPI/Pico/pico-sdk/src/rp2_common/pico_stdio/stdio.c.obj
 .text.stdout_serialize_begin
                0x10004458       0x30 CMakeFiles/blink.dir/F_/RaspberryPI/Pico/pico-sdk/src/rp2_common/pico_stdio/stdio.c.obj
                0x10004458                stdout_serialize_begin
 .text.stdout_serialize_end
                0x10004488       0x10 CMakeFiles/blink.dir/F_/RaspberryPI/Pico/pico-sdk/src/rp2_common/pico_stdio/stdio.c.obj
                0x10004488                stdout_serialize_end
 .text.stdio_put_string
                0x10004498       0x98 CMakeFiles/blink.dir/F_/RaspberryPI/Pico/pico-sdk/src/rp2_common/pico_stdio/stdio.c.obj
 .text.stdio_set_driver_enabled
                0x10004530       0x2c CMakeFiles/blink.dir/F_/RaspberryPI/Pico/pico-sdk/src/rp2_common/pico_stdio/stdio.c.obj
                0x10004530                stdio_set_driver_enabled
 .text.stdio_flush
                0x1000455c       0x20 CMakeFiles/blink.dir/F_/RaspberryPI/Pico/pico-sdk/src/rp2_common/pico_stdio/stdio.c.obj
                0x1000455c                stdio_flush
 .text.__wrap_puts
                0x1000457c       0x1e CMakeFiles/blink.dir/F_/RaspberryPI/Pico/pico-sdk/src/rp2_common/pico_stdio/stdio.c.obj
                0x1000457c                __wrap_puts
 *fill*         0x1000459a        0x2 
 .text.__wrap_vprintf
                0x1000459c       0x44 CMakeFiles/blink.dir/F_/RaspberryPI/Pico/pico-sdk/src/rp2_common/pico_stdio/stdio.c.obj
                0x1000459c                __wrap_vprintf
 .text.__wrap_printf
                0x100045e0       0x18 CMakeFiles/blink.dir/F_/RaspberryPI/Pico/pico-sdk/src/rp2_common/pico_stdio/stdio.c.obj
                0x100045e0                __wrap_printf
 .text.stdio_init_all
                0x100045f8        0x8 CMakeFiles/blink.dir/F_/RaspberryPI/Pico/pico-sdk/src/rp2_common/pico_stdio/stdio.c.obj
                0x100045f8                stdio_init_all
 .text.resetd_init
                0x10004600        0x2 CMakeFiles/blink.dir/F_/RaspberryPI/Pico/pico-sdk/src/rp2_common/pico_stdio_usb/reset_interface.c.obj
 *fill*         0x10004602        0x2 
 .text.resetd_reset
                0x10004604        0xc CMakeFiles/blink.dir/F_/RaspberryPI/Pico/pico-sdk/src/rp2_common/pico_stdio_usb/reset_interface.c.obj
 .text.resetd_open
                0x10004610       0x34 CMakeFiles/blink.dir/F_/RaspberryPI/Pico/pico-sdk/src/rp2_common/pico_stdio_usb/reset_interface.c.obj
 .text.resetd_xfer_cb
                0x10004644        0x4 CMakeFiles/blink.dir/F_/RaspberryPI/Pico/pico-sdk/src/rp2_common/pico_stdio_usb/reset_interface.c.obj
 .text.reset_usb_boot
                0x10004648       0x18 CMakeFiles/blink.dir/F_/RaspberryPI/Pico/pico-sdk/src/rp2_common/pico_stdio_usb/reset_interface.c.obj
 .text.resetd_control_xfer_cb
                0x10004660       0x5c CMakeFiles/blink.dir/F_/RaspberryPI/Pico/pico-sdk/src/rp2_common/pico_stdio_usb/reset_interface.c.obj
 .text.usbd_app_driver_get_cb
                0x100046bc        0xc CMakeFiles/blink.dir/F_/RaspberryPI/Pico/pico-sdk/src/rp2_common/pico_stdio_usb/reset_interface.c.obj
                0x100046bc                usbd_app_driver_get_cb
 .text.tud_cdc_line_coding_cb
                0x100046c8       0x28 CMakeFiles/blink.dir/F_/RaspberryPI/Pico/pico-sdk/src/rp2_common/pico_stdio_usb/reset_interface.c.obj
                0x100046c8                tud_cdc_line_coding_cb
 .text.stdio_usb_in_chars
                0x100046f0       0x70 CMakeFiles/blink.dir/F_/RaspberryPI/Pico/pico-sdk/src/rp2_common/pico_stdio_usb/stdio_usb.c.obj
                0x100046f0                stdio_usb_in_chars
 .text.low_priority_worker_irq
                0x10004760       0x20 CMakeFiles/blink.dir/F_/RaspberryPI/Pico/pico-sdk/src/rp2_common/pico_stdio_usb/stdio_usb.c.obj
 .text.stdio_usb_out_chars
                0x10004780       0xd4 CMakeFiles/blink.dir/F_/RaspberryPI/Pico/pico-sdk/src/rp2_common/pico_stdio_usb/stdio_usb.c.obj
 .text.timer_task
                0x10004854       0x40 CMakeFiles/blink.dir/F_/RaspberryPI/Pico/pico-sdk/src/rp2_common/pico_stdio_usb/stdio_usb.c.obj
 .text.usb_irq  0x10004894       0x10 CMakeFiles/blink.dir/F_/RaspberryPI/Pico/pico-sdk/src/rp2_common/pico_stdio_usb/stdio_usb.c.obj
 .text.stdio_usb_init
                0x100048a4       0xec CMakeFiles/blink.dir/F_/RaspberryPI/Pico/pico-sdk/src/rp2_common/pico_stdio_usb/stdio_usb.c.obj
                0x100048a4                stdio_usb_init
 .text.tud_descriptor_device_cb
                0x10004990        0x8 CMakeFiles/blink.dir/F_/RaspberryPI/Pico/pico-sdk/src/rp2_common/pico_stdio_usb/stdio_usb_descriptors.c.obj
                0x10004990                tud_descriptor_device_cb
 .text.tud_descriptor_configuration_cb
                0x10004998        0x8 CMakeFiles/blink.dir/F_/RaspberryPI/Pico/pico-sdk/src/rp2_common/pico_stdio_usb/stdio_usb_descriptors.c.obj
                0x10004998                tud_descriptor_configuration_cb
 .text.tud_descriptor_string_cb
                0x100049a0       0x6c CMakeFiles/blink.dir/F_/RaspberryPI/Pico/pico-sdk/src/rp2_common/pico_stdio_usb/stdio_usb_descriptors.c.obj
                0x100049a0                tud_descriptor_string_cb
 .text.hw_endpoint_get_by_addr
                0x10004a0c       0x18 CMakeFiles/blink.dir/F_/RaspberryPI/Pico/pico-sdk/lib/tinyusb/src/portable/raspberrypi/rp2040/dcd_rp2040.c.obj
 .text.reset_ep0_pid
                0x10004a24       0x28 CMakeFiles/blink.dir/F_/RaspberryPI/Pico/pico-sdk/lib/tinyusb/src/portable/raspberrypi/rp2040/dcd_rp2040.c.obj
 .text._hw_endpoint_alloc
                0x10004a4c       0x70 CMakeFiles/blink.dir/F_/RaspberryPI/Pico/pico-sdk/lib/tinyusb/src/portable/raspberrypi/rp2040/dcd_rp2040.c.obj
 .text.hw_endpoint_init
                0x10004abc       0x88 CMakeFiles/blink.dir/F_/RaspberryPI/Pico/pico-sdk/lib/tinyusb/src/portable/raspberrypi/rp2040/dcd_rp2040.c.obj
 .text.reset_non_control_endpoints
                0x10004b44       0x40 CMakeFiles/blink.dir/F_/RaspberryPI/Pico/pico-sdk/lib/tinyusb/src/portable/raspberrypi/rp2040/dcd_rp2040.c.obj
 .text.hw_handle_buff_status
                0x10004b84       0x8c CMakeFiles/blink.dir/F_/RaspberryPI/Pico/pico-sdk/lib/tinyusb/src/portable/raspberrypi/rp2040/dcd_rp2040.c.obj
 .text.dcd_rp2040_irq
                0x10004c10       0xc0 CMakeFiles/blink.dir/F_/RaspberryPI/Pico/pico-sdk/lib/tinyusb/src/portable/raspberrypi/rp2040/dcd_rp2040.c.obj
 .text.hw_endpoint_xfer
                0x10004cd0       0x14 CMakeFiles/blink.dir/F_/RaspberryPI/Pico/pico-sdk/lib/tinyusb/src/portable/raspberrypi/rp2040/dcd_rp2040.c.obj
 .text.dcd_int_enable
                0x10004ce4       0x2c CMakeFiles/blink.dir/F_/RaspberryPI/Pico/pico-sdk/lib/tinyusb/src/portable/raspberrypi/rp2040/dcd_rp2040.c.obj
                0x10004ce4                dcd_int_enable
 .text.dcd_set_address
                0x10004d10       0x2c CMakeFiles/blink.dir/F_/RaspberryPI/Pico/pico-sdk/lib/tinyusb/src/portable/raspberrypi/rp2040/dcd_rp2040.c.obj
                0x10004d10                dcd_set_address
 .text.dcd_connect
                0x10004d3c       0x10 CMakeFiles/blink.dir/F_/RaspberryPI/Pico/pico-sdk/lib/tinyusb/src/portable/raspberrypi/rp2040/dcd_rp2040.c.obj
                0x10004d3c                dcd_connect
 .text.dcd_init
                0x10004d4c       0x7c CMakeFiles/blink.dir/F_/RaspberryPI/Pico/pico-sdk/lib/tinyusb/src/portable/raspberrypi/rp2040/dcd_rp2040.c.obj
                0x10004d4c                dcd_init
 .text.dcd_edpt0_status_complete
                0x10004dc8       0x1c CMakeFiles/blink.dir/F_/RaspberryPI/Pico/pico-sdk/lib/tinyusb/src/portable/raspberrypi/rp2040/dcd_rp2040.c.obj
                0x10004dc8                dcd_edpt0_status_complete
 .text.dcd_edpt_open
                0x10004de4       0x40 CMakeFiles/blink.dir/F_/RaspberryPI/Pico/pico-sdk/lib/tinyusb/src/portable/raspberrypi/rp2040/dcd_rp2040.c.obj
                0x10004de4                dcd_edpt_open
 .text.dcd_edpt_close_all
                0x10004e24        0x8 CMakeFiles/blink.dir/F_/RaspberryPI/Pico/pico-sdk/lib/tinyusb/src/portable/raspberrypi/rp2040/dcd_rp2040.c.obj
                0x10004e24                dcd_edpt_close_all
 .text.dcd_edpt_xfer
                0x10004e2c       0x30 CMakeFiles/blink.dir/F_/RaspberryPI/Pico/pico-sdk/lib/tinyusb/src/portable/raspberrypi/rp2040/dcd_rp2040.c.obj
                0x10004e2c                dcd_edpt_xfer
 .text.dcd_edpt_stall
                0x10004e5c       0x2c CMakeFiles/blink.dir/F_/RaspberryPI/Pico/pico-sdk/lib/tinyusb/src/portable/raspberrypi/rp2040/dcd_rp2040.c.obj
                0x10004e5c                dcd_edpt_stall
 .text.dcd_edpt_clear_stall
                0x10004e88       0x20 CMakeFiles/blink.dir/F_/RaspberryPI/Pico/pico-sdk/lib/tinyusb/src/portable/raspberrypi/rp2040/dcd_rp2040.c.obj
                0x10004e88                dcd_edpt_clear_stall
 .text.prepare_ep_buffer
                0x10004ea8       0x70 CMakeFiles/blink.dir/F_/RaspberryPI/Pico/pico-sdk/lib/tinyusb/src/portable/raspberrypi/rp2040/rp2040_usb.c.obj
 .text.sync_ep_buffer
                0x10004f18       0x7c CMakeFiles/blink.dir/F_/RaspberryPI/Pico/pico-sdk/lib/tinyusb/src/portable/raspberrypi/rp2040/rp2040_usb.c.obj
 .text._hw_endpoint_xfer_sync
                0x10004f94       0x28 CMakeFiles/blink.dir/F_/RaspberryPI/Pico/pico-sdk/lib/tinyusb/src/portable/raspberrypi/rp2040/rp2040_usb.c.obj
 .text.rp2040_usb_init
                0x10004fbc       0x4c CMakeFiles/blink.dir/F_/RaspberryPI/Pico/pico-sdk/lib/tinyusb/src/portable/raspberrypi/rp2040/rp2040_usb.c.obj
                0x10004fbc                rp2040_usb_init
 .text.hw_endpoint_reset_transfer
                0x10005008        0xc CMakeFiles/blink.dir/F_/RaspberryPI/Pico/pico-sdk/lib/tinyusb/src/portable/raspberrypi/rp2040/rp2040_usb.c.obj
                0x10005008                hw_endpoint_reset_transfer
 .text._hw_endpoint_buffer_control_update32
                0x10005014       0x58 CMakeFiles/blink.dir/F_/RaspberryPI/Pico/pico-sdk/lib/tinyusb/src/portable/raspberrypi/rp2040/rp2040_usb.c.obj
                0x10005014                _hw_endpoint_buffer_control_update32
 .text._hw_endpoint_start_next_buffer
                0x1000506c       0x74 CMakeFiles/blink.dir/F_/RaspberryPI/Pico/pico-sdk/lib/tinyusb/src/portable/raspberrypi/rp2040/rp2040_usb.c.obj
 .text.hw_endpoint_xfer_start
                0x100050e0       0x48 CMakeFiles/blink.dir/F_/RaspberryPI/Pico/pico-sdk/lib/tinyusb/src/portable/raspberrypi/rp2040/rp2040_usb.c.obj
                0x100050e0                hw_endpoint_xfer_start
 .text.hw_endpoint_xfer_continue
                0x10005128       0x38 CMakeFiles/blink.dir/F_/RaspberryPI/Pico/pico-sdk/lib/tinyusb/src/portable/raspberrypi/rp2040/rp2040_usb.c.obj
                0x10005128                hw_endpoint_xfer_continue
 .text.configuration_reset
                0x10005160       0x84 CMakeFiles/blink.dir/F_/RaspberryPI/Pico/pico-sdk/lib/tinyusb/src/device/usbd.c.obj
 .text.usbd_reset
                0x100051e4        0xc CMakeFiles/blink.dir/F_/RaspberryPI/Pico/pico-sdk/lib/tinyusb/src/device/usbd.c.obj
 .text.invoke_class_control
                0x100051f0       0x1a CMakeFiles/blink.dir/F_/RaspberryPI/Pico/pico-sdk/lib/tinyusb/src/device/usbd.c.obj
 *fill*         0x1000520a        0x2 
 .text.process_set_config
                0x1000520c      0x1b0 CMakeFiles/blink.dir/F_/RaspberryPI/Pico/pico-sdk/lib/tinyusb/src/device/usbd.c.obj
 .text.process_get_descriptor
                0x100053bc       0xec CMakeFiles/blink.dir/F_/RaspberryPI/Pico/pico-sdk/lib/tinyusb/src/device/usbd.c.obj
 .text.tud_mounted
                0x100054a8       0x10 CMakeFiles/blink.dir/F_/RaspberryPI/Pico/pico-sdk/lib/tinyusb/src/device/usbd.c.obj
                0x100054a8                tud_mounted
 .text.tud_suspended
                0x100054b8       0x10 CMakeFiles/blink.dir/F_/RaspberryPI/Pico/pico-sdk/lib/tinyusb/src/device/usbd.c.obj
                0x100054b8                tud_suspended
 .text.tud_inited
                0x100054c8        0xc CMakeFiles/blink.dir/F_/RaspberryPI/Pico/pico-sdk/lib/tinyusb/src/device/usbd.c.obj
                0x100054c8                tud_inited
 .text.tud_init
                0x100054d4       0xcc CMakeFiles/blink.dir/F_/RaspberryPI/Pico/pico-sdk/lib/tinyusb/src/device/usbd.c.obj
                0x100054d4                tud_init
 .text.dcd_event_handler
                0x100055a0      0x1e0 CMakeFiles/blink.dir/F_/RaspberryPI/Pico/pico-sdk/lib/tinyusb/src/device/usbd.c.obj
                0x100055a0                dcd_event_handler
 .text.dcd_event_bus_signal
                0x10005780       0x26 CMakeFiles/blink.dir/F_/RaspberryPI/Pico/pico-sdk/lib/tinyusb/src/device/usbd.c.obj
                0x10005780                dcd_event_bus_signal
 .text.dcd_event_bus_reset
                0x100057a6       0x2a CMakeFiles/blink.dir/F_/RaspberryPI/Pico/pico-sdk/lib/tinyusb/src/device/usbd.c.obj
                0x100057a6                dcd_event_bus_reset
 .text.dcd_event_setup_received
                0x100057d0       0x34 CMakeFiles/blink.dir/F_/RaspberryPI/Pico/pico-sdk/lib/tinyusb/src/device/usbd.c.obj
                0x100057d0                dcd_event_setup_received
 .text.dcd_event_xfer_complete
                0x10005804       0x44 CMakeFiles/blink.dir/F_/RaspberryPI/Pico/pico-sdk/lib/tinyusb/src/device/usbd.c.obj
                0x10005804                dcd_event_xfer_complete
 .text.usbd_edpt_open
                0x10005848       0x58 CMakeFiles/blink.dir/F_/RaspberryPI/Pico/pico-sdk/lib/tinyusb/src/device/usbd.c.obj
                0x10005848                usbd_edpt_open
 .text.usbd_open_edpt_pair
                0x100058a0       0x8c CMakeFiles/blink.dir/F_/RaspberryPI/Pico/pico-sdk/lib/tinyusb/src/device/usbd.c.obj
                0x100058a0                usbd_open_edpt_pair
 .text.usbd_edpt_claim
                0x1000592c       0x8c CMakeFiles/blink.dir/F_/RaspberryPI/Pico/pico-sdk/lib/tinyusb/src/device/usbd.c.obj
                0x1000592c                usbd_edpt_claim
 .text.usbd_edpt_release
                0x100059b8       0x68 CMakeFiles/blink.dir/F_/RaspberryPI/Pico/pico-sdk/lib/tinyusb/src/device/usbd.c.obj
                0x100059b8                usbd_edpt_release
 .text.usbd_edpt_xfer
                0x10005a20       0x80 CMakeFiles/blink.dir/F_/RaspberryPI/Pico/pico-sdk/lib/tinyusb/src/device/usbd.c.obj
                0x10005a20                usbd_edpt_xfer
 .text.usbd_edpt_stall
                0x10005aa0       0x40 CMakeFiles/blink.dir/F_/RaspberryPI/Pico/pico-sdk/lib/tinyusb/src/device/usbd.c.obj
                0x10005aa0                usbd_edpt_stall
 .text.usbd_edpt_clear_stall
                0x10005ae0       0x40 CMakeFiles/blink.dir/F_/RaspberryPI/Pico/pico-sdk/lib/tinyusb/src/device/usbd.c.obj
                0x10005ae0                usbd_edpt_clear_stall
 .text.usbd_edpt_stalled
                0x10005b20       0x1c CMakeFiles/blink.dir/F_/RaspberryPI/Pico/pico-sdk/lib/tinyusb/src/device/usbd.c.obj
                0x10005b20                usbd_edpt_stalled
 .text.process_control_request
                0x10005b3c      0x3b8 CMakeFiles/blink.dir/F_/RaspberryPI/Pico/pico-sdk/lib/tinyusb/src/device/usbd.c.obj
 .text.tud_task
                0x10005ef4      0x218 CMakeFiles/blink.dir/F_/RaspberryPI/Pico/pico-sdk/lib/tinyusb/src/device/usbd.c.obj
                0x10005ef4                tud_task
 .text._data_stage_xact
                0x1000610c       0x58 CMakeFiles/blink.dir/F_/RaspberryPI/Pico/pico-sdk/lib/tinyusb/src/device/usbd_control.c.obj
 .text.tud_control_status
                0x10006164       0x38 CMakeFiles/blink.dir/F_/RaspberryPI/Pico/pico-sdk/lib/tinyusb/src/device/usbd_control.c.obj
                0x10006164                tud_control_status
 .text.tud_control_xfer
                0x1000619c       0xa8 CMakeFiles/blink.dir/F_/RaspberryPI/Pico/pico-sdk/lib/tinyusb/src/device/usbd_control.c.obj
                0x1000619c                tud_control_xfer
 .text.usbd_control_reset
                0x10006244       0x14 CMakeFiles/blink.dir/F_/RaspberryPI/Pico/pico-sdk/lib/tinyusb/src/device/usbd_control.c.obj
                0x10006244                usbd_control_reset
 .text.usbd_control_set_complete_callback
                0x10006258        0xc CMakeFiles/blink.dir/F_/RaspberryPI/Pico/pico-sdk/lib/tinyusb/src/device/usbd_control.c.obj
                0x10006258                usbd_control_set_complete_callback
 .text.usbd_control_set_request
                0x10006264       0x1c CMakeFiles/blink.dir/F_/RaspberryPI/Pico/pico-sdk/lib/tinyusb/src/device/usbd_control.c.obj
                0x10006264                usbd_control_set_request
 .text.usbd_control_xfer_cb
                0x10006280       0xfc CMakeFiles/blink.dir/F_/RaspberryPI/Pico/pico-sdk/lib/tinyusb/src/device/usbd_control.c.obj
                0x10006280                usbd_control_xfer_cb
 .text._prep_out_transaction
                0x1000637c       0x46 CMakeFiles/blink.dir/F_/RaspberryPI/Pico/pico-sdk/lib/tinyusb/src/class/cdc/cdc_device.c.obj
 *fill*         0x100063c2        0x2 
 .text.tud_cdc_n_connected
                0x100063c4       0x44 CMakeFiles/blink.dir/F_/RaspberryPI/Pico/pico-sdk/lib/tinyusb/src/class/cdc/cdc_device.c.obj
                0x100063c4                tud_cdc_n_connected
 .text.tud_cdc_n_available
                0x10006408       0x18 CMakeFiles/blink.dir/F_/RaspberryPI/Pico/pico-sdk/lib/tinyusb/src/class/cdc/cdc_device.c.obj
                0x10006408                tud_cdc_n_available
 .text.tud_cdc_n_read
                0x10006420       0x28 CMakeFiles/blink.dir/F_/RaspberryPI/Pico/pico-sdk/lib/tinyusb/src/class/cdc/cdc_device.c.obj
                0x10006420                tud_cdc_n_read
 .text.tud_cdc_n_write_flush
                0x10006448       0xcc CMakeFiles/blink.dir/F_/RaspberryPI/Pico/pico-sdk/lib/tinyusb/src/class/cdc/cdc_device.c.obj
                0x10006448                tud_cdc_n_write_flush
 .text.tud_cdc_n_write
                0x10006514       0x38 CMakeFiles/blink.dir/F_/RaspberryPI/Pico/pico-sdk/lib/tinyusb/src/class/cdc/cdc_device.c.obj
                0x10006514                tud_cdc_n_write
 .text.tud_cdc_n_write_available
                0x1000654c       0x1c CMakeFiles/blink.dir/F_/RaspberryPI/Pico/pico-sdk/lib/tinyusb/src/class/cdc/cdc_device.c.obj
                0x1000654c                tud_cdc_n_write_available
 .text.cdcd_init
                0x10006568       0xbc CMakeFiles/blink.dir/F_/RaspberryPI/Pico/pico-sdk/lib/tinyusb/src/class/cdc/cdc_device.c.obj
                0x10006568                cdcd_init
 .text.cdcd_reset
                0x10006624       0x44 CMakeFiles/blink.dir/F_/RaspberryPI/Pico/pico-sdk/lib/tinyusb/src/class/cdc/cdc_device.c.obj
                0x10006624                cdcd_reset
 .text.cdcd_open
                0x10006668       0xf8 CMakeFiles/blink.dir/F_/RaspberryPI/Pico/pico-sdk/lib/tinyusb/src/class/cdc/cdc_device.c.obj
                0x10006668                cdcd_open
 .text.cdcd_control_xfer_cb
                0x10006760      0x134 CMakeFiles/blink.dir/F_/RaspberryPI/Pico/pico-sdk/lib/tinyusb/src/class/cdc/cdc_device.c.obj
                0x10006760                cdcd_control_xfer_cb
 .text.cdcd_xfer_cb
                0x10006894      0x144 CMakeFiles/blink.dir/F_/RaspberryPI/Pico/pico-sdk/lib/tinyusb/src/class/cdc/cdc_device.c.obj
                0x10006894                cdcd_xfer_cb
 .text.tusb_init
                0x100069d8       0x24 CMakeFiles/blink.dir/F_/RaspberryPI/Pico/pico-sdk/lib/tinyusb/src/tusb.c.obj
                0x100069d8                tusb_init
 .text.tusb_inited
                0x100069fc        0xe CMakeFiles/blink.dir/F_/RaspberryPI/Pico/pico-sdk/lib/tinyusb/src/tusb.c.obj
                0x100069fc                tusb_inited
 *fill*         0x10006a0a        0x2 
 .text.tu_edpt_validate
                0x10006a0c       0xa8 CMakeFiles/blink.dir/F_/RaspberryPI/Pico/pico-sdk/lib/tinyusb/src/tusb.c.obj
                0x10006a0c                tu_edpt_validate
 .text.tu_edpt_bind_driver
                0x10006ab4       0x2a CMakeFiles/blink.dir/F_/RaspberryPI/Pico/pico-sdk/lib/tinyusb/src/tusb.c.obj
                0x10006ab4                tu_edpt_bind_driver
 .text.advance_pointer
                0x10006ade       0x18 CMakeFiles/blink.dir/F_/RaspberryPI/Pico/pico-sdk/lib/tinyusb/src/common/tusb_fifo.c.obj
 .text.backward_pointer
                0x10006af6       0x1e CMakeFiles/blink.dir/F_/RaspberryPI/Pico/pico-sdk/lib/tinyusb/src/common/tusb_fifo.c.obj
 .text.get_relative_pointer
                0x10006b14       0x10 CMakeFiles/blink.dir/F_/RaspberryPI/Pico/pico-sdk/lib/tinyusb/src/common/tusb_fifo.c.obj
 .text._tu_fifo_peek
                0x10006b24       0x50 CMakeFiles/blink.dir/F_/RaspberryPI/Pico/pico-sdk/lib/tinyusb/src/common/tusb_fifo.c.obj
 .text._ff_pull_const_addr
                0x10006b74       0x4c CMakeFiles/blink.dir/F_/RaspberryPI/Pico/pico-sdk/lib/tinyusb/src/common/tusb_fifo.c.obj
 .text._ff_pull_n
                0x10006bc0      0x10c CMakeFiles/blink.dir/F_/RaspberryPI/Pico/pico-sdk/lib/tinyusb/src/common/tusb_fifo.c.obj
 .text._tu_fifo_peek_n
                0x10006ccc       0x5e CMakeFiles/blink.dir/F_/RaspberryPI/Pico/pico-sdk/lib/tinyusb/src/common/tusb_fifo.c.obj
 .text._tu_fifo_read_n
                0x10006d2a       0x4e CMakeFiles/blink.dir/F_/RaspberryPI/Pico/pico-sdk/lib/tinyusb/src/common/tusb_fifo.c.obj
 .text._ff_push_const_addr
                0x10006d78       0x40 CMakeFiles/blink.dir/F_/RaspberryPI/Pico/pico-sdk/lib/tinyusb/src/common/tusb_fifo.c.obj
 .text._ff_push_n
                0x10006db8      0x108 CMakeFiles/blink.dir/F_/RaspberryPI/Pico/pico-sdk/lib/tinyusb/src/common/tusb_fifo.c.obj
 .text._tu_fifo_write_n
                0x10006ec0       0x9e CMakeFiles/blink.dir/F_/RaspberryPI/Pico/pico-sdk/lib/tinyusb/src/common/tusb_fifo.c.obj
 .text.tu_fifo_config
                0x10006f5e       0x72 CMakeFiles/blink.dir/F_/RaspberryPI/Pico/pico-sdk/lib/tinyusb/src/common/tusb_fifo.c.obj
                0x10006f5e                tu_fifo_config
 .text.tu_fifo_count
                0x10006fd0       0x26 CMakeFiles/blink.dir/F_/RaspberryPI/Pico/pico-sdk/lib/tinyusb/src/common/tusb_fifo.c.obj
                0x10006fd0                tu_fifo_count
 .text.tu_fifo_empty
                0x10006ff6       0x10 CMakeFiles/blink.dir/F_/RaspberryPI/Pico/pico-sdk/lib/tinyusb/src/common/tusb_fifo.c.obj
                0x10006ff6                tu_fifo_empty
 .text.tu_fifo_remaining
                0x10007006       0x20 CMakeFiles/blink.dir/F_/RaspberryPI/Pico/pico-sdk/lib/tinyusb/src/common/tusb_fifo.c.obj
                0x10007006                tu_fifo_remaining
 .text.tu_fifo_read
                0x10007026       0x42 CMakeFiles/blink.dir/F_/RaspberryPI/Pico/pico-sdk/lib/tinyusb/src/common/tusb_fifo.c.obj
                0x10007026                tu_fifo_read
 .text.tu_fifo_read_n
                0x10007068        0xa CMakeFiles/blink.dir/F_/RaspberryPI/Pico/pico-sdk/lib/tinyusb/src/common/tusb_fifo.c.obj
                0x10007068                tu_fifo_read_n
 .text.tu_fifo_write
                0x10007072       0x6c CMakeFiles/blink.dir/F_/RaspberryPI/Pico/pico-sdk/lib/tinyusb/src/common/tusb_fifo.c.obj
                0x10007072                tu_fifo_write
 .text.tu_fifo_write_n
                0x100070de        0xa CMakeFiles/blink.dir/F_/RaspberryPI/Pico/pico-sdk/lib/tinyusb/src/common/tusb_fifo.c.obj
                0x100070de                tu_fifo_write_n
 .text.tu_fifo_clear
                0x100070e8       0x4c CMakeFiles/blink.dir/F_/RaspberryPI/Pico/pico-sdk/lib/tinyusb/src/common/tusb_fifo.c.obj
                0x100070e8                tu_fifo_clear
 .text.tu_fifo_set_overwritable
                0x10007134       0x3c CMakeFiles/blink.dir/F_/RaspberryPI/Pico/pico-sdk/lib/tinyusb/src/common/tusb_fifo.c.obj
                0x10007134                tu_fifo_set_overwritable
 .text._retrieve_unique_id_on_boot
                0x10007170       0x10 CMakeFiles/blink.dir/F_/RaspberryPI/Pico/pico-sdk/src/rp2_common/pico_unique_id/unique_id.c.obj
 .text.pico_get_unique_board_id_string
                0x10007180       0x60 CMakeFiles/blink.dir/F_/RaspberryPI/Pico/pico-sdk/src/rp2_common/pico_unique_id/unique_id.c.obj
                0x10007180                pico_get_unique_board_id_string
 .text.flash_get_unique_id
                0x100071e0       0x46 CMakeFiles/blink.dir/F_/RaspberryPI/Pico/pico-sdk/src/rp2_common/hardware_flash/flash.c.obj
                0x100071e0                flash_get_unique_id
 *fill*         0x10007226        0x2 
 .text.strlen   0x10007228       0x5c f:/gnu arm/10 2021.10/bin/../lib/gcc/arm-none-eabi/10.3.1/../../../../arm-none-eabi/lib/thumb/v6-m/nofp\libg.a(lib_a-strlen-stub.o)
                0x10007228                strlen
 *(.fini)
 .fini          0x10007284        0x4 f:/gnu arm/10 2021.10/bin/../lib/gcc/arm-none-eabi/10.3.1/thumb/v6-m/nofp/crti.o
                0x10007284                _fini
 .fini.__stub   0x10007288       0x70 linker stubs
 *crtbegin.o(.ctors)
 *crtbegin?.o(.ctors)
 *(EXCLUDE_FILE(*crtend.o *crtend?.o) .ctors)
 *(SORT_BY_NAME(.ctors.*))
 *(.ctors)
 *crtbegin.o(.dtors)
 *crtbegin?.o(.dtors)
 *(EXCLUDE_FILE(*crtend.o *crtend?.o) .dtors)
 *(SORT_BY_NAME(.dtors.*))
 *(.dtors)
 *(.eh_frame*)
 .eh_frame      0x100072f8        0x0 f:/gnu arm/10 2021.10/bin/../lib/gcc/arm-none-eabi/10.3.1/thumb/v6-m/nofp/crtbegin.o
                0x100072f8                . = ALIGN (0x4)

.glue_7         0x100072f8        0x0
 .glue_7        0x100072f8        0x0 linker stubs

.glue_7t        0x100072f8        0x0
 .glue_7t       0x100072f8        0x0 linker stubs

.vfp11_veneer   0x100072f8        0x0
 .vfp11_veneer  0x100072f8        0x0 linker stubs

.v4_bx          0x100072f8        0x0
 .v4_bx         0x100072f8        0x0 linker stubs

.iplt           0x100072f8        0x0
 .iplt          0x100072f8        0x0 f:/gnu arm/10 2021.10/bin/../lib/gcc/arm-none-eabi/10.3.1/thumb/v6-m/nofp/crtbegin.o

.rodata         0x100072f8     0x16f0
 *(EXCLUDE_FILE(*libm.a: *libc.a:*lib_a-mem*.o *libgcc.a:) .rodata*)
 .rodata.main.str1.4
                0x100072f8        0x4 CMakeFiles/blink.dir/blink.c.obj
 .rodata.spin_lock_claim_unused.str1.4
                0x100072fc       0x1b CMakeFiles/blink.dir/F_/RaspberryPI/Pico/pico-sdk/src/rp2_common/hardware_sync/sync.c.obj
 *fill*         0x10007317        0x1 
 .rodata.make_branch.str1.4
                0x10007318       0x6f CMakeFiles/blink.dir/F_/RaspberryPI/Pico/pico-sdk/src/rp2_common/hardware_irq/irq.c.obj
 *fill*         0x10007387        0x1 
 .rodata.insert_branch_and_link.str1.4
                0x10007388       0x10 CMakeFiles/blink.dir/F_/RaspberryPI/Pico/pico-sdk/src/rp2_common/hardware_irq/irq.c.obj
 .rodata.irq_set_exclusive_handler.str1.4
                0x10007398       0x36 CMakeFiles/blink.dir/F_/RaspberryPI/Pico/pico-sdk/src/rp2_common/hardware_irq/irq.c.obj
 *fill*         0x100073ce        0x2 
 .rodata.irq_add_shared_handler.str1.4
                0x100073d0       0xd9 CMakeFiles/blink.dir/F_/RaspberryPI/Pico/pico-sdk/src/rp2_common/hardware_irq/irq.c.obj
 *fill*         0x100074a9        0x3 
 .rodata.irq_remove_handler.str1.4
                0x100074ac       0x2a CMakeFiles/blink.dir/F_/RaspberryPI/Pico/pico-sdk/src/rp2_common/hardware_irq/irq.c.obj
 *fill*         0x100074d6        0x2 
 .rodata.irq_add_tail_to_free_list.str1.4
                0x100074d8       0x3a CMakeFiles/blink.dir/F_/RaspberryPI/Pico/pico-sdk/src/rp2_common/hardware_irq/irq.c.obj
 *fill*         0x10007512        0x2 
 .rodata.user_irq_claim_unused.str1.4
                0x10007514       0x1b CMakeFiles/blink.dir/F_/RaspberryPI/Pico/pico-sdk/src/rp2_common/hardware_irq/irq.c.obj
 *fill*         0x1000752f        0x1 
 .rodata.__func__.0
                0x10007530       0x1a CMakeFiles/blink.dir/F_/RaspberryPI/Pico/pico-sdk/src/rp2_common/hardware_irq/irq.c.obj
 *fill*         0x1000754a        0x2 
 .rodata.__func__.1
                0x1000754c       0x17 CMakeFiles/blink.dir/F_/RaspberryPI/Pico/pico-sdk/src/rp2_common/hardware_irq/irq.c.obj
 *fill*         0x10007563        0x1 
 .rodata.__func__.2
                0x10007564       0x13 CMakeFiles/blink.dir/F_/RaspberryPI/Pico/pico-sdk/src/rp2_common/hardware_irq/irq.c.obj
 *fill*         0x10007577        0x1 
 .rodata.__func__.3
                0x10007578        0xc CMakeFiles/blink.dir/F_/RaspberryPI/Pico/pico-sdk/src/rp2_common/hardware_irq/irq.c.obj
 .rodata.__func__.4
                0x10007584        0xf CMakeFiles/blink.dir/F_/RaspberryPI/Pico/pico-sdk/src/rp2_common/hardware_irq/irq.c.obj
 *fill*         0x10007593        0x1 
 .rodata.__func__.5
                0x10007594       0x17 CMakeFiles/blink.dir/F_/RaspberryPI/Pico/pico-sdk/src/rp2_common/hardware_irq/irq.c.obj
 *fill*         0x100075ab        0x1 
 .rodata.__func__.6
                0x100075ac       0x1a CMakeFiles/blink.dir/F_/RaspberryPI/Pico/pico-sdk/src/rp2_common/hardware_irq/irq.c.obj
 *fill*         0x100075c6        0x2 
 .rodata.repeating_timer_callback.str1.4
                0x100075c8       0x4d CMakeFiles/blink.dir/F_/RaspberryPI/Pico/pico-sdk/src/common/pico_time/time.c.obj
 *fill*         0x10007615        0x3 
 .rodata.alarm_pool_dump_key.str1.4
                0x10007618       0x33 CMakeFiles/blink.dir/F_/RaspberryPI/Pico/pico-sdk/src/common/pico_time/time.c.obj
 *fill*         0x1000764b        0x1 
 .rodata.ph_add_child_node.str1.4
                0x1000764c       0x96 CMakeFiles/blink.dir/F_/RaspberryPI/Pico/pico-sdk/src/common/pico_time/time.c.obj
 *fill*         0x100076e2        0x2 
 .rodata.add_alarm_under_lock.str1.4
                0x100076e4       0x28 CMakeFiles/blink.dir/F_/RaspberryPI/Pico/pico-sdk/src/common/pico_time/time.c.obj
                                 0x2b (size before relaxing)
 .rodata.alarm_pool_alarm_callback.str1.4
                0x1000770c       0xe6 CMakeFiles/blink.dir/F_/RaspberryPI/Pico/pico-sdk/src/common/pico_time/time.c.obj
 *fill*         0x100077f2        0x2 
 .rodata.alarm_pool_get_default.str1.4
                0x100077f4       0x21 CMakeFiles/blink.dir/F_/RaspberryPI/Pico/pico-sdk/src/common/pico_time/time.c.obj
 *fill*         0x10007815        0x3 
 .rodata.alarm_pool_cancel_alarm.str1.4
                0x10007818       0x27 CMakeFiles/blink.dir/F_/RaspberryPI/Pico/pico-sdk/src/common/pico_time/time.c.obj
 *fill*         0x1000783f        0x1 
 .rodata.sleep_until.str1.4
                0x10007840       0x4d CMakeFiles/blink.dir/F_/RaspberryPI/Pico/pico-sdk/src/common/pico_time/time.c.obj
 *fill*         0x1000788d        0x3 
 .rodata.__func__.1
                0x10007890       0x18 CMakeFiles/blink.dir/F_/RaspberryPI/Pico/pico-sdk/src/common/pico_time/time.c.obj
 .rodata.__func__.10
                0x100078a8       0x15 CMakeFiles/blink.dir/F_/RaspberryPI/Pico/pico-sdk/src/common/pico_time/time.c.obj
 *fill*         0x100078bd        0x3 
 .rodata.__func__.11
                0x100078c0       0x1a CMakeFiles/blink.dir/F_/RaspberryPI/Pico/pico-sdk/src/common/pico_time/time.c.obj
 *fill*         0x100078da        0x2 
 .rodata.__func__.12
                0x100078dc        0xa CMakeFiles/blink.dir/F_/RaspberryPI/Pico/pico-sdk/src/common/pico_time/time.c.obj
 *fill*         0x100078e6        0x2 
 .rodata.__func__.3
                0x100078e8       0x17 CMakeFiles/blink.dir/F_/RaspberryPI/Pico/pico-sdk/src/common/pico_time/time.c.obj
 *fill*         0x100078ff        0x1 
 .rodata.__func__.4
                0x10007900       0x12 CMakeFiles/blink.dir/F_/RaspberryPI/Pico/pico-sdk/src/common/pico_time/time.c.obj
 *fill*         0x10007912        0x2 
 .rodata.__func__.5
                0x10007914        0xd CMakeFiles/blink.dir/F_/RaspberryPI/Pico/pico-sdk/src/common/pico_time/time.c.obj
 *fill*         0x10007921        0x3 
 .rodata.__func__.6
                0x10007924       0x12 CMakeFiles/blink.dir/F_/RaspberryPI/Pico/pico-sdk/src/common/pico_time/time.c.obj
 *fill*         0x10007936        0x2 
 .rodata.__func__.7
                0x10007938        0xf CMakeFiles/blink.dir/F_/RaspberryPI/Pico/pico-sdk/src/common/pico_time/time.c.obj
 *fill*         0x10007947        0x1 
 .rodata.__func__.8
                0x10007948        0xc CMakeFiles/blink.dir/F_/RaspberryPI/Pico/pico-sdk/src/common/pico_time/time.c.obj
 .rodata.__func__.9
                0x10007954       0x15 CMakeFiles/blink.dir/F_/RaspberryPI/Pico/pico-sdk/src/common/pico_time/time.c.obj
 *fill*         0x10007969        0x3 
 .rodata.hardware_alarm_claim.str1.4
                0x1000796c       0x22 CMakeFiles/blink.dir/F_/RaspberryPI/Pico/pico-sdk/src/rp2_common/hardware_timer/timer.c.obj
 *fill*         0x1000798e        0x2 
 .rodata.hardware_alarm_set_target.str1.4
                0x10007990       0x67 CMakeFiles/blink.dir/F_/RaspberryPI/Pico/pico-sdk/src/rp2_common/hardware_timer/timer.c.obj
 *fill*         0x100079f7        0x1 
 .rodata.__func__.0
                0x100079f8       0x1a CMakeFiles/blink.dir/F_/RaspberryPI/Pico/pico-sdk/src/rp2_common/hardware_timer/timer.c.obj
 .rodata.ph_add_child_node.str1.4
                0x10007a12       0x96 CMakeFiles/blink.dir/F_/RaspberryPI/Pico/pico-sdk/src/common/pico_util/pheap.c.obj
 *fill*         0x10007a12        0x2 
 .rodata.ph_remove_any_head.str1.4
                0x10007a14       0x90 CMakeFiles/blink.dir/F_/RaspberryPI/Pico/pico-sdk/src/common/pico_util/pheap.c.obj
 .rodata.ph_remove_and_free_node.str1.4
                0x10007aa4       0x1e CMakeFiles/blink.dir/F_/RaspberryPI/Pico/pico-sdk/src/common/pico_util/pheap.c.obj
                                 0x26 (size before relaxing)
 *fill*         0x10007ac2        0x2 
 .rodata.__func__.0
                0x10007ac4       0x18 CMakeFiles/blink.dir/F_/RaspberryPI/Pico/pico-sdk/src/common/pico_util/pheap.c.obj
 .rodata.__func__.1
                0x10007adc       0x13 CMakeFiles/blink.dir/F_/RaspberryPI/Pico/pico-sdk/src/common/pico_util/pheap.c.obj
 *fill*         0x10007aef        0x1 
 .rodata.__func__.2
                0x10007af0       0x12 CMakeFiles/blink.dir/F_/RaspberryPI/Pico/pico-sdk/src/common/pico_util/pheap.c.obj
 *fill*         0x10007b02        0x2 
 .rodata.__func__.3
                0x10007b04        0xc CMakeFiles/blink.dir/F_/RaspberryPI/Pico/pico-sdk/src/common/pico_util/pheap.c.obj
 .rodata.str1.4
                0x10007b10       0x8d CMakeFiles/blink.dir/F_/RaspberryPI/Pico/pico-sdk/src/common/pico_sync/mutex.c.obj
                                 0xf1 (size before relaxing)
 *fill*         0x10007b9d        0x3 
 .rodata.__func__.1
                0x10007ba0        0xb CMakeFiles/blink.dir/F_/RaspberryPI/Pico/pico-sdk/src/common/pico_sync/mutex.c.obj
 *fill*         0x10007bab        0x1 
 .rodata.__func__.3
                0x10007bac       0x18 CMakeFiles/blink.dir/F_/RaspberryPI/Pico/pico-sdk/src/common/pico_sync/mutex.c.obj
 .rodata.__func__.4
                0x10007bc4       0x15 CMakeFiles/blink.dir/F_/RaspberryPI/Pico/pico-sdk/src/common/pico_sync/mutex.c.obj
 *fill*         0x10007bd9        0x3 
 .rodata.__assert_func.str1.4
                0x10007bdc       0x3f CMakeFiles/blink.dir/F_/RaspberryPI/Pico/pico-sdk/src/rp2_common/pico_runtime/runtime.c.obj
                                 0x43 (size before relaxing)
 *fill*         0x10007c1b        0x1 
 .rodata.runtime_init.str1.4
                0x10007c1c       0x63 CMakeFiles/blink.dir/F_/RaspberryPI/Pico/pico-sdk/src/rp2_common/pico_runtime/runtime.c.obj
 *fill*         0x10007c7f        0x1 
 .rodata.panic.str1.4
                0x10007c80       0x12 CMakeFiles/blink.dir/F_/RaspberryPI/Pico/pico-sdk/src/rp2_common/pico_runtime/runtime.c.obj
 *fill*         0x10007c92        0x2 
 .rodata.__func__.1
                0x10007c94        0xd CMakeFiles/blink.dir/F_/RaspberryPI/Pico/pico-sdk/src/rp2_common/pico_runtime/runtime.c.obj
 *fill*         0x10007ca1        0x3 
 .rodata.clock_configure.str1.4
                0x10007ca4       0x59 CMakeFiles/blink.dir/F_/RaspberryPI/Pico/pico-sdk/src/rp2_common/hardware_clocks/clocks.c.obj
 *fill*         0x10007cfd        0x3 
 .rodata.__func__.1
                0x10007d00       0x10 CMakeFiles/blink.dir/F_/RaspberryPI/Pico/pico-sdk/src/rp2_common/hardware_clocks/clocks.c.obj
 .rodata.pll_init.str1.4
                0x10007d10      0x13b CMakeFiles/blink.dir/F_/RaspberryPI/Pico/pico-sdk/src/rp2_common/hardware_pll/pll.c.obj
 *fill*         0x10007e4b        0x1 
 .rodata.__func__.0
                0x10007e4c        0x9 CMakeFiles/blink.dir/F_/RaspberryPI/Pico/pico-sdk/src/rp2_common/hardware_pll/pll.c.obj
 *fill*         0x10007e55        0x3 
 .rodata._ftoa.str1.4
                0x10007e58       0x15 CMakeFiles/blink.dir/F_/RaspberryPI/Pico/pico-sdk/src/rp2_common/pico_printf/printf.c.obj
 *fill*         0x10007e6d        0x3 
 .rodata._vsnprintf
                0x10007e70      0x1e0 CMakeFiles/blink.dir/F_/RaspberryPI/Pico/pico-sdk/src/rp2_common/pico_printf/printf.c.obj
 .rodata.pow10.0
                0x10008050       0x50 CMakeFiles/blink.dir/F_/RaspberryPI/Pico/pico-sdk/src/rp2_common/pico_printf/printf.c.obj
 .rodata.__aeabi_double_init.str1.4
                0x100080a0       0xaa CMakeFiles/blink.dir/F_/RaspberryPI/Pico/pico-sdk/src/rp2_common/pico_double/double_init_rom.c.obj
 *fill*         0x1000814a        0x2 
 .rodata.__func__.0
                0x1000814c       0x14 CMakeFiles/blink.dir/F_/RaspberryPI/Pico/pico-sdk/src/rp2_common/pico_double/double_init_rom.c.obj
 .rodata.__aeabi_float_init.str1.4
                0x10008160       0x7c CMakeFiles/blink.dir/F_/RaspberryPI/Pico/pico-sdk/src/rp2_common/pico_float/float_init_rom.c.obj
                                 0x80 (size before relaxing)
 .rodata.__func__.0
                0x100081dc       0x13 CMakeFiles/blink.dir/F_/RaspberryPI/Pico/pico-sdk/src/rp2_common/pico_float/float_init_rom.c.obj
 *fill*         0x100081ef        0x1 
 .rodata.str1.4
                0x100081f0       0x3c CMakeFiles/blink.dir/F_/RaspberryPI/Pico/pico-sdk/src/rp2_common/pico_standard_link/binary_info.c.obj
 .rodata.__bi_44
                0x1000822c        0xc CMakeFiles/blink.dir/F_/RaspberryPI/Pico/pico-sdk/src/rp2_common/pico_standard_link/binary_info.c.obj
 .rodata.__bi_75
                0x10008238        0xc CMakeFiles/blink.dir/F_/RaspberryPI/Pico/pico-sdk/src/rp2_common/pico_standard_link/binary_info.c.obj
 .rodata.__bi_81
                0x10008244        0xc CMakeFiles/blink.dir/F_/RaspberryPI/Pico/pico-sdk/src/rp2_common/pico_standard_link/binary_info.c.obj
 .rodata.crlf_str.3
                0x10008250        0x2 CMakeFiles/blink.dir/F_/RaspberryPI/Pico/pico-sdk/src/rp2_common/pico_stdio/stdio.c.obj
 *fill*         0x10008252        0x2 
 .rodata._resetd_driver
                0x10008254       0x18 CMakeFiles/blink.dir/F_/RaspberryPI/Pico/pico-sdk/src/rp2_common/pico_stdio_usb/reset_interface.c.obj
 .rodata.timer_task.str1.4
                0x1000826c       0x6f CMakeFiles/blink.dir/F_/RaspberryPI/Pico/pico-sdk/src/rp2_common/pico_stdio_usb/stdio_usb.c.obj
 .rodata.stdio_usb_init.str1.4
                0x100082db       0x63 CMakeFiles/blink.dir/F_/RaspberryPI/Pico/pico-sdk/src/rp2_common/pico_stdio_usb/stdio_usb.c.obj
 *fill*         0x100082db        0x1 
 .rodata.str1.4
                0x100082dc       0x13 CMakeFiles/blink.dir/F_/RaspberryPI/Pico/pico-sdk/src/rp2_common/pico_stdio_usb/stdio_usb.c.obj
 *fill*         0x100082ef        0x1 
 .rodata.__bi_118.2
                0x100082f0        0xc CMakeFiles/blink.dir/F_/RaspberryPI/Pico/pico-sdk/src/rp2_common/pico_stdio_usb/stdio_usb.c.obj
 .rodata.__func__.0
                0x100082fc       0x15 CMakeFiles/blink.dir/F_/RaspberryPI/Pico/pico-sdk/src/rp2_common/pico_stdio_usb/stdio_usb.c.obj
 *fill*         0x10008311        0x3 
 .rodata.__func__.1
                0x10008314        0xb CMakeFiles/blink.dir/F_/RaspberryPI/Pico/pico-sdk/src/rp2_common/pico_stdio_usb/stdio_usb.c.obj
 *fill*         0x1000831f        0x1 
 .rodata.str1.4
                0x10008320       0x2a CMakeFiles/blink.dir/F_/RaspberryPI/Pico/pico-sdk/src/rp2_common/pico_stdio_usb/stdio_usb_descriptors.c.obj
 *fill*         0x1000834a        0x2 
 .rodata.usbd_desc_cfg
                0x1000834c       0x54 CMakeFiles/blink.dir/F_/RaspberryPI/Pico/pico-sdk/src/rp2_common/pico_stdio_usb/stdio_usb_descriptors.c.obj
 .rodata.usbd_desc_device
                0x100083a0       0x12 CMakeFiles/blink.dir/F_/RaspberryPI/Pico/pico-sdk/src/rp2_common/pico_stdio_usb/stdio_usb_descriptors.c.obj
 *fill*         0x100083b2        0x2 
 .rodata.usbd_desc_str
                0x100083b4       0x18 CMakeFiles/blink.dir/F_/RaspberryPI/Pico/pico-sdk/src/rp2_common/pico_stdio_usb/stdio_usb_descriptors.c.obj
 .rodata._hw_endpoint_alloc.str1.4
                0x100083cc       0xb9 CMakeFiles/blink.dir/F_/RaspberryPI/Pico/pico-sdk/lib/tinyusb/src/portable/raspberrypi/rp2040/dcd_rp2040.c.obj
 *fill*         0x10008485        0x3 
 .rodata.dcd_rp2040_irq.str1.4
                0x10008488       0x14 CMakeFiles/blink.dir/F_/RaspberryPI/Pico/pico-sdk/lib/tinyusb/src/portable/raspberrypi/rp2040/dcd_rp2040.c.obj
 .rodata.dcd_int_enable.str1.4
                0x1000849c        0xc CMakeFiles/blink.dir/F_/RaspberryPI/Pico/pico-sdk/lib/tinyusb/src/portable/raspberrypi/rp2040/dcd_rp2040.c.obj
 .rodata.__func__.0
                0x100084a8        0xe CMakeFiles/blink.dir/F_/RaspberryPI/Pico/pico-sdk/lib/tinyusb/src/portable/raspberrypi/rp2040/dcd_rp2040.c.obj
 *fill*         0x100084b6        0x2 
 .rodata.__func__.1
                0x100084b8        0xe CMakeFiles/blink.dir/F_/RaspberryPI/Pico/pico-sdk/lib/tinyusb/src/portable/raspberrypi/rp2040/dcd_rp2040.c.obj
 *fill*         0x100084c6        0x2 
 .rodata.__func__.3
                0x100084c8       0x10 CMakeFiles/blink.dir/F_/RaspberryPI/Pico/pico-sdk/lib/tinyusb/src/portable/raspberrypi/rp2040/dcd_rp2040.c.obj
 .rodata.__func__.5
                0x100084d8        0xf CMakeFiles/blink.dir/F_/RaspberryPI/Pico/pico-sdk/lib/tinyusb/src/portable/raspberrypi/rp2040/dcd_rp2040.c.obj
 *fill*         0x100084e7        0x1 
 .rodata.__func__.6
                0x100084e8       0x13 CMakeFiles/blink.dir/F_/RaspberryPI/Pico/pico-sdk/lib/tinyusb/src/portable/raspberrypi/rp2040/dcd_rp2040.c.obj
 *fill*         0x100084fb        0x1 
 .rodata.__func__.7
                0x100084fc        0x9 CMakeFiles/blink.dir/F_/RaspberryPI/Pico/pico-sdk/lib/tinyusb/src/portable/raspberrypi/rp2040/dcd_rp2040.c.obj
 *fill*         0x10008505        0x3 
 .rodata.sync_ep_buffer.str1.4
                0x10008508       0x95 CMakeFiles/blink.dir/F_/RaspberryPI/Pico/pico-sdk/lib/tinyusb/src/portable/raspberrypi/rp2040/rp2040_usb.c.obj
 *fill*         0x1000859d        0x3 
 .rodata._hw_endpoint_buffer_control_update32.str1.4
                0x100085a0       0x1f CMakeFiles/blink.dir/F_/RaspberryPI/Pico/pico-sdk/lib/tinyusb/src/portable/raspberrypi/rp2040/rp2040_usb.c.obj
 *fill*         0x100085bf        0x1 
 .rodata.hw_endpoint_xfer_start.str1.4
                0x100085c0       0x38 CMakeFiles/blink.dir/F_/RaspberryPI/Pico/pico-sdk/lib/tinyusb/src/portable/raspberrypi/rp2040/rp2040_usb.c.obj
 .rodata.hw_endpoint_xfer_continue.str1.4
                0x100085f8       0x29 CMakeFiles/blink.dir/F_/RaspberryPI/Pico/pico-sdk/lib/tinyusb/src/portable/raspberrypi/rp2040/rp2040_usb.c.obj
 *fill*         0x10008621        0x3 
 .rodata.str1.4
                0x10008624        0x7 CMakeFiles/blink.dir/F_/RaspberryPI/Pico/pico-sdk/lib/tinyusb/src/portable/raspberrypi/rp2040/rp2040_usb.c.obj
 *fill*         0x1000862b        0x1 
 .rodata.__func__.0
                0x1000862c        0xf CMakeFiles/blink.dir/F_/RaspberryPI/Pico/pico-sdk/lib/tinyusb/src/portable/raspberrypi/rp2040/rp2040_usb.c.obj
 *fill*         0x1000863b        0x1 
 .rodata.process_set_config.str1.4
                0x1000863c       0x17 CMakeFiles/blink.dir/F_/RaspberryPI/Pico/pico-sdk/lib/tinyusb/src/device/usbd.c.obj
 *fill*         0x10008653        0x1 
 .rodata.process_get_descriptor
                0x10008654       0x40 CMakeFiles/blink.dir/F_/RaspberryPI/Pico/pico-sdk/lib/tinyusb/src/device/usbd.c.obj
 .rodata.process_control_request
                0x10008694       0x28 CMakeFiles/blink.dir/F_/RaspberryPI/Pico/pico-sdk/lib/tinyusb/src/device/usbd.c.obj
 .rodata.tud_task
                0x100086bc       0x24 CMakeFiles/blink.dir/F_/RaspberryPI/Pico/pico-sdk/lib/tinyusb/src/device/usbd.c.obj
 .rodata.__func__.2
                0x100086e0        0xf CMakeFiles/blink.dir/F_/RaspberryPI/Pico/pico-sdk/lib/tinyusb/src/device/usbd.c.obj
 *fill*         0x100086ef        0x1 
 .rodata.__func__.3
                0x100086f0        0xf CMakeFiles/blink.dir/F_/RaspberryPI/Pico/pico-sdk/lib/tinyusb/src/device/usbd.c.obj
 *fill*         0x100086ff        0x1 
 .rodata.__func__.4
                0x10008700       0x14 CMakeFiles/blink.dir/F_/RaspberryPI/Pico/pico-sdk/lib/tinyusb/src/device/usbd.c.obj
 .rodata.__func__.5
                0x10008714       0x10 CMakeFiles/blink.dir/F_/RaspberryPI/Pico/pico-sdk/lib/tinyusb/src/device/usbd.c.obj
 .rodata.__func__.6
                0x10008724       0x17 CMakeFiles/blink.dir/F_/RaspberryPI/Pico/pico-sdk/lib/tinyusb/src/device/usbd.c.obj
 *fill*         0x1000873b        0x1 
 .rodata.__func__.7
                0x1000873c       0x13 CMakeFiles/blink.dir/F_/RaspberryPI/Pico/pico-sdk/lib/tinyusb/src/device/usbd.c.obj
 *fill*         0x1000874f        0x1 
 .rodata.__func__.8
                0x10008750       0x18 CMakeFiles/blink.dir/F_/RaspberryPI/Pico/pico-sdk/lib/tinyusb/src/device/usbd.c.obj
 .rodata.__func__.9
                0x10008768        0x9 CMakeFiles/blink.dir/F_/RaspberryPI/Pico/pico-sdk/lib/tinyusb/src/device/usbd.c.obj
 *fill*         0x10008771        0x3 
 .rodata._usbd_driver
                0x10008774       0x18 CMakeFiles/blink.dir/F_/RaspberryPI/Pico/pico-sdk/lib/tinyusb/src/device/usbd.c.obj
 .rodata.tud_control_xfer.str1.4
                0x1000878c       0x17 CMakeFiles/blink.dir/F_/RaspberryPI/Pico/pico-sdk/lib/tinyusb/src/device/usbd_control.c.obj
 .rodata.__func__.0
                0x1000878c       0x15 CMakeFiles/blink.dir/F_/RaspberryPI/Pico/pico-sdk/lib/tinyusb/src/device/usbd_control.c.obj
 *fill*         0x100087a1        0x3 
 .rodata.__func__.1
                0x100087a4       0x11 CMakeFiles/blink.dir/F_/RaspberryPI/Pico/pico-sdk/lib/tinyusb/src/device/usbd_control.c.obj
 .rodata.tud_cdc_n_write_flush.str1.4
                0x100087b5       0x17 CMakeFiles/blink.dir/F_/RaspberryPI/Pico/pico-sdk/lib/tinyusb/src/class/cdc/cdc_device.c.obj
 *fill*         0x100087b5        0x3 
 .rodata.__func__.0
                0x100087b8        0xd CMakeFiles/blink.dir/F_/RaspberryPI/Pico/pico-sdk/lib/tinyusb/src/class/cdc/cdc_device.c.obj
 *fill*         0x100087c5        0x3 
 .rodata.__func__.1
                0x100087c8        0xa CMakeFiles/blink.dir/F_/RaspberryPI/Pico/pico-sdk/lib/tinyusb/src/class/cdc/cdc_device.c.obj
 *fill*         0x100087d2        0x2 
 .rodata.__func__.2
                0x100087d4       0x16 CMakeFiles/blink.dir/F_/RaspberryPI/Pico/pico-sdk/lib/tinyusb/src/class/cdc/cdc_device.c.obj
 .rodata.tusb_init.str1.4
                0x100087ea       0x17 CMakeFiles/blink.dir/F_/RaspberryPI/Pico/pico-sdk/lib/tinyusb/src/tusb.c.obj
 *fill*         0x100087ea        0x2 
 .rodata.__func__.0
                0x100087ec       0x11 CMakeFiles/blink.dir/F_/RaspberryPI/Pico/pico-sdk/lib/tinyusb/src/tusb.c.obj
 *fill*         0x100087fd        0x3 
 .rodata.__func__.1
                0x10008800        0xa CMakeFiles/blink.dir/F_/RaspberryPI/Pico/pico-sdk/lib/tinyusb/src/tusb.c.obj
 *fill*         0x1000880a        0x2 
 .rodata.pico_get_unique_board_id_string.str1.4
                0x1000880c       0x4f CMakeFiles/blink.dir/F_/RaspberryPI/Pico/pico-sdk/src/rp2_common/pico_unique_id/unique_id.c.obj
 *fill*         0x1000885b        0x1 
 .rodata.__func__.0
                0x1000885c       0x20 CMakeFiles/blink.dir/F_/RaspberryPI/Pico/pico-sdk/src/rp2_common/pico_unique_id/unique_id.c.obj
 .rodata.str1.4
                0x1000887c      0x15a CMakeFiles/blink.dir/F_/RaspberryPI/Pico/pico-sdk/src/rp2_common/hardware_flash/flash.c.obj
 *fill*         0x100089d6        0x2 
 .rodata.__func__.0
                0x100089d8        0xd CMakeFiles/blink.dir/F_/RaspberryPI/Pico/pico-sdk/src/rp2_common/hardware_flash/flash.c.obj
                0x100089e8                . = ALIGN (0x4)
 *fill*         0x100089e5        0x3 
 *(SORT_BY_ALIGNMENT(SORT_BY_NAME(.flashdata*)))
                0x100089e8                . = ALIGN (0x4)

.rel.dyn        0x100089e8        0x0
 .rel.iplt      0x100089e8        0x0 f:/gnu arm/10 2021.10/bin/../lib/gcc/arm-none-eabi/10.3.1/thumb/v6-m/nofp/crtbegin.o

.ARM.extab
 *(.ARM.extab* .gnu.linkonce.armextab.*)
                0x100089e8                __exidx_start = .

.ARM.exidx
 *(.ARM.exidx* .gnu.linkonce.armexidx.*)
                0x100089e8                __exidx_end = .
                0x100089e8                . = ALIGN (0x4)
                0x100089e8                __binary_info_start = .

.binary_info    0x100089e8       0x20
 *(.binary_info.keep.*)
 .binary_info.keep.__bi_ptr22
                0x100089e8        0x4 CMakeFiles/blink.dir/F_/RaspberryPI/Pico/pico-sdk/src/rp2_common/pico_standard_link/binary_info.c.obj
 .binary_info.keep.__bi_ptr30
                0x100089ec        0x4 CMakeFiles/blink.dir/F_/RaspberryPI/Pico/pico-sdk/src/rp2_common/pico_standard_link/binary_info.c.obj
 .binary_info.keep.__bi_ptr38
                0x100089f0        0x4 CMakeFiles/blink.dir/F_/RaspberryPI/Pico/pico-sdk/src/rp2_common/pico_standard_link/binary_info.c.obj
 .binary_info.keep.__bi_ptr44
                0x100089f4        0x4 CMakeFiles/blink.dir/F_/RaspberryPI/Pico/pico-sdk/src/rp2_common/pico_standard_link/binary_info.c.obj
 .binary_info.keep.__bi_ptr50
                0x100089f8        0x4 CMakeFiles/blink.dir/F_/RaspberryPI/Pico/pico-sdk/src/rp2_common/pico_standard_link/binary_info.c.obj
 .binary_info.keep.__bi_ptr75
                0x100089fc        0x4 CMakeFiles/blink.dir/F_/RaspberryPI/Pico/pico-sdk/src/rp2_common/pico_standard_link/binary_info.c.obj
 .binary_info.keep.__bi_ptr81
                0x10008a00        0x4 CMakeFiles/blink.dir/F_/RaspberryPI/Pico/pico-sdk/src/rp2_common/pico_standard_link/binary_info.c.obj
 *(.binary_info.*)
 .binary_info.__bi_ptr118
                0x10008a04        0x4 CMakeFiles/blink.dir/F_/RaspberryPI/Pico/pico-sdk/src/rp2_common/pico_stdio_usb/stdio_usb.c.obj
                0x10008a08                __binary_info_end = .
                0x10008a08                . = ALIGN (0x4)
                0x10008a08                __etext = .

.ram_vector_table
                0x20000000       0xc0
 *(.ram_vector_table)
 .ram_vector_table
                0x20000000       0xc0 CMakeFiles/blink.dir/F_/RaspberryPI/Pico/pico-sdk/src/rp2_common/pico_runtime/runtime.c.obj
                0x20000000                ram_vector_table

.data           0x200000c0      0x460 load address 0x10008a08
                0x200000c0                __data_start__ = .
 *(vtable)
 *(.time_critical*)
 .time_critical.mutex_enter_blocking
                0x200000c0       0x48 CMakeFiles/blink.dir/F_/RaspberryPI/Pico/pico-sdk/src/common/pico_sync/mutex.c.obj
                0x200000c0                mutex_enter_blocking
 .time_critical.mutex_try_enter
                0x20000108       0x46 CMakeFiles/blink.dir/F_/RaspberryPI/Pico/pico-sdk/src/common/pico_sync/mutex.c.obj
                0x20000108                mutex_try_enter
 *fill*         0x2000014e        0x2 
 .time_critical.mutex_enter_block_until
                0x20000150       0x8c CMakeFiles/blink.dir/F_/RaspberryPI/Pico/pico-sdk/src/common/pico_sync/mutex.c.obj
                0x20000150                mutex_enter_block_until
 .time_critical.mutex_enter_timeout_ms
                0x200001dc       0x74 CMakeFiles/blink.dir/F_/RaspberryPI/Pico/pico-sdk/src/common/pico_sync/mutex.c.obj
                0x200001dc                mutex_enter_timeout_ms
 .time_critical.mutex_exit
                0x20000250       0x4c CMakeFiles/blink.dir/F_/RaspberryPI/Pico/pico-sdk/src/common/pico_sync/mutex.c.obj
                0x20000250                mutex_exit
 .time_critical.flash_init_boot2_copyout
                0x2000029c       0x30 CMakeFiles/blink.dir/F_/RaspberryPI/Pico/pico-sdk/src/rp2_common/hardware_flash/flash.c.obj
 .time_critical.flash_enable_xip_via_boot2
                0x200002cc       0x10 CMakeFiles/blink.dir/F_/RaspberryPI/Pico/pico-sdk/src/rp2_common/hardware_flash/flash.c.obj
 .time_critical.flash_cs_force
                0x200002dc       0x28 CMakeFiles/blink.dir/F_/RaspberryPI/Pico/pico-sdk/src/rp2_common/hardware_flash/flash.c.obj
 .time_critical.flash_do_cmd
                0x20000304       0xd8 CMakeFiles/blink.dir/F_/RaspberryPI/Pico/pico-sdk/src/rp2_common/hardware_flash/flash.c.obj
                0x20000304                flash_do_cmd
 *(.text*)
 .text          0x200003dc        0x4 f:/gnu arm/10 2021.10/bin/../lib/gcc/arm-none-eabi/10.3.1/thumb/v6-m/nofp\libgcc.a(_dvmd_tls.o)
                0x200003dc                __aeabi_idiv0
                0x200003dc                __aeabi_ldiv0
 .text.__stub   0x200003e0       0x40 linker stubs
                0x20000420                . = ALIGN (0x4)
 *(.rodata*)
                0x20000420                . = ALIGN (0x4)
 *(.data*)
 .data.striped_spin_lock_num
                0x20000420        0x1 CMakeFiles/blink.dir/F_/RaspberryPI/Pico/pico-sdk/src/rp2_common/hardware_sync/sync.c.obj
 *fill*         0x20000421        0x3 
 .data          0x20000424       0x48 CMakeFiles/blink.dir/F_/RaspberryPI/Pico/pico-sdk/src/rp2_common/hardware_irq/irq_handler_chain.S.obj
                0x20000424                irq_handler_chain_slots
                0x20000454                irq_handler_chain_first_slot
                0x2000045e                irq_handler_chain_remove_tail
 .data.default_alarm_pool
                0x2000046c       0x18 CMakeFiles/blink.dir/F_/RaspberryPI/Pico/pico-sdk/src/common/pico_time/time.c.obj
 .data.default_alarm_pool_heap
                0x20000484       0x10 CMakeFiles/blink.dir/F_/RaspberryPI/Pico/pico-sdk/src/common/pico_time/time.c.obj
 *fill*         0x20000494        0xc 
 .data.aeabi_bits_funcs
                0x200004a0       0x10 CMakeFiles/blink.dir/F_/RaspberryPI/Pico/pico-sdk/src/rp2_common/pico_bit_ops/bit_ops_aeabi.S.obj
                0x200004a0                aeabi_bits_funcs
                0x200004b0                aeabi_bits_funcs_end
 .data.aeabi_mem_funcs
                0x200004b0       0x10 CMakeFiles/blink.dir/F_/RaspberryPI/Pico/pico-sdk/src/rp2_common/pico_mem_ops/mem_ops_aeabi.S.obj
                0x200004b0                aeabi_mem_funcs
                0x200004c0                aeabi_mem_funcs_end
 .data.stdio_usb
                0x200004c0       0x14 CMakeFiles/blink.dir/F_/RaspberryPI/Pico/pico-sdk/src/rp2_common/pico_stdio_usb/stdio_usb.c.obj
                0x200004c0                stdio_usb
 .data.ep_dir_string
                0x200004d4        0x8 CMakeFiles/blink.dir/F_/RaspberryPI/Pico/pico-sdk/lib/tinyusb/src/portable/raspberrypi/rp2040/rp2040_usb.c.obj
                0x200004d4                ep_dir_string
 .data._usbd_qdef
                0x200004dc       0x24 CMakeFiles/blink.dir/F_/RaspberryPI/Pico/pico-sdk/lib/tinyusb/src/device/usbd.c.obj
                0x200004dc                _usbd_qdef
                0x20000500                . = ALIGN (0x4)
 *(.after_data.*)
                0x20000500                . = ALIGN (0x4)
                0x20000500                PROVIDE (__mutex_array_start = .)
 *(SORT_BY_NAME(.mutex_array.*))
 *(.mutex_array)
 .mutex_array   0x20000500        0x8 CMakeFiles/blink.dir/F_/RaspberryPI/Pico/pico-sdk/src/rp2_common/pico_stdio/stdio.c.obj
                0x20000508                PROVIDE (__mutex_array_end = .)
                0x20000508                . = ALIGN (0x4)
                0x20000508                PROVIDE (__preinit_array_start = .)
 *(SORT_BY_NAME(.preinit_array.*))
 .preinit_array.00001
                0x20000508        0x4 CMakeFiles/blink.dir/F_/RaspberryPI/Pico/pico-sdk/src/rp2_common/pico_mem_ops/mem_ops_aeabi.S.obj
 .preinit_array.00010
                0x2000050c        0x4 CMakeFiles/blink.dir/F_/RaspberryPI/Pico/pico-sdk/src/rp2_common/pico_bit_ops/bit_ops_aeabi.S.obj
 .preinit_array.00020
                0x20000510        0x4 CMakeFiles/blink.dir/F_/RaspberryPI/Pico/pico-sdk/src/rp2_common/pico_double/double_aeabi.S.obj
 .preinit_array.00020
                0x20000514        0x4 CMakeFiles/blink.dir/F_/RaspberryPI/Pico/pico-sdk/src/rp2_common/pico_float/float_aeabi.S.obj
 *(.preinit_array)
                0x20000518                PROVIDE (__preinit_array_end = .)
                0x20000518                . = ALIGN (0x4)
                0x20000518                PROVIDE (__init_array_start = .)
 *(SORT_BY_NAME(.init_array.*))
 *(.init_array)
 .init_array    0x20000518        0x4 f:/gnu arm/10 2021.10/bin/../lib/gcc/arm-none-eabi/10.3.1/thumb/v6-m/nofp/crtbegin.o
 .init_array    0x2000051c        0x4 CMakeFiles/blink.dir/F_/RaspberryPI/Pico/pico-sdk/src/rp2_common/pico_unique_id/unique_id.c.obj
                0x20000520                PROVIDE (__init_array_end = .)
                0x20000520                . = ALIGN (0x4)
                [!provide]                PROVIDE (__fini_array_start = .)
 *(SORT_BY_NAME(.fini_array.*))
 *(.fini_array)
                [!provide]                PROVIDE (__fini_array_end = .)
 *(.jcr)
                0x20000520                . = ALIGN (0x4)
                0x20000520                __data_end__ = .

.igot.plt       0x20000520        0x0 load address 0x10008e68
 .igot.plt      0x20000520        0x0 f:/gnu arm/10 2021.10/bin/../lib/gcc/arm-none-eabi/10.3.1/thumb/v6-m/nofp/crtbegin.o

.uninitialized_data
                0x20000520        0x0 load address 0x10008e68
                0x20000520                . = ALIGN (0x4)
 *(.uninitialized_data*)

.scratch_x      0x20040000        0x0 load address 0x10008e68
                0x20040000                __scratch_x_start__ = .
 *(.scratch_x.*)
                0x20040000                . = ALIGN (0x4)
                0x20040000                __scratch_x_end__ = .
                0x10008e68                __scratch_x_source__ = LOADADDR (.scratch_x)

.scratch_y      0x20041000        0x0 load address 0x10008e68
                0x20041000                __scratch_y_start__ = .
 *(.scratch_y.*)
                0x20041000                . = ALIGN (0x4)
                0x20041000                __scratch_y_end__ = .
                0x10008e68                __scratch_y_source__ = LOADADDR (.scratch_y)

.bss            0x20000520      0xd84
                0x20000520                . = ALIGN (0x4)
                0x20000520                __bss_start__ = .
 *(SORT_BY_ALIGNMENT(SORT_BY_NAME(.bss*)))
 .bss.default_alarm_pool_entries
                0x20000520      0x100 CMakeFiles/blink.dir/F_/RaspberryPI/Pico/pico-sdk/src/common/pico_time/time.c.obj
 .bss.last_avail_time.3
                0x20000620        0x8 CMakeFiles/blink.dir/F_/RaspberryPI/Pico/pico-sdk/src/rp2_common/pico_stdio_usb/stdio_usb.c.obj
 .bss           0x20000628       0x1c f:/gnu arm/10 2021.10/bin/../lib/gcc/arm-none-eabi/10.3.1/thumb/v6-m/nofp/crtbegin.o
 .bss._app_driver
                0x20000644        0x4 CMakeFiles/blink.dir/F_/RaspberryPI/Pico/pico-sdk/lib/tinyusb/src/device/usbd.c.obj
 .bss._cdcd_itf
                0x20000648      0x2d8 CMakeFiles/blink.dir/F_/RaspberryPI/Pico/pico-sdk/lib/tinyusb/src/class/cdc/cdc_device.c.obj
 .bss._ctrl_xfer
                0x20000920       0x14 CMakeFiles/blink.dir/F_/RaspberryPI/Pico/pico-sdk/lib/tinyusb/src/device/usbd_control.c.obj
 .bss._ubsd_mutexdef
                0x20000934        0x8 CMakeFiles/blink.dir/F_/RaspberryPI/Pico/pico-sdk/lib/tinyusb/src/device/usbd.c.obj
 .bss._usbd_ctrl_buf
                0x2000093c       0x40 CMakeFiles/blink.dir/F_/RaspberryPI/Pico/pico-sdk/lib/tinyusb/src/device/usbd_control.c.obj
 .bss._usbd_dev
                0x2000097c       0x53 CMakeFiles/blink.dir/F_/RaspberryPI/Pico/pico-sdk/lib/tinyusb/src/device/usbd.c.obj
 *fill*         0x200009cf        0x1 
 .bss._usbd_mutex
                0x200009d0        0x4 CMakeFiles/blink.dir/F_/RaspberryPI/Pico/pico-sdk/lib/tinyusb/src/device/usbd.c.obj
 .bss._usbd_q   0x200009d4        0x4 CMakeFiles/blink.dir/F_/RaspberryPI/Pico/pico-sdk/lib/tinyusb/src/device/usbd.c.obj
 .bss._usbd_qdef_buf
                0x200009d8       0xc0 CMakeFiles/blink.dir/F_/RaspberryPI/Pico/pico-sdk/lib/tinyusb/src/device/usbd.c.obj
                0x200009d8                _usbd_qdef_buf
 .bss.alarm_callbacks
                0x20000a98       0x10 CMakeFiles/blink.dir/F_/RaspberryPI/Pico/pico-sdk/src/rp2_common/hardware_timer/timer.c.obj
 .bss.boot2_copyout
                0x20000aa8      0x100 CMakeFiles/blink.dir/F_/RaspberryPI/Pico/pico-sdk/src/rp2_common/hardware_flash/flash.c.obj
 .bss.claimed   0x20000ba8        0x4 CMakeFiles/blink.dir/F_/RaspberryPI/Pico/pico-sdk/src/rp2_common/hardware_sync/sync.c.obj
 .bss.configured_freq
                0x20000bac       0x28 CMakeFiles/blink.dir/F_/RaspberryPI/Pico/pico-sdk/src/rp2_common/hardware_clocks/clocks.c.obj
 .bss.default_alarm_pool_entry_ids_high
                0x20000bd4       0x10 CMakeFiles/blink.dir/F_/RaspberryPI/Pico/pico-sdk/src/common/pico_time/time.c.obj
 .bss.default_alarm_pool_heap_nodes
                0x20000be4       0x30 CMakeFiles/blink.dir/F_/RaspberryPI/Pico/pico-sdk/src/common/pico_time/time.c.obj
 .bss.desc_str.0
                0x20000c14       0x28 CMakeFiles/blink.dir/F_/RaspberryPI/Pico/pico-sdk/src/rp2_common/pico_stdio_usb/stdio_usb_descriptors.c.obj
 .bss.drivers   0x20000c3c        0x4 CMakeFiles/blink.dir/F_/RaspberryPI/Pico/pico-sdk/src/rp2_common/pico_stdio/stdio.c.obj
 .bss.filter    0x20000c40        0x4 CMakeFiles/blink.dir/F_/RaspberryPI/Pico/pico-sdk/src/rp2_common/pico_stdio/stdio.c.obj
 .bss.hw_endpoints
                0x20000c44      0x400 CMakeFiles/blink.dir/F_/RaspberryPI/Pico/pico-sdk/lib/tinyusb/src/portable/raspberrypi/rp2040/dcd_rp2040.c.obj
 .bss.load_value
                0x20001044        0x4 CMakeFiles/blink.dir/F_/RaspberryPI/Pico/pico-sdk/src/rp2_common/hardware_watchdog/watchdog.c.obj
 .bss.next_buffer_ptr
                0x20001048        0x4 CMakeFiles/blink.dir/F_/RaspberryPI/Pico/pico-sdk/lib/tinyusb/src/portable/raspberrypi/rp2040/dcd_rp2040.c.obj
 .bss.pools     0x2000104c       0x10 CMakeFiles/blink.dir/F_/RaspberryPI/Pico/pico-sdk/src/common/pico_time/time.c.obj
 .bss.retrieved_id
                0x2000105c        0x8 CMakeFiles/blink.dir/F_/RaspberryPI/Pico/pico-sdk/src/rp2_common/pico_unique_id/unique_id.c.obj
 .bss.sd_table  0x20001064      0x100 CMakeFiles/blink.dir/F_/RaspberryPI/Pico/pico-sdk/src/rp2_common/pico_double/double_init_rom.c.obj
                0x20001064                sd_table
 .bss.sf_clz_func
                0x20001164        0x4 CMakeFiles/blink.dir/F_/RaspberryPI/Pico/pico-sdk/src/rp2_common/pico_double/double_init_rom.c.obj
                0x20001164                sf_clz_func
 .bss.sf_table  0x20001168      0x100 CMakeFiles/blink.dir/F_/RaspberryPI/Pico/pico-sdk/src/rp2_common/pico_float/float_init_rom.c.obj
                0x20001168                sf_table
 .bss.sleep_notifier
                0x20001268        0x4 CMakeFiles/blink.dir/F_/RaspberryPI/Pico/pico-sdk/src/common/pico_time/time.c.obj
 .bss.stdio_usb_mutex